******************************************************************************
                  TI ARM Linker PC v20.2.7                     
******************************************************************************
>> Linked Fri Mar 29 12:29:36 2024

OUTPUT FILE NAME:   <Lab8.out>
ENTRY POINT SYMBOL: "_c_int00_noargs"  address: 00003389


MEMORY CONFIGURATION

         name            origin    length      used     unused   attr    fill
----------------------  --------  ---------  --------  --------  ----  --------
  FLASH                 00000000   00040000  000036e4  0003c91c  R  X
  SRAM                  20000000   00008000  000012c9  00006d37  RW X


SEGMENT ALLOCATION MAP

run origin  load origin   length   init length attrs members
----------  ----------- ---------- ----------- ----- -------
00000000    00000000    000036e8   000036e8    r-x
  00000000    00000000    0000026c   0000026c    r-- .intvecs
  0000026c    0000026c    000032fc   000032fc    r-x .text
  00003568    00003568    0000013c   0000013c    r-- .const
  000036a8    000036a8    00000040   00000040    r-- .cinit
20000000    20000000    000012cd   00000000    rw-
  20000000    20000000    0000026c   00000000    rw- .vtable
  20000270    20000270    00001000   00000000    rw- .stack
  20001270    20001270    00000058   00000000    rw- .bss
  200012c8    200012c8    00000005   00000000    rw- .data


SECTION ALLOCATION MAP

 output                                  attributes/
section   page    origin      length       input sections
--------  ----  ----------  ----------   ----------------
.intvecs   0    00000000    0000026c     
                  00000000    0000026c     tm4c123gh6pm_startup_ccs.obj (.intvecs)

.text      0    0000026c    000032fc     
                  0000026c    00000a4e     rtsv7M4_T_le_v4SPD16_eabi.lib : _printfi.c.obj (.text:__TI_printfi)
                  00000cba    00000002                                   : div0.asm.obj (.text)
                  00000cbc    000009d0                                   : e_pow.c.obj (.text:pow)
                  0000168c    00000328     lcd.obj (.text)
                  000019b4    00000270     rtsv7M4_T_le_v4SPD16_eabi.lib : _printfi.c.obj (.text:_pconv_a)
                  00001c24    00000248     Timer.obj (.text)
                  00001e6c    000001d0     rtsv7M4_T_le_v4SPD16_eabi.lib : _printfi.c.obj (.text:_pconv_g)
                  0000203c    000001b6                                   : fd_add_t2.asm.obj (.text)
                  000021f2    00000002     --HOLE-- [fill = 0]
                  000021f4    00000158                                   : e_sqrt.c.obj (.text:sqrt)
                  0000234c    00000144     uart.obj (.text)
                  00002490    0000013c     rtsv7M4_T_le_v4SPD16_eabi.lib : _printfi.c.obj (.text:_pconv_e)
                  000025cc    00000136                                   : fd_div_t2.asm.obj (.text)
                  00002702    00000002     --HOLE-- [fill = 0]
                  00002704    00000124                                   : _printfi.c.obj (.text:fcvt)
                  00002828    00000110     adc.obj (.text)
                  00002938    00000110     rtsv7M4_T_le_v4SPD16_eabi.lib : s_scalbn.c.obj (.text:scalbn)
                  00002a48    000000fc                                   : fd_mul_t2.asm.obj (.text)
                  00002b44    000000d8     main.obj (.text)
                  00002c1c    000000b1     rtsv7M4_T_le_v4SPD16_eabi.lib : _printfi.c.obj (.text:_ltostr)
                  00002ccd    00000001     --HOLE-- [fill = 0]
                  00002cce    0000009c                                   : memcpy_t2.asm.obj (.text)
                  00002d6a    00000096                                   : ull_div_t2.asm.obj (.text)
                  00002e00    00000086                                   : fd_cmp_t2.asm.obj (.text:__aeabi_cdcmple)
                  00002e86    00000086                                   : fd_cmp_t2.asm.obj (.text:__aeabi_cdrcmple)
                  00002f0c    0000007a                                   : memset_t2.asm.obj (.text)
                  00002f86    0000006e                                   : _printfi.c.obj (.text:_mcpy)
                  00002ff4    00000068                                   : copy_decompress_lzss.c.obj (.text:decompress:lzss:__TI_decompress_lzss)
                  0000305c    00000064                                   : s_frexp.c.obj (.text:frexp)
                  000030c0    00000056                                   : _printfi.c.obj (.text:_pconv_f)
                  00003116    00000054                                   : _ltoa.c.obj (.text:__TI_ltoa)
                  0000316a    00000052                                   : _printfi.c.obj (.text:_ecpy)
                  000031bc    0000004c                                   : atoi.c.obj (.text:atoi)
                  00003208    00000048                                   : fd_toi_t2.asm.obj (.text)
                  00003250    00000044                                   : autoinit.c.obj (.text:__TI_auto_init_nobinit_nopinit:__TI_auto_init_nobinit_nopinit)
                  00003294    00000040                                   : sprintf.c.obj (.text:sprintf)
                  000032d4    00000040                                   : vsnprintf.c.obj (.text:vsnprintf)
                  00003314    0000003e                                   : _printfi.c.obj (.text:_fcpy)
                  00003352    00000002     --HOLE-- [fill = 0]
                  00003354    00000034     driverlib.lib : interrupt.obj (.text:IntRegister)
                  00003388    00000034     rtsv7M4_T_le_v4SPD16_eabi.lib : boot_cortex_m.c.obj (.text:_c_int00_noargs:_c_int00_noargs)
                  000033bc    00000030                                   : vsnprintf.c.obj (.text:_outs)
                  000033ec    0000002e                                   : i_tofd_t2.asm.obj (.text)
                  0000341a    00000020                                   : u_tofd_t2.asm.obj (.text)
                  0000343a    0000001c                                   : copy_zero_init.c.obj (.text:decompress:ZI:__TI_zero_init_nomemset:__TI_zero_init_nomemset)
                  00003456    0000001c                                   : memccpy.c.obj (.text:memccpy)
                  00003472    0000001a                                   : s_copysign.c.obj (.text:copysign)
                  0000348c    00000018                                   : vsnprintf.c.obj (.text:_outc)
                  000034a4    00000018                                   : sprintf.c.obj (.text:_outs)
                  000034bc    00000018                                   : strcmp.c.obj (.text:strcmp)
                  000034d4    00000016                                   : strchr.c.obj (.text:strchr)
                  000034ea    00000014                                   : strcpy.c.obj (.text:strcpy)
                  000034fe    00000014                                   : strlen.c.obj (.text:strlen)
                  00003512    00000012                                   : wcslen.c.obj (.text:wcslen)
                  00003524    00000010     lcd.obj (.text:lcd_clear)
                  00003534    0000000e     rtsv7M4_T_le_v4SPD16_eabi.lib : copy_decompress_none.c.obj (.text:decompress:none:__TI_decompress_none)
                  00003542    0000000c     tm4c123gh6pm_startup_ccs.obj (.text)
                  0000354e    0000000a     rtsv7M4_T_le_v4SPD16_eabi.lib : sprintf.c.obj (.text:_outc)
                  00003558    00000008                                   : errno.c.obj (.text:__aeabi_errno_addr)
                  00003560    00000004                                   : pre_init.c.obj (.text:_system_pre_init)
                  00003564    00000004                                   : exit.c.obj (.text:abort:abort)

.const     0    00003568    0000013c     
                  00003568    00000101     rtsv7M4_T_le_v4SPD16_eabi.lib : ctype.c.obj (.const:.string:_ctypes_)
                  00003669    00000004     lcd.obj (.const:.string:lineAddress$1)
                  0000366d    00000003     --HOLE-- [fill = 0]
                  00003670    00000030     rtsv7M4_T_le_v4SPD16_eabi.lib : e_pow.c.obj (.const:$O1$$)
                  000036a0    00000004     lcd.obj (.const:.string:lineAddresses$2)

.cinit     0    000036a8    00000040     
                  000036a8    0000000c     (__TI_handler_table)
                  000036b4    00000004     --HOLE-- [fill = 0]
                  000036b8    00000008     (.cinit..bss.load) [load image, compression = zero_init]
                  000036c0    00000008     (.cinit..vtable.load) [load image, compression = zero_init]
                  000036c8    00000007     (.cinit..data.load) [load image, compression = lzss]
                  000036cf    00000001     --HOLE-- [fill = 0]
                  000036d0    00000018     (__TI_cinit_table)

.init_array 
*          0    00000000    00000000     UNINITIALIZED

.vtable    0    20000000    0000026c     UNINITIALIZED
                  20000000    0000026c     driverlib.lib : interrupt.obj (.vtable)

.bss       0    20001270    00000058     UNINITIALIZED
                  20001270    00000054     lcd.obj (.bss:lastbuffer$3)
                  200012c4    00000004     (.common:_timeout_ticks)

.data      0    200012c8    00000005     UNINITIALIZED
                  200012c8    00000004     rtsv7M4_T_le_v4SPD16_eabi.lib : errno.c.obj (.data)
                  200012cc    00000001     Timer.obj (.data)

.stack     0    20000270    00001000     UNINITIALIZED
                  20000270    00000004     rtsv7M4_T_le_v4SPD16_eabi.lib : boot_cortex_m.c.obj (.stack)
                  20000274    00000ffc     --HOLE--

__llvm_prf_cnts 
*          0    20000000    00000000     UNINITIALIZED

MODULE SUMMARY

       Module                         code    ro data   rw data
       ------                         ----    -------   -------
    .\
       lcd.obj                        824     8         84     
       tm4c123gh6pm_startup_ccs.obj   12      620       0      
       Timer.obj                      584     0         5      
       uart.obj                       324     0         0      
       adc.obj                        272     0         0      
       main.obj                       216     0         0      
    +--+------------------------------+-------+---------+---------+
       Total:                         2232    628       89     
                                                               
    C:/ti/TivaWare_C_Series-2.2.0.295/driverlib/ccs/Debug/driverlib.lib
       interrupt.obj                  52      0         620    
    +--+------------------------------+-------+---------+---------+
       Total:                         52      0         620    
                                                               
    C:\ti\ccs1230\ccs\tools\compiler\ti-cgt-arm_20.2.7.LTS\lib\rtsv7M4_T_le_v4SPD16_eabi.lib
       _printfi.c.obj                 4851    0         0      
       e_pow.c.obj                    2512    48        0      
       fd_add_t2.asm.obj              438     0         0      
       e_sqrt.c.obj                   344     0         0      
       fd_div_t2.asm.obj              310     0         0      
       s_scalbn.c.obj                 272     0         0      
       fd_cmp_t2.asm.obj              268     0         0      
       ctype.c.obj                    0       257       0      
       fd_mul_t2.asm.obj              252     0         0      
       memcpy_t2.asm.obj              156     0         0      
       ull_div_t2.asm.obj             150     0         0      
       vsnprintf.c.obj                136     0         0      
       memset_t2.asm.obj              122     0         0      
       copy_decompress_lzss.c.obj     104     0         0      
       s_frexp.c.obj                  100     0         0      
       sprintf.c.obj                  98      0         0      
       _ltoa.c.obj                    84      0         0      
       atoi.c.obj                     76      0         0      
       fd_toi_t2.asm.obj              72      0         0      
       autoinit.c.obj                 68      0         0      
       boot_cortex_m.c.obj            52      0         0      
       i_tofd_t2.asm.obj              46      0         0      
       u_tofd_t2.asm.obj              32      0         0      
       copy_zero_init.c.obj           28      0         0      
       memccpy.c.obj                  28      0         0      
       s_copysign.c.obj               26      0         0      
       strcmp.c.obj                   24      0         0      
       strchr.c.obj                   22      0         0      
       strcpy.c.obj                   20      0         0      
       strlen.c.obj                   20      0         0      
       wcslen.c.obj                   18      0         0      
       copy_decompress_none.c.obj     14      0         0      
       errno.c.obj                    8       0         4      
       exit.c.obj                     4       0         0      
       pre_init.c.obj                 4       0         0      
       div0.asm.obj                   2       0         0      
    +--+------------------------------+-------+---------+---------+
       Total:                         10761   305       4      
                                                               
       Stack:                         0       0         4096   
       Linker Generated:              0       59        0      
    +--+------------------------------+-------+---------+---------+
       Grand Total:                   13045   992       4809   


LINKER GENERATED COPY TABLES

__TI_cinit_table @ 000036d0 records: 3, size/record: 8, table size: 24
	.bss: load addr=000036b8, load size=00000008 bytes, run addr=20001270, run size=00000058 bytes, compression=zero_init
	.vtable: load addr=000036c0, load size=00000008 bytes, run addr=20000000, run size=0000026c bytes, compression=zero_init
	.data: load addr=000036c8, load size=00000007 bytes, run addr=200012c8, run size=00000005 bytes, compression=lzss


LINKER GENERATED HANDLER TABLE

__TI_handler_table @ 000036a8 records: 3, size/record: 4, table size: 12
	index: 0, handler: __TI_zero_init
	index: 1, handler: __TI_decompress_lzss
	index: 2, handler: __TI_decompress_none


GLOBAL SYMBOLS: SORTED ALPHABETICALLY BY Name 

address   name                          
-------   ----                          
00003565  C$$EXIT                       
00003355  IntRegister                   
00003543  ResetISR                      
20001270  __STACK_END                   
00001000  __STACK_SIZE                  
20000470  __STACK_TOP                   
000036d0  __TI_CINIT_Base               
000036e8  __TI_CINIT_Limit              
000036a8  __TI_Handler_Table_Base       
000036b4  __TI_Handler_Table_Limit      
00003251  __TI_auto_init_nobinit_nopinit
00002ff5  __TI_decompress_lzss          
00003535  __TI_decompress_none          
00003117  __TI_ltoa                     
ffffffff  __TI_pprof_out_hndl           
0000026d  __TI_printfi                  
ffffffff  __TI_prof_data_size           
ffffffff  __TI_prof_data_start          
00000000  __TI_static_base__            
0000343b  __TI_zero_init_nomemset       
00002e01  __aeabi_cdcmpeq               
00002e01  __aeabi_cdcmple               
00002e87  __aeabi_cdrcmple              
00003209  __aeabi_d2iz                  
00002047  __aeabi_dadd                  
000025cd  __aeabi_ddiv                  
00002a49  __aeabi_dmul                  
0000203d  __aeabi_dsub                  
00003559  __aeabi_errno_addr            
000033ed  __aeabi_i2d                   
00000cbb  __aeabi_idiv0                 
00000cbb  __aeabi_ldiv0                 
00002f0d  __aeabi_memclr                
00002f0d  __aeabi_memclr4               
00002f0d  __aeabi_memclr8               
00002ccf  __aeabi_memcpy                
00002ccf  __aeabi_memcpy4               
00002ccf  __aeabi_memcpy8               
00002f0f  __aeabi_memset                
00002f0f  __aeabi_memset4               
00002f0f  __aeabi_memset8               
0000341b  __aeabi_ui2d                  
00002d6b  __aeabi_uldivmod              
ffffffff  __binit__                     
ffffffff  __c_args__                    
UNDEFED   __mpu_init                    
20000270  __stack                       
20000000  __start___llvm_prf_cnts       
20000000  __stop___llvm_prf_cnts        
00003389  _c_int00_noargs               
00003568  _ctypes_                      
200012cc  _running                      
UNDEFED   _system_post_cinit            
00003561  _system_pre_init              
200012c4  _timeout_ticks                
00003565  abort                         
00002829  adc_init                      
000028c5  adc_read                      
000031bd  atoi                          
ffffffff  binit                         
00003473  copysign                      
00003473  copysignl                     
200012c8  errno                         
0000305d  frexp                         
0000305d  frexpl                        
20000000  g_pfnRAMVectors               
00000000  g_pfnVectors                  
00003525  lcd_clear                     
00001861  lcd_gotoLine                  
000016c9  lcd_init                      
000018c7  lcd_printf                    
00001789  lcd_putc                      
000017c1  lcd_puts                      
0000168d  lcd_reverseNibble             
000017df  lcd_sendCommand               
0000181d  lcd_sendNibble                
00001889  lcd_setCursorPos              
00002939  ldexp                         
00002939  ldexpl                        
00002b45  main                          
00003457  memccpy                       
00002ccf  memcpy                        
00002f15  memset                        
00000cbd  pow                           
00000cbd  powl                          
00002939  scalbn                        
00002939  scalbnl                       
00003295  sprintf                       
000021f5  sqrt                          
000021f5  sqrtl                         
000034d5  strchr                        
000034bd  strcmp                        
000034eb  strcpy                        
000034ff  strlen                        
00001d43  timer_getMicros               
00001ceb  timer_getMillis               
00001c25  timer_init                    
00001cc7  timer_pause                   
00001cd9  timer_resume                  
00001c9d  timer_stop                    
00001d9d  timer_waitMicros              
00001dcf  timer_waitMillis              
0000234d  uart_init                     
000023f1  uart_receive                  
00002417  uart_receive_nonblocking      
000023d5  uart_sendChar                 
00002439  uart_sendStr                  
000032d5  vsnprintf                     
00003513  wcslen                        


GLOBAL SYMBOLS: SORTED BY Symbol Address 

address   name                          
-------   ----                          
00000000  __TI_static_base__            
00000000  g_pfnVectors                  
0000026d  __TI_printfi                  
00000cbb  __aeabi_idiv0                 
00000cbb  __aeabi_ldiv0                 
00000cbd  pow                           
00000cbd  powl                          
00001000  __STACK_SIZE                  
0000168d  lcd_reverseNibble             
000016c9  lcd_init                      
00001789  lcd_putc                      
000017c1  lcd_puts                      
000017df  lcd_sendCommand               
0000181d  lcd_sendNibble                
00001861  lcd_gotoLine                  
00001889  lcd_setCursorPos              
000018c7  lcd_printf                    
00001c25  timer_init                    
00001c9d  timer_stop                    
00001cc7  timer_pause                   
00001cd9  timer_resume                  
00001ceb  timer_getMillis               
00001d43  timer_getMicros               
00001d9d  timer_waitMicros              
00001dcf  timer_waitMillis              
0000203d  __aeabi_dsub                  
00002047  __aeabi_dadd                  
000021f5  sqrt                          
000021f5  sqrtl                         
0000234d  uart_init                     
000023d5  uart_sendChar                 
000023f1  uart_receive                  
00002417  uart_receive_nonblocking      
00002439  uart_sendStr                  
000025cd  __aeabi_ddiv                  
00002829  adc_init                      
000028c5  adc_read                      
00002939  ldexp                         
00002939  ldexpl                        
00002939  scalbn                        
00002939  scalbnl                       
00002a49  __aeabi_dmul                  
00002b45  main                          
00002ccf  __aeabi_memcpy                
00002ccf  __aeabi_memcpy4               
00002ccf  __aeabi_memcpy8               
00002ccf  memcpy                        
00002d6b  __aeabi_uldivmod              
00002e01  __aeabi_cdcmpeq               
00002e01  __aeabi_cdcmple               
00002e87  __aeabi_cdrcmple              
00002f0d  __aeabi_memclr                
00002f0d  __aeabi_memclr4               
00002f0d  __aeabi_memclr8               
00002f0f  __aeabi_memset                
00002f0f  __aeabi_memset4               
00002f0f  __aeabi_memset8               
00002f15  memset                        
00002ff5  __TI_decompress_lzss          
0000305d  frexp                         
0000305d  frexpl                        
00003117  __TI_ltoa                     
000031bd  atoi                          
00003209  __aeabi_d2iz                  
00003251  __TI_auto_init_nobinit_nopinit
00003295  sprintf                       
000032d5  vsnprintf                     
00003355  IntRegister                   
00003389  _c_int00_noargs               
000033ed  __aeabi_i2d                   
0000341b  __aeabi_ui2d                  
0000343b  __TI_zero_init_nomemset       
00003457  memccpy                       
00003473  copysign                      
00003473  copysignl                     
000034bd  strcmp                        
000034d5  strchr                        
000034eb  strcpy                        
000034ff  strlen                        
00003513  wcslen                        
00003525  lcd_clear                     
00003535  __TI_decompress_none          
00003543  ResetISR                      
00003559  __aeabi_errno_addr            
00003561  _system_pre_init              
00003565  C$$EXIT                       
00003565  abort                         
00003568  _ctypes_                      
000036a8  __TI_Handler_Table_Base       
000036b4  __TI_Handler_Table_Limit      
000036d0  __TI_CINIT_Base               
000036e8  __TI_CINIT_Limit              
20000000  __start___llvm_prf_cnts       
20000000  __stop___llvm_prf_cnts        
20000000  g_pfnRAMVectors               
20000270  __stack                       
20000470  __STACK_TOP                   
20001270  __STACK_END                   
200012c4  _timeout_ticks                
200012c8  errno                         
200012cc  _running                      
ffffffff  __TI_pprof_out_hndl           
ffffffff  __TI_prof_data_size           
ffffffff  __TI_prof_data_start          
ffffffff  __binit__                     
ffffffff  __c_args__                    
ffffffff  binit                         
UNDEFED   __mpu_init                    
UNDEFED   _system_post_cinit            

[109 symbols]
