******************************************************************************
                  TI ARM Linker PC v20.2.7                     
******************************************************************************
>> Linked Wed Mar 20 19:49:18 2024

OUTPUT FILE NAME:   <Lab7.out>
ENTRY POINT SYMBOL: "_c_int00_noargs"  address: 000054d9


MEMORY CONFIGURATION

         name            origin    length      used     unused   attr    fill
----------------------  --------  ---------  --------  --------  ----  --------
  FLASH                 00000000   00040000  00005a77  0003a589  R  X
  SRAM                  20000000   00008000  00002686  0000597a  RW X


SEGMENT ALLOCATION MAP

run origin  load origin   length   init length attrs members
----------  ----------- ---------- ----------- ----- -------
00000000    00000000    00005a80   00005a80    r-x
  00000000    00000000    0000026c   0000026c    r-- .intvecs
  0000026c    0000026c    000054c0   000054c0    r-x .text
  00005730    00005730    000002f3   000002f3    r-- .const
  00005a28    00005a28    00000058   00000058    r-- .cinit
20000000    20000000    0000268d   00000000    rw-
  20000000    20000000    0000026c   00000000    rw- .vtable
  20000270    20000270    00001000   00000000    rw- .stack
  20001270    20001270    00001000   00000000    rw- .sysmem
  20002270    20002270    000003d1   00000000    rw- .bss
  20002644    20002644    00000049   00000000    rw- .data


SECTION ALLOCATION MAP

 output                                  attributes/
section   page    origin      length       input sections
--------  ----  ----------  ----------   ----------------
.intvecs   0    00000000    0000026c     
                  00000000    0000026c     tm4c123gh6pm_startup_ccs.obj (.intvecs)

.text      0    0000026c    000054c0     
                  0000026c    00000c20     open_interface.obj (.text)
                  00000e8c    00000a4e     rtsv7M4_T_le_v4SPD16_eabi.lib : _printfi.c.obj (.text:__TI_printfi)
                  000018da    00000002                                   : _lock.c.obj (.text:_nop)
                  000018dc    00000738                                   : k_rem_pio2.c.obj (.text:__kernel_rem_pio2)
                  00002014    00000508                                   : s_tan.c.obj (.text:tan)
                  0000251c    000003f8     lab7_template.obj (.text)
                  00002914    00000328     lcd.obj (.text)
                  00002c3c    00000324     movement.obj (.text)
                  00002f60    0000031c     rtsv7M4_T_le_v4SPD16_eabi.lib : k_tan.c.obj (.text:__kernel_tan)
                  0000327c    00000270                                   : _printfi.c.obj (.text:_pconv_a)
                  000034ec    00000260     libcybotScan.lib : cyBot_Scan.obj (.text)
                  0000374c    00000248     Timer.obj (.text)
                  00003994    00000224     uart-interrupt.obj (.text)
                  00003bb8    000001ec     libcybotScan.lib : ping.obj (.text)
                  00003da4    000001d0     rtsv7M4_T_le_v4SPD16_eabi.lib : _printfi.c.obj (.text:_pconv_g)
                  00003f74    000001b6                                   : fd_add_t2.asm.obj (.text)
                  0000412a    00000002                                   : div0.asm.obj (.text)
                  0000412c    00000158     libcybotScan.lib : servo.obj (.text)
                  00004284    0000013c     rtsv7M4_T_le_v4SPD16_eabi.lib : _printfi.c.obj (.text:_pconv_e)
                  000043c0    00000136                                   : fd_div_t2.asm.obj (.text)
                  000044f6    00000002     --HOLE-- [fill = 0]
                  000044f8    00000124                                   : _printfi.c.obj (.text:fcvt)
                  0000461c    00000118     libcybotScan.lib : ir.obj (.text)
                  00004734    00000110     rtsv7M4_T_le_v4SPD16_eabi.lib : s_scalbn.c.obj (.text:scalbn)
                  00004844    00000100                                   : memory.c.obj (.text:aligned_alloc)
                  00004944    000000fc                                   : fd_mul_t2.asm.obj (.text)
                  00004a40    000000f8                                   : s_floor.c.obj (.text:floor)
                  00004b38    000000e4                                   : memory.c.obj (.text:free)
                  00004c1c    000000b1                                   : _printfi.c.obj (.text:_ltostr)
                  00004ccd    00000001     --HOLE-- [fill = 0]
                  00004cce    0000009c                                   : memcpy_t2.asm.obj (.text)
                  00004d6a    00000096                                   : ull_div_t2.asm.obj (.text)
                  00004e00    00000086                                   : fd_cmp_t2.asm.obj (.text:__aeabi_cdcmple)
                  00004e86    00000086                                   : fd_cmp_t2.asm.obj (.text:__aeabi_cdrcmple)
                  00004f0c    0000007a                                   : memset_t2.asm.obj (.text)
                  00004f86    00000002     --HOLE-- [fill = 0]
                  00004f88    00000070                                   : memory.c.obj (.text:split)
                  00004ff8    0000006e                                   : _printfi.c.obj (.text:_mcpy)
                  00005066    0000006e                                   : fd_tos_t2.asm.obj (.text)
                  000050d4    00000068                                   : copy_decompress_lzss.c.obj (.text:decompress:lzss:__TI_decompress_lzss)
                  0000513c    00000064                                   : s_frexp.c.obj (.text:frexp)
                  000051a0    00000056                                   : _printfi.c.obj (.text:_pconv_f)
                  000051f6    00000054                                   : _ltoa.c.obj (.text:__TI_ltoa)
                  0000524a    00000052                                   : _printfi.c.obj (.text:_ecpy)
                  0000529c    0000004c                                   : atoi.c.obj (.text:atoi)
                  000052e8    00000048                                   : fd_toi_t2.asm.obj (.text)
                  00005330    00000044                                   : autoinit.c.obj (.text:__TI_auto_init_nobinit_nopinit:__TI_auto_init_nobinit_nopinit)
                  00005374    00000040                                   : sprintf.c.obj (.text:sprintf)
                  000053b4    00000040                                   : vsnprintf.c.obj (.text:vsnprintf)
                  000053f4    0000003e                                   : _printfi.c.obj (.text:_fcpy)
                  00005432    00000002     --HOLE-- [fill = 0]
                  00005434    00000038                                   : memory.c.obj (.text:calloc)
                  0000546c    00000038                                   : fs_tod_t2.asm.obj (.text)
                  000054a4    00000034     driverlib.lib : interrupt.obj (.text:IntRegister)
                  000054d8    00000034     rtsv7M4_T_le_v4SPD16_eabi.lib : boot_cortex_m.c.obj (.text:_c_int00_noargs:_c_int00_noargs)
                  0000550c    00000030                                   : vsnprintf.c.obj (.text:_outs)
                  0000553c    0000002e                                   : i_tofd_t2.asm.obj (.text)
                  0000556a    00000002     --HOLE-- [fill = 0]
                  0000556c    00000028                                   : memory.c.obj (.text:free_list_insert)
                  00005594    00000020                                   : u_tofd_t2.asm.obj (.text)
                  000055b4    0000001c                                   : memory.c.obj (.text:free_list_remove)
                  000055d0    0000001c                                   : memccpy.c.obj (.text:memccpy)
                  000055ec    0000001a                                   : s_copysign.c.obj (.text:copysign)
                  00005606    00000018                                   : vsnprintf.c.obj (.text:_outc)
                  0000561e    00000018                                   : sprintf.c.obj (.text:_outs)
                  00005636    00000018     open_interface.obj (.text:oi_parseInt)
                  0000564e    00000018     rtsv7M4_T_le_v4SPD16_eabi.lib : strcmp.c.obj (.text:strcmp)
                  00005666    00000016                                   : strchr.c.obj (.text:strchr)
                  0000567c    00000014                                   : strcpy.c.obj (.text:strcpy)
                  00005690    00000014                                   : strlen.c.obj (.text:strlen)
                  000056a4    00000012                                   : wcslen.c.obj (.text:wcslen)
                  000056b6    00000010     driverlib.lib : interrupt.obj (.text:IntMasterEnable)
                  000056c6    00000010     lcd.obj (.text:lcd_clear)
                  000056d6    0000000e     rtsv7M4_T_le_v4SPD16_eabi.lib : copy_decompress_none.c.obj (.text:decompress:none:__TI_decompress_none)
                  000056e4    0000000c     driverlib.lib : cpu.obj (.text:CPUcpsie)
                  000056f0    0000000c     rtsv7M4_T_le_v4SPD16_eabi.lib : copy_zero_init.c.obj (.text:decompress:ZI:__TI_zero_init)
                  000056fc    0000000c     tm4c123gh6pm_startup_ccs.obj (.text)
                  00005708    0000000a     rtsv7M4_T_le_v4SPD16_eabi.lib : sprintf.c.obj (.text:_outc)
                  00005712    00000002     --HOLE-- [fill = 0]
                  00005714    00000008                                   : errno.c.obj (.text:__aeabi_errno_addr)
                  0000571c    00000008                                   : memory.c.obj (.text:malloc)
                  00005724    00000004                                   : pre_init.c.obj (.text:_system_pre_init)
                  00005728    00000004                                   : exit.c.obj (.text:abort:abort)

.const     0    00005730    000002f3     
                  00005730    00000158     rtsv7M4_T_le_v4SPD16_eabi.lib : k_rem_pio2.c.obj (.const:$O1$$)
                  00005888    00000101                                   : ctype.c.obj (.const:.string:_ctypes_)
                  00005989    00000004     lcd.obj (.const:.string:lineAddress$1)
                  0000598d    00000003     --HOLE-- [fill = 0]
                  00005990    00000080     rtsv7M4_T_le_v4SPD16_eabi.lib : k_tan.c.obj (.const:xxx)
                  00005a10    0000000f     open_interface.obj (.const:.string:$P$T0$3)
                  00005a1f    00000004     lcd.obj (.const:.string:lineAddresses$2)

.cinit     0    00005a28    00000058     
                  00005a28    0000001f     (.cinit..data.load) [load image, compression = lzss]
                  00005a47    00000001     --HOLE-- [fill = 0]
                  00005a48    0000000c     (__TI_handler_table)
                  00005a54    00000004     --HOLE-- [fill = 0]
                  00005a58    00000008     (.cinit..bss.load) [load image, compression = zero_init]
                  00005a60    00000008     (.cinit..vtable.load) [load image, compression = zero_init]
                  00005a68    00000018     (__TI_cinit_table)

.init_array 
*          0    00000000    00000000     UNINITIALIZED

.vtable    0    20000000    0000026c     UNINITIALIZED
                  20000000    0000026c     driverlib.lib : interrupt.obj (.vtable)

.stack     0    20000270    00001000     UNINITIALIZED
                  20000270    00000004     rtsv7M4_T_le_v4SPD16_eabi.lib : boot_cortex_m.c.obj (.stack)
                  20000274    00000ffc     --HOLE--

.sysmem    0    20001270    00001000     UNINITIALIZED
                  20001270    00000010     rtsv7M4_T_le_v4SPD16_eabi.lib : memory.c.obj (.sysmem)
                  20001280    00000ff0     --HOLE--

.bss       0    20002270    000003d1     UNINITIALIZED
                  20002270    000002d0     (.common:array)
                  20002540    00000054     lcd.obj (.bss:lastbuffer$3)
                  20002594    00000028     (.common:ang)
                  200025bc    00000028     (.common:dist)
                  200025e4    00000028     (.common:widths)
                  2000260c    00000018     open_interface.obj (.bss:firmware$2)
                  20002624    00000004     (.common:_timeout_ticks)
                  20002628    00000004     (.common:fallingEdge)
                  2000262c    00000004     (.common:isr_int_value)
                  20002630    00000004     (.common:left_calibration_value)
                  20002634    00000004     (.common:pulseLength)
                  20002638    00000004     (.common:right_calibration_value)
                  2000263c    00000004     (.common:risingEdge)
                  20002640    00000001     (.common:isRisingEdge)

.data      0    20002644    00000049     UNINITIALIZED
                  20002644    00000020     open_interface.obj (.data)
                  20002664    00000008     rtsv7M4_T_le_v4SPD16_eabi.lib : _lock.c.obj (.data:$O1$$)
                  2000266c    00000008                                   : memory.c.obj (.data:$O1$$)
                  20002674    00000008     lab7_template.obj (.data)
                  2000267c    00000008     uart-interrupt.obj (.data)
                  20002684    00000004     libcybotScan.lib : cyBot_Scan.obj (.data)
                  20002688    00000004     rtsv7M4_T_le_v4SPD16_eabi.lib : errno.c.obj (.data)
                  2000268c    00000001     Timer.obj (.data)

__llvm_prf_cnts 
*          0    20000000    00000000     UNINITIALIZED

MODULE SUMMARY

       Module                         code    ro data   rw data
       ------                         ----    -------   -------
    .\
       open_interface.obj             3128    15        56     
       lab7_template.obj              1016    0         856    
       lcd.obj                        824     8         84     
       movement.obj                   804     0         0      
       tm4c123gh6pm_startup_ccs.obj   12      620       0      
       Timer.obj                      584     0         5      
       uart-interrupt.obj             548     0         8      
    +--+------------------------------+-------+---------+---------+
       Total:                         6916    643       1009   
                                                               
    ../libcybotScan.lib
       cyBot_Scan.obj                 608     0         4      
       ping.obj                       492     0         13     
       servo.obj                      344     0         0      
       ir.obj                         280     0         4      
    +--+------------------------------+-------+---------+---------+
       Total:                         1724    0         21     
                                                               
    C:/ti/TivaWare_C_Series-2.2.0.295/driverlib/ccs/Debug/driverlib.lib
       interrupt.obj                  68      0         620    
       cpu.obj                        12      0         0      
    +--+------------------------------+-------+---------+---------+
       Total:                         80      0         620    
                                                               
    C:\ti\ccs1230\ccs\tools\compiler\ti-cgt-arm_20.2.7.LTS\lib\rtsv7M4_T_le_v4SPD16_eabi.lib
       _printfi.c.obj                 4851    0         0      
       k_rem_pio2.c.obj               1848    344       0      
       s_tan.c.obj                    1288    0         0      
       k_tan.c.obj                    796     128       0      
       memory.c.obj                   728     0         8      
       fd_add_t2.asm.obj              438     0         0      
       fd_div_t2.asm.obj              310     0         0      
       s_scalbn.c.obj                 272     0         0      
       fd_cmp_t2.asm.obj              268     0         0      
       ctype.c.obj                    0       257       0      
       fd_mul_t2.asm.obj              252     0         0      
       s_floor.c.obj                  248     0         0      
       memcpy_t2.asm.obj              156     0         0      
       ull_div_t2.asm.obj             150     0         0      
       vsnprintf.c.obj                136     0         0      
       memset_t2.asm.obj              122     0         0      
       fd_tos_t2.asm.obj              110     0         0      
       copy_decompress_lzss.c.obj     104     0         0      
       s_frexp.c.obj                  100     0         0      
       sprintf.c.obj                  98      0         0      
       _ltoa.c.obj                    84      0         0      
       atoi.c.obj                     76      0         0      
       fd_toi_t2.asm.obj              72      0         0      
       autoinit.c.obj                 68      0         0      
       fs_tod_t2.asm.obj              56      0         0      
       boot_cortex_m.c.obj            52      0         0      
       i_tofd_t2.asm.obj              46      0         0      
       u_tofd_t2.asm.obj              32      0         0      
       memccpy.c.obj                  28      0         0      
       s_copysign.c.obj               26      0         0      
       strcmp.c.obj                   24      0         0      
       strchr.c.obj                   22      0         0      
       strcpy.c.obj                   20      0         0      
       strlen.c.obj                   20      0         0      
       wcslen.c.obj                   18      0         0      
       copy_decompress_none.c.obj     14      0         0      
       copy_zero_init.c.obj           12      0         0      
       errno.c.obj                    8       0         4      
       _lock.c.obj                    2       0         8      
       exit.c.obj                     4       0         0      
       pre_init.c.obj                 4       0         0      
       div0.asm.obj                   2       0         0      
    +--+------------------------------+-------+---------+---------+
       Total:                         12965   729       20     
                                                               
       Heap:                          0       0         4096   
       Stack:                         0       0         4096   
       Linker Generated:              0       83        0      
    +--+------------------------------+-------+---------+---------+
       Grand Total:                   21685   1455      9862   


LINKER GENERATED COPY TABLES

__TI_cinit_table @ 00005a68 records: 3, size/record: 8, table size: 24
	.data: load addr=00005a28, load size=0000001f bytes, run addr=20002644, run size=00000049 bytes, compression=lzss
	.bss: load addr=00005a58, load size=00000008 bytes, run addr=20002270, run size=000003d1 bytes, compression=zero_init
	.vtable: load addr=00005a60, load size=00000008 bytes, run addr=20000000, run size=0000026c bytes, compression=zero_init


LINKER GENERATED HANDLER TABLE

__TI_handler_table @ 00005a48 records: 3, size/record: 4, table size: 12
	index: 0, handler: __TI_zero_init
	index: 1, handler: __TI_decompress_lzss
	index: 2, handler: __TI_decompress_none


GLOBAL SYMBOLS: SORTED ALPHABETICALLY BY Name 

address   name                          
-------   ----                          
000046b5  ADC0SS0_Handler               
00005729  C$$EXIT                       
000056e5  CPUcpsie                      
00000bc3  GPIOF_Handler                 
000056b7  IntMasterEnable               
000054a5  IntRegister                   
000056fd  ResetISR                      
00003ca9  TIMER3B_Handler               
00003af3  UART1_Handler                 
20001270  __STACK_END                   
00001000  __STACK_SIZE                  
20000470  __STACK_TOP                   
00001000  __SYSMEM_SIZE                 
00005a68  __TI_CINIT_Base               
00005a80  __TI_CINIT_Limit              
00005a48  __TI_Handler_Table_Base       
00005a54  __TI_Handler_Table_Limit      
00005331  __TI_auto_init_nobinit_nopinit
000050d5  __TI_decompress_lzss          
000056d7  __TI_decompress_none          
000051f7  __TI_ltoa                     
ffffffff  __TI_pprof_out_hndl           
00000e8d  __TI_printfi                  
ffffffff  __TI_prof_data_size           
ffffffff  __TI_prof_data_start          
00000000  __TI_static_base__            
000056f1  __TI_zero_init                
00004e01  __aeabi_cdcmpeq               
00004e01  __aeabi_cdcmple               
00004e87  __aeabi_cdrcmple              
00005067  __aeabi_d2f                   
000052e9  __aeabi_d2iz                  
00003f7f  __aeabi_dadd                  
000043c1  __aeabi_ddiv                  
00004945  __aeabi_dmul                  
00003f75  __aeabi_dsub                  
00005715  __aeabi_errno_addr            
0000546d  __aeabi_f2d                   
0000553d  __aeabi_i2d                   
0000412b  __aeabi_idiv0                 
0000412b  __aeabi_ldiv0                 
00004f0d  __aeabi_memclr                
00004f0d  __aeabi_memclr4               
00004f0d  __aeabi_memclr8               
00004ccf  __aeabi_memcpy                
00004ccf  __aeabi_memcpy4               
00004ccf  __aeabi_memcpy8               
00004f0f  __aeabi_memset                
00004f0f  __aeabi_memset4               
00004f0f  __aeabi_memset8               
00005595  __aeabi_ui2d                  
00004d6b  __aeabi_uldivmod              
ffffffff  __binit__                     
ffffffff  __c_args__                    
000018dd  __kernel_rem_pio2             
00002f61  __kernel_tan                  
UNDEFED   __mpu_init                    
20000270  __stack                       
20000000  __start___llvm_prf_cnts       
20000000  __stop___llvm_prf_cnts        
000054d9  _c_int00_noargs               
00005888  _ctypes_                      
20002664  _lock                         
000018db  _nop                          
2000268c  _running                      
20001270  _sys_memory                   
UNDEFED   _system_post_cinit            
00005725  _system_pre_init              
20002624  _timeout_ticks                
20002668  _unlock                       
00005729  abort                         
00004845  aligned_alloc                 
20002594  ang                           
20002270  array                         
0000529d  atoi                          
ffffffff  binit                         
00005435  calloc                        
2000267c  command_byte                  
20002680  command_flag                  
000055ed  copysign                      
000055ed  copysignl                     
000035c5  cyBOT_SERVO_cal               
00003553  cyBOT_Scan                    
000034fb  cyBOT_init_Scan               
20002684  cyBOT_scan_features           
000034ed  cyBOT_scan_version            
200025bc  dist                          
0000256f  doScan                        
20002688  errno                         
20002628  fallingEdge                   
000027ed  findSmallestObject            
00004a41  floor                         
00004a41  floorl                        
00004b39  free                          
0000513d  frexp                         
0000513d  frexpl                        
20000000  g_pfnRAMVectors               
00000000  g_pfnVectors                  
0000097f  go_charge                     
000046cb  ir_enableInterrupt            
000046ad  ir_getDistance                
00004685  ir_getValue                   
0000461d  ir_init                       
20002640  isRisingEdge                  
2000262c  isr_int_value                 
000056c7  lcd_clear                     
00002ae9  lcd_gotoLine                  
00002951  lcd_init                      
00002b4f  lcd_printf                    
00002a11  lcd_putc                      
00002a49  lcd_puts                      
00002915  lcd_reverseNibble             
00002a67  lcd_sendCommand               
00002aa5  lcd_sendNibble                
00002b11  lcd_setCursorPos              
00004735  ldexp                         
00004735  ldexpl                        
20002630  left_calibration_value        
0000251d  main                          
0000571d  malloc                        
00004845  memalign                      
000055d1  memccpy                       
00004ccf  memcpy                        
00004f15  memset                        
20002678  midPoint                      
20002644  motor_cal_factor_L            
20002648  motor_cal_factor_R            
00002e2b  move_around                   
00002d05  move_backwards                
00002c3d  move_forward                  
20002674  object                        
0000026d  oi_alloc                      
00000aa9  oi_checkFirmware              
000002c7  oi_close                      
00000279  oi_free                       
00000ded  oi_getMotorCalibrationLeft    
00000e01  oi_getMotorCalibrationRight   
000002b1  oi_init                       
00000289  oi_init_noupdate              
00000915  oi_loadSong                   
00005637  oi_parseInt                   
0000032b  oi_parsePacket                
0000096b  oi_play_song                  
0000084b  oi_setLeds                    
00000db1  oi_setMotorCalibration        
0000088f  oi_setWheels                  
00000b51  oi_shutoff_init               
0000098d  oi_uartInit                   
00000a31  oi_uartReceive                
00000a77  oi_uartSendBuff               
00000a15  oi_uartSendChar               
00000a59  oi_uartSendStr                
000002d9  oi_update                     
00003cfb  ping_getDistance              
00003bb9  ping_init                     
00003c3f  ping_trigger                  
20002634  pulseLength                   
20002638  right_calibration_value       
2000263c  risingEdge                    
00004735  scalbn                        
00004735  scalbnl                       
0000412d  servo_init                    
000041bd  servo_move                    
0000421d  servo_setPWM                  
000041b1  servo_stop                    
00005375  sprintf                       
00005667  strchr                        
0000564f  strcmp                        
0000567d  strcpy                        
00005691  strlen                        
00002015  tan                           
00002015  tanl                          
0000386b  timer_getMicros               
00003813  timer_getMillis               
0000374d  timer_init                    
000037ef  timer_pause                   
00003801  timer_resume                  
000037c5  timer_stop                    
000038c5  timer_waitMicros              
000038f7  timer_waitMillis              
00002d75  turn                          
00003995  uart_interrupt_init           
00003a71  uart_receive                  
00003a9f  uart_receive_nonblocking      
00003a4d  uart_sendChar                 
00003acd  uart_sendStr                  
000053b5  vsnprintf                     
000056a5  wcslen                        
200025e4  widths                        


GLOBAL SYMBOLS: SORTED BY Symbol Address 

address   name                          
-------   ----                          
00000000  __TI_static_base__            
00000000  g_pfnVectors                  
0000026d  oi_alloc                      
00000279  oi_free                       
00000289  oi_init_noupdate              
000002b1  oi_init                       
000002c7  oi_close                      
000002d9  oi_update                     
0000032b  oi_parsePacket                
0000084b  oi_setLeds                    
0000088f  oi_setWheels                  
00000915  oi_loadSong                   
0000096b  oi_play_song                  
0000097f  go_charge                     
0000098d  oi_uartInit                   
00000a15  oi_uartSendChar               
00000a31  oi_uartReceive                
00000a59  oi_uartSendStr                
00000a77  oi_uartSendBuff               
00000aa9  oi_checkFirmware              
00000b51  oi_shutoff_init               
00000bc3  GPIOF_Handler                 
00000db1  oi_setMotorCalibration        
00000ded  oi_getMotorCalibrationLeft    
00000e01  oi_getMotorCalibrationRight   
00000e8d  __TI_printfi                  
00001000  __STACK_SIZE                  
00001000  __SYSMEM_SIZE                 
000018db  _nop                          
000018dd  __kernel_rem_pio2             
00002015  tan                           
00002015  tanl                          
0000251d  main                          
0000256f  doScan                        
000027ed  findSmallestObject            
00002915  lcd_reverseNibble             
00002951  lcd_init                      
00002a11  lcd_putc                      
00002a49  lcd_puts                      
00002a67  lcd_sendCommand               
00002aa5  lcd_sendNibble                
00002ae9  lcd_gotoLine                  
00002b11  lcd_setCursorPos              
00002b4f  lcd_printf                    
00002c3d  move_forward                  
00002d05  move_backwards                
00002d75  turn                          
00002e2b  move_around                   
00002f61  __kernel_tan                  
000034ed  cyBOT_scan_version            
000034fb  cyBOT_init_Scan               
00003553  cyBOT_Scan                    
000035c5  cyBOT_SERVO_cal               
0000374d  timer_init                    
000037c5  timer_stop                    
000037ef  timer_pause                   
00003801  timer_resume                  
00003813  timer_getMillis               
0000386b  timer_getMicros               
000038c5  timer_waitMicros              
000038f7  timer_waitMillis              
00003995  uart_interrupt_init           
00003a4d  uart_sendChar                 
00003a71  uart_receive                  
00003a9f  uart_receive_nonblocking      
00003acd  uart_sendStr                  
00003af3  UART1_Handler                 
00003bb9  ping_init                     
00003c3f  ping_trigger                  
00003ca9  TIMER3B_Handler               
00003cfb  ping_getDistance              
00003f75  __aeabi_dsub                  
00003f7f  __aeabi_dadd                  
0000412b  __aeabi_idiv0                 
0000412b  __aeabi_ldiv0                 
0000412d  servo_init                    
000041b1  servo_stop                    
000041bd  servo_move                    
0000421d  servo_setPWM                  
000043c1  __aeabi_ddiv                  
0000461d  ir_init                       
00004685  ir_getValue                   
000046ad  ir_getDistance                
000046b5  ADC0SS0_Handler               
000046cb  ir_enableInterrupt            
00004735  ldexp                         
00004735  ldexpl                        
00004735  scalbn                        
00004735  scalbnl                       
00004845  aligned_alloc                 
00004845  memalign                      
00004945  __aeabi_dmul                  
00004a41  floor                         
00004a41  floorl                        
00004b39  free                          
00004ccf  __aeabi_memcpy                
00004ccf  __aeabi_memcpy4               
00004ccf  __aeabi_memcpy8               
00004ccf  memcpy                        
00004d6b  __aeabi_uldivmod              
00004e01  __aeabi_cdcmpeq               
00004e01  __aeabi_cdcmple               
00004e87  __aeabi_cdrcmple              
00004f0d  __aeabi_memclr                
00004f0d  __aeabi_memclr4               
00004f0d  __aeabi_memclr8               
00004f0f  __aeabi_memset                
00004f0f  __aeabi_memset4               
00004f0f  __aeabi_memset8               
00004f15  memset                        
00005067  __aeabi_d2f                   
000050d5  __TI_decompress_lzss          
0000513d  frexp                         
0000513d  frexpl                        
000051f7  __TI_ltoa                     
0000529d  atoi                          
000052e9  __aeabi_d2iz                  
00005331  __TI_auto_init_nobinit_nopinit
00005375  sprintf                       
000053b5  vsnprintf                     
00005435  calloc                        
0000546d  __aeabi_f2d                   
000054a5  IntRegister                   
000054d9  _c_int00_noargs               
0000553d  __aeabi_i2d                   
00005595  __aeabi_ui2d                  
000055d1  memccpy                       
000055ed  copysign                      
000055ed  copysignl                     
00005637  oi_parseInt                   
0000564f  strcmp                        
00005667  strchr                        
0000567d  strcpy                        
00005691  strlen                        
000056a5  wcslen                        
000056b7  IntMasterEnable               
000056c7  lcd_clear                     
000056d7  __TI_decompress_none          
000056e5  CPUcpsie                      
000056f1  __TI_zero_init                
000056fd  ResetISR                      
00005715  __aeabi_errno_addr            
0000571d  malloc                        
00005725  _system_pre_init              
00005729  C$$EXIT                       
00005729  abort                         
00005888  _ctypes_                      
00005a48  __TI_Handler_Table_Base       
00005a54  __TI_Handler_Table_Limit      
00005a68  __TI_CINIT_Base               
00005a80  __TI_CINIT_Limit              
20000000  __start___llvm_prf_cnts       
20000000  __stop___llvm_prf_cnts        
20000000  g_pfnRAMVectors               
20000270  __stack                       
20000470  __STACK_TOP                   
20001270  __STACK_END                   
20001270  _sys_memory                   
20002270  array                         
20002594  ang                           
200025bc  dist                          
200025e4  widths                        
20002624  _timeout_ticks                
20002628  fallingEdge                   
2000262c  isr_int_value                 
20002630  left_calibration_value        
20002634  pulseLength                   
20002638  right_calibration_value       
2000263c  risingEdge                    
20002640  isRisingEdge                  
20002644  motor_cal_factor_L            
20002648  motor_cal_factor_R            
20002664  _lock                         
20002668  _unlock                       
20002674  object                        
20002678  midPoint                      
2000267c  command_byte                  
20002680  command_flag                  
20002684  cyBOT_scan_features           
20002688  errno                         
2000268c  _running                      
ffffffff  __TI_pprof_out_hndl           
ffffffff  __TI_prof_data_size           
ffffffff  __TI_prof_data_start          
ffffffff  __binit__                     
ffffffff  __c_args__                    
ffffffff  binit                         
UNDEFED   __mpu_init                    
UNDEFED   _system_post_cinit            

[189 symbols]
