******************************************************************************
                  TI ARM Linker PC v20.2.7                     
******************************************************************************
>> Linked Tue Feb 20 16:20:57 2024

OUTPUT FILE NAME:   <Lab3.out>
ENTRY POINT SYMBOL: "_c_int00_noargs"  address: 000044ed


MEMORY CONFIGURATION

         name            origin    length      used     unused   attr    fill
----------------------  --------  ---------  --------  --------  ----  --------
  FLASH                 00000000   00040000  00004898  0003b768  R  X
  SRAM                  20000000   00008000  00002366  00005c9a  RW X


SEGMENT ALLOCATION MAP

run origin  load origin   length   init length attrs members
----------  ----------- ---------- ----------- ----- -------
00000000    00000000    00004898   00004898    r-x
  00000000    00000000    0000026c   0000026c    r-- .intvecs
  0000026c    0000026c    000044c4   000044c4    r-x .text
  00004730    00004730    00000118   00000118    r-- .const
  00004848    00004848    00000050   00000050    r-- .cinit
20000000    20000000    0000236d   00000000    rw-
  20000000    20000000    0000026c   00000000    rw- .vtable
  20000270    20000270    00001000   00000000    rw- .stack
  20001270    20001270    00001000   00000000    rw- .sysmem
  20002270    20002270    000000bd   00000000    rw- .bss
  20002330    20002330    0000003d   00000000    rw- .data


SECTION ALLOCATION MAP

 output                                  attributes/
section   page    origin      length       input sections
--------  ----  ----------  ----------   ----------------
.intvecs   0    00000000    0000026c     
                  00000000    0000026c     tm4c123gh6pm_startup_ccs.obj (.intvecs)

.text      0    0000026c    000044c4     
                  0000026c    00000c20     open_interface.obj (.text)
                  00000e8c    00000a4e     rtsv7M4_T_le_v4SPD16_eabi.lib : _printfi.c.obj (.text:__TI_printfi)
                  000018da    00000002                                   : _lock.c.obj (.text:_nop)
                  000018dc    000004fc     Map.obj (.text)
                  00001dd8    00000328     lcd.obj (.text)
                  00002100    000002f8     movement.obj (.text)
                  000023f8    00000270     rtsv7M4_T_le_v4SPD16_eabi.lib : _printfi.c.obj (.text:_pconv_a)
                  00002668    00000260     libcybotScan.lib : cyBot_Scan.obj (.text)
                  000028c8    00000248     Timer.obj (.text)
                  00002b10    000001ec     libcybotScan.lib : ping.obj (.text)
                  00002cfc    000001d0     rtsv7M4_T_le_v4SPD16_eabi.lib : _printfi.c.obj (.text:_pconv_g)
                  00002ecc    000001b6                                   : fd_add_t2.asm.obj (.text)
                  00003082    00000002                                   : div0.asm.obj (.text)
                  00003084    0000015c     libcybotUART.lib : uart.obj (.text)
                  000031e0    00000158     libcybotScan.lib : servo.obj (.text)
                  00003338    0000013c     rtsv7M4_T_le_v4SPD16_eabi.lib : _printfi.c.obj (.text:_pconv_e)
                  00003474    00000136                                   : fd_div_t2.asm.obj (.text)
                  000035aa    00000002     --HOLE-- [fill = 0]
                  000035ac    00000124                                   : _printfi.c.obj (.text:fcvt)
                  000036d0    00000118     libcybotScan.lib : ir.obj (.text)
                  000037e8    00000110     rtsv7M4_T_le_v4SPD16_eabi.lib : s_scalbn.c.obj (.text:scalbn)
                  000038f8    00000100                                   : memory.c.obj (.text:aligned_alloc)
                  000039f8    000000fc                                   : fd_mul_t2.asm.obj (.text)
                  00003af4    000000e4                                   : memory.c.obj (.text:free)
                  00003bd8    000000b1                                   : _printfi.c.obj (.text:_ltostr)
                  00003c89    00000001     --HOLE-- [fill = 0]
                  00003c8a    0000009c                                   : memcpy_t2.asm.obj (.text)
                  00003d26    00000096                                   : ull_div_t2.asm.obj (.text)
                  00003dbc    00000086                                   : fd_cmp_t2.asm.obj (.text:__aeabi_cdcmple)
                  00003e42    00000086                                   : fd_cmp_t2.asm.obj (.text:__aeabi_cdrcmple)
                  00003ec8    0000007a                                   : memset_t2.asm.obj (.text)
                  00003f42    00000002     --HOLE-- [fill = 0]
                  00003f44    00000070                                   : memory.c.obj (.text:split)
                  00003fb4    0000006e                                   : _printfi.c.obj (.text:_mcpy)
                  00004022    0000006e                                   : fd_tos_t2.asm.obj (.text)
                  00004090    00000068                                   : copy_decompress_lzss.c.obj (.text:decompress:lzss:__TI_decompress_lzss)
                  000040f8    00000064                                   : s_frexp.c.obj (.text:frexp)
                  0000415c    00000058     main.obj (.text)
                  000041b4    00000056     rtsv7M4_T_le_v4SPD16_eabi.lib : _printfi.c.obj (.text:_pconv_f)
                  0000420a    00000054                                   : _ltoa.c.obj (.text:__TI_ltoa)
                  0000425e    00000052                                   : _printfi.c.obj (.text:_ecpy)
                  000042b0    0000004c                                   : atoi.c.obj (.text:atoi)
                  000042fc    00000048                                   : fd_toi_t2.asm.obj (.text)
                  00004344    00000044                                   : autoinit.c.obj (.text:__TI_auto_init_nobinit_nopinit:__TI_auto_init_nobinit_nopinit)
                  00004388    00000040                                   : sprintf.c.obj (.text:sprintf)
                  000043c8    00000040                                   : vsnprintf.c.obj (.text:vsnprintf)
                  00004408    0000003e                                   : _printfi.c.obj (.text:_fcpy)
                  00004446    00000002     --HOLE-- [fill = 0]
                  00004448    00000038                                   : memory.c.obj (.text:calloc)
                  00004480    00000038                                   : fs_tod_t2.asm.obj (.text)
                  000044b8    00000034     driverlib.lib : interrupt.obj (.text:IntRegister)
                  000044ec    00000034     rtsv7M4_T_le_v4SPD16_eabi.lib : boot_cortex_m.c.obj (.text:_c_int00_noargs:_c_int00_noargs)
                  00004520    00000030                                   : vsnprintf.c.obj (.text:_outs)
                  00004550    0000002e                                   : i_tofd_t2.asm.obj (.text)
                  0000457e    00000002     --HOLE-- [fill = 0]
                  00004580    00000028                                   : memory.c.obj (.text:free_list_insert)
                  000045a8    0000001c                                   : copy_zero_init.c.obj (.text:decompress:ZI:__TI_zero_init_nomemset:__TI_zero_init_nomemset)
                  000045c4    0000001c                                   : memory.c.obj (.text:free_list_remove)
                  000045e0    0000001c                                   : memccpy.c.obj (.text:memccpy)
                  000045fc    0000001a                                   : s_copysign.c.obj (.text:copysign)
                  00004616    00000018                                   : vsnprintf.c.obj (.text:_outc)
                  0000462e    00000018                                   : sprintf.c.obj (.text:_outs)
                  00004646    00000018     open_interface.obj (.text:oi_parseInt)
                  0000465e    00000018     rtsv7M4_T_le_v4SPD16_eabi.lib : strcmp.c.obj (.text:strcmp)
                  00004676    00000016                                   : strchr.c.obj (.text:strchr)
                  0000468c    00000014                                   : strcpy.c.obj (.text:strcpy)
                  000046a0    00000014                                   : strlen.c.obj (.text:strlen)
                  000046b4    00000012                                   : wcslen.c.obj (.text:wcslen)
                  000046c6    00000010     driverlib.lib : interrupt.obj (.text:IntMasterEnable)
                  000046d6    00000010     lcd.obj (.text:lcd_clear)
                  000046e6    0000000e     rtsv7M4_T_le_v4SPD16_eabi.lib : copy_decompress_none.c.obj (.text:decompress:none:__TI_decompress_none)
                  000046f4    0000000c     driverlib.lib : cpu.obj (.text:CPUcpsie)
                  00004700    0000000c     tm4c123gh6pm_startup_ccs.obj (.text)
                  0000470c    0000000a     rtsv7M4_T_le_v4SPD16_eabi.lib : sprintf.c.obj (.text:_outc)
                  00004716    00000002     --HOLE-- [fill = 0]
                  00004718    00000008                                   : errno.c.obj (.text:__aeabi_errno_addr)
                  00004720    00000008                                   : memory.c.obj (.text:malloc)
                  00004728    00000004                                   : pre_init.c.obj (.text:_system_pre_init)
                  0000472c    00000004                                   : exit.c.obj (.text:abort:abort)

.const     0    00004730    00000118     
                  00004730    00000101     rtsv7M4_T_le_v4SPD16_eabi.lib : ctype.c.obj (.const:.string:_ctypes_)
                  00004831    0000000f     open_interface.obj (.const:.string:$P$T0$3)
                  00004840    00000004     lcd.obj (.const:.string:lineAddress$1)
                  00004844    00000004     lcd.obj (.const:.string:lineAddresses$2)

.cinit     0    00004848    00000050     
                  00004848    00000019     (.cinit..data.load) [load image, compression = lzss]
                  00004861    00000003     --HOLE-- [fill = 0]
                  00004864    0000000c     (__TI_handler_table)
                  00004870    00000008     (.cinit..bss.load) [load image, compression = zero_init]
                  00004878    00000008     (.cinit..vtable.load) [load image, compression = zero_init]
                  00004880    00000018     (__TI_cinit_table)

.init_array 
*          0    00000000    00000000     UNINITIALIZED

.vtable    0    20000000    0000026c     UNINITIALIZED
                  20000000    0000026c     driverlib.lib : interrupt.obj (.vtable)

.stack     0    20000270    00001000     UNINITIALIZED
                  20000270    00000004     rtsv7M4_T_le_v4SPD16_eabi.lib : boot_cortex_m.c.obj (.stack)
                  20000274    00000ffc     --HOLE--

.sysmem    0    20001270    00001000     UNINITIALIZED
                  20001270    00000010     rtsv7M4_T_le_v4SPD16_eabi.lib : memory.c.obj (.sysmem)
                  20001280    00000ff0     --HOLE--

.bss       0    20002270    000000bd     UNINITIALIZED
                  20002270    00000054     lcd.obj (.bss:lastbuffer$3)
                  200022c4    00000034     (.common:isr_char_buffer)
                  200022f8    00000018     open_interface.obj (.bss:firmware$2)
                  20002310    00000004     (.common:_timeout_ticks)
                  20002314    00000004     (.common:fallingEdge)
                  20002318    00000004     (.common:isr_int_value)
                  2000231c    00000004     (.common:left_calibration_value)
                  20002320    00000004     (.common:pulseLength)
                  20002324    00000004     (.common:right_calibration_value)
                  20002328    00000004     (.common:risingEdge)
                  2000232c    00000001     (.common:isRisingEdge)

.data      0    20002330    0000003d     UNINITIALIZED
                  20002330    00000020     open_interface.obj (.data)
                  20002350    00000008     rtsv7M4_T_le_v4SPD16_eabi.lib : _lock.c.obj (.data:$O1$$)
                  20002358    00000008                                   : memory.c.obj (.data:$O1$$)
                  20002360    00000004     libcybotScan.lib : cyBot_Scan.obj (.data)
                  20002364    00000004     libcybotUART.lib : uart.obj (.data)
                  20002368    00000004     rtsv7M4_T_le_v4SPD16_eabi.lib : errno.c.obj (.data)
                  2000236c    00000001     Timer.obj (.data)

__llvm_prf_cnts 
*          0    20000000    00000000     UNINITIALIZED

MODULE SUMMARY

       Module                         code    ro data   rw data
       ------                         ----    -------   -------
    .\
       open_interface.obj             3128    15        56     
       Map.obj                        1276    0         8      
       lcd.obj                        824     8         84     
       movement.obj                   760     0         0      
       tm4c123gh6pm_startup_ccs.obj   12      620       0      
       Timer.obj                      584     0         5      
       main.obj                       88      0         0      
    +--+------------------------------+-------+---------+---------+
       Total:                         6672    643       153    
                                                               
    ../libcybotScan.lib
       cyBot_Scan.obj                 608     0         4      
       ping.obj                       492     0         13     
       servo.obj                      344     0         0      
       ir.obj                         280     0         4      
    +--+------------------------------+-------+---------+---------+
       Total:                         1724    0         21     
                                                               
    ../libcybotUART.lib
       uart.obj                       348     0         56     
    +--+------------------------------+-------+---------+---------+
       Total:                         348     0         56     
                                                               
    C:/ti/TivaWare_C_Series-2.2.0.295/driverlib/ccs/Debug/driverlib.lib
       interrupt.obj                  68      0         620    
       cpu.obj                        12      0         0      
    +--+------------------------------+-------+---------+---------+
       Total:                         80      0         620    
                                                               
    C:\ti\ccs1230\ccs\tools\compiler\ti-cgt-arm_20.2.7.LTS\lib\rtsv7M4_T_le_v4SPD16_eabi.lib
       _printfi.c.obj                 4851    0         0      
       memory.c.obj                   728     0         8      
       fd_add_t2.asm.obj              438     0         0      
       fd_div_t2.asm.obj              310     0         0      
       s_scalbn.c.obj                 272     0         0      
       fd_cmp_t2.asm.obj              268     0         0      
       ctype.c.obj                    0       257       0      
       fd_mul_t2.asm.obj              252     0         0      
       memcpy_t2.asm.obj              156     0         0      
       ull_div_t2.asm.obj             150     0         0      
       vsnprintf.c.obj                136     0         0      
       memset_t2.asm.obj              122     0         0      
       fd_tos_t2.asm.obj              110     0         0      
       copy_decompress_lzss.c.obj     104     0         0      
       s_frexp.c.obj                  100     0         0      
       sprintf.c.obj                  98      0         0      
       _ltoa.c.obj                    84      0         0      
       atoi.c.obj                     76      0         0      
       fd_toi_t2.asm.obj              72      0         0      
       autoinit.c.obj                 68      0         0      
       fs_tod_t2.asm.obj              56      0         0      
       boot_cortex_m.c.obj            52      0         0      
       i_tofd_t2.asm.obj              46      0         0      
       copy_zero_init.c.obj           28      0         0      
       memccpy.c.obj                  28      0         0      
       s_copysign.c.obj               26      0         0      
       strcmp.c.obj                   24      0         0      
       strchr.c.obj                   22      0         0      
       strcpy.c.obj                   20      0         0      
       strlen.c.obj                   20      0         0      
       wcslen.c.obj                   18      0         0      
       copy_decompress_none.c.obj     14      0         0      
       errno.c.obj                    8       0         4      
       _lock.c.obj                    2       0         8      
       exit.c.obj                     4       0         0      
       pre_init.c.obj                 4       0         0      
       div0.asm.obj                   2       0         0      
    +--+------------------------------+-------+---------+---------+
       Total:                         8769    257       20     
                                                               
       Heap:                          0       0         4096   
       Stack:                         0       0         4096   
       Linker Generated:              0       77        0      
    +--+------------------------------+-------+---------+---------+
       Grand Total:                   17593   977       9062   


LINKER GENERATED COPY TABLES

__TI_cinit_table @ 00004880 records: 3, size/record: 8, table size: 24
	.data: load addr=00004848, load size=00000019 bytes, run addr=20002330, run size=0000003d bytes, compression=lzss
	.bss: load addr=00004870, load size=00000008 bytes, run addr=20002270, run size=000000bd bytes, compression=zero_init
	.vtable: load addr=00004878, load size=00000008 bytes, run addr=20000000, run size=0000026c bytes, compression=zero_init


LINKER GENERATED HANDLER TABLE

__TI_handler_table @ 00004864 records: 3, size/record: 4, table size: 12
	index: 0, handler: __TI_zero_init
	index: 1, handler: __TI_decompress_lzss
	index: 2, handler: __TI_decompress_none


GLOBAL SYMBOLS: SORTED ALPHABETICALLY BY Name 

address   name                          
-------   ----                          
00003769  ADC0SS0_Handler               
0000472d  C$$EXIT                       
000046f5  CPUcpsie                      
00000bc3  GPIOF_Handler                 
000046c7  IntMasterEnable               
000044b9  IntRegister                   
00004701  ResetISR                      
00002c01  TIMER3B_Handler               
20001270  __STACK_END                   
00001000  __STACK_SIZE                  
20000470  __STACK_TOP                   
00001000  __SYSMEM_SIZE                 
00004880  __TI_CINIT_Base               
00004898  __TI_CINIT_Limit              
00004864  __TI_Handler_Table_Base       
00004870  __TI_Handler_Table_Limit      
00004345  __TI_auto_init_nobinit_nopinit
00004091  __TI_decompress_lzss          
000046e7  __TI_decompress_none          
0000420b  __TI_ltoa                     
ffffffff  __TI_pprof_out_hndl           
00000e8d  __TI_printfi                  
ffffffff  __TI_prof_data_size           
ffffffff  __TI_prof_data_start          
00000000  __TI_static_base__            
000045a9  __TI_zero_init_nomemset       
00003dbd  __aeabi_cdcmpeq               
00003dbd  __aeabi_cdcmple               
00003e43  __aeabi_cdrcmple              
00004023  __aeabi_d2f                   
000042fd  __aeabi_d2iz                  
00002ed7  __aeabi_dadd                  
00003475  __aeabi_ddiv                  
000039f9  __aeabi_dmul                  
00002ecd  __aeabi_dsub                  
00004719  __aeabi_errno_addr            
00004481  __aeabi_f2d                   
00004551  __aeabi_i2d                   
00003083  __aeabi_idiv0                 
00003083  __aeabi_ldiv0                 
00003ec9  __aeabi_memclr                
00003ec9  __aeabi_memclr4               
00003ec9  __aeabi_memclr8               
00003c8b  __aeabi_memcpy                
00003c8b  __aeabi_memcpy4               
00003c8b  __aeabi_memcpy8               
00003ecb  __aeabi_memset                
00003ecb  __aeabi_memset4               
00003ecb  __aeabi_memset8               
00003d27  __aeabi_uldivmod              
ffffffff  __binit__                     
ffffffff  __c_args__                    
UNDEFED   __mpu_init                    
20000270  __stack                       
20000000  __start___llvm_prf_cnts       
20000000  __stop___llvm_prf_cnts        
000044ed  _c_int00_noargs               
00004730  _ctypes_                      
20002350  _lock                         
000018db  _nop                          
2000236c  _running                      
20001270  _sys_memory                   
UNDEFED   _system_post_cinit            
00004729  _system_pre_init              
20002310  _timeout_ticks                
20002354  _unlock                       
0000472d  abort                         
000038f9  aligned_alloc                 
000042b1  atoi                          
ffffffff  binit                         
00004449  calloc                        
000045fd  copysign                      
000045fd  copysignl                     
00002741  cyBOT_SERVO_cal               
000026cf  cyBOT_Scan                    
00002677  cyBOT_init_Scan               
20002360  cyBOT_scan_features           
00002669  cyBOT_scan_version            
0000318d  cyBot_UART1_Handler           
00003173  cyBot_getByte                 
00003085  cyBot_sendByte                
00003155  cyBot_uart_flush              
000030c3  cyBot_uart_init               
000030ab  cyBot_uart_sendBuffer         
00003091  cyBot_uart_sendStr            
20002368  errno                         
20002314  fallingEdge                   
00003af5  free                          
000040f9  frexp                         
000040f9  frexpl                        
20000000  g_pfnRAMVectors               
00000000  g_pfnVectors                  
0000097f  go_charge                     
0000377f  ir_enableInterrupt            
00003761  ir_getDistance                
00003739  ir_getValue                   
000036d1  ir_init                       
2000232c  isRisingEdge                  
200022c4  isr_char_buffer               
20002364  isr_counter                   
20002318  isr_int_value                 
000046d7  lcd_clear                     
00001fad  lcd_gotoLine                  
00001e15  lcd_init                      
00002013  lcd_printf                    
00001ed5  lcd_putc                      
00001f0d  lcd_puts                      
00001dd9  lcd_reverseNibble             
00001f2b  lcd_sendCommand               
00001f69  lcd_sendNibble                
00001fd5  lcd_setCursorPos              
000037e9  ldexp                         
000037e9  ldexpl                        
2000231c  left_calibration_value        
0000415d  main                          
00004721  malloc                        
000038f9  memalign                      
000045e1  memccpy                       
00003c8b  memcpy                        
00003ed1  memset                        
20002330  motor_cal_factor_L            
20002334  motor_cal_factor_R            
00002219  move_backward                 
00002101  move_forward                  
0000026d  oi_alloc                      
00000aa9  oi_checkFirmware              
000002c7  oi_close                      
00000279  oi_free                       
00000ded  oi_getMotorCalibrationLeft    
00000e01  oi_getMotorCalibrationRight   
000002b1  oi_init                       
00000289  oi_init_noupdate              
00000915  oi_loadSong                   
00004647  oi_parseInt                   
0000032b  oi_parsePacket                
0000096b  oi_play_song                  
0000084b  oi_setLeds                    
00000db1  oi_setMotorCalibration        
0000088f  oi_setWheels                  
00000b51  oi_shutoff_init               
0000098d  oi_uartInit                   
00000a31  oi_uartReceive                
00000a77  oi_uartSendBuff               
00000a15  oi_uartSendChar               
00000a59  oi_uartSendStr                
000002d9  oi_update                     
00002c53  ping_getDistance              
00002b11  ping_init                     
00002b97  ping_trigger                  
00001d31  print                         
20002320  pulseLength                   
20002324  right_calibration_value       
20002328  risingEdge                    
000037e9  scalbn                        
000037e9  scalbnl                       
000018dd  scanPointAt                   
000018fb  scanSonar                     
000031e1  servo_init                    
00003271  servo_move                    
000032d1  servo_setPWM                  
00003265  servo_stop                    
00004389  sprintf                       
00004677  strchr                        
0000465f  strcmp                        
0000468d  strcpy                        
000046a1  strlen                        
000029e7  timer_getMicros               
0000298f  timer_getMillis               
000028c9  timer_init                    
0000296b  timer_pause                   
0000297d  timer_resume                  
00002941  timer_stop                    
00002a41  timer_waitMicros              
00002a73  timer_waitMillis              
0000231f  turn_left                     
0000229d  turn_right                    
000043c9  vsnprintf                     
000046b5  wcslen                        


GLOBAL SYMBOLS: SORTED BY Symbol Address 

address   name                          
-------   ----                          
00000000  __TI_static_base__            
00000000  g_pfnVectors                  
0000026d  oi_alloc                      
00000279  oi_free                       
00000289  oi_init_noupdate              
000002b1  oi_init                       
000002c7  oi_close                      
000002d9  oi_update                     
0000032b  oi_parsePacket                
0000084b  oi_setLeds                    
0000088f  oi_setWheels                  
00000915  oi_loadSong                   
0000096b  oi_play_song                  
0000097f  go_charge                     
0000098d  oi_uartInit                   
00000a15  oi_uartSendChar               
00000a31  oi_uartReceive                
00000a59  oi_uartSendStr                
00000a77  oi_uartSendBuff               
00000aa9  oi_checkFirmware              
00000b51  oi_shutoff_init               
00000bc3  GPIOF_Handler                 
00000db1  oi_setMotorCalibration        
00000ded  oi_getMotorCalibrationLeft    
00000e01  oi_getMotorCalibrationRight   
00000e8d  __TI_printfi                  
00001000  __STACK_SIZE                  
00001000  __SYSMEM_SIZE                 
000018db  _nop                          
000018dd  scanPointAt                   
000018fb  scanSonar                     
00001d31  print                         
00001dd9  lcd_reverseNibble             
00001e15  lcd_init                      
00001ed5  lcd_putc                      
00001f0d  lcd_puts                      
00001f2b  lcd_sendCommand               
00001f69  lcd_sendNibble                
00001fad  lcd_gotoLine                  
00001fd5  lcd_setCursorPos              
00002013  lcd_printf                    
00002101  move_forward                  
00002219  move_backward                 
0000229d  turn_right                    
0000231f  turn_left                     
00002669  cyBOT_scan_version            
00002677  cyBOT_init_Scan               
000026cf  cyBOT_Scan                    
00002741  cyBOT_SERVO_cal               
000028c9  timer_init                    
00002941  timer_stop                    
0000296b  timer_pause                   
0000297d  timer_resume                  
0000298f  timer_getMillis               
000029e7  timer_getMicros               
00002a41  timer_waitMicros              
00002a73  timer_waitMillis              
00002b11  ping_init                     
00002b97  ping_trigger                  
00002c01  TIMER3B_Handler               
00002c53  ping_getDistance              
00002ecd  __aeabi_dsub                  
00002ed7  __aeabi_dadd                  
00003083  __aeabi_idiv0                 
00003083  __aeabi_ldiv0                 
00003085  cyBot_sendByte                
00003091  cyBot_uart_sendStr            
000030ab  cyBot_uart_sendBuffer         
000030c3  cyBot_uart_init               
00003155  cyBot_uart_flush              
00003173  cyBot_getByte                 
0000318d  cyBot_UART1_Handler           
000031e1  servo_init                    
00003265  servo_stop                    
00003271  servo_move                    
000032d1  servo_setPWM                  
00003475  __aeabi_ddiv                  
000036d1  ir_init                       
00003739  ir_getValue                   
00003761  ir_getDistance                
00003769  ADC0SS0_Handler               
0000377f  ir_enableInterrupt            
000037e9  ldexp                         
000037e9  ldexpl                        
000037e9  scalbn                        
000037e9  scalbnl                       
000038f9  aligned_alloc                 
000038f9  memalign                      
000039f9  __aeabi_dmul                  
00003af5  free                          
00003c8b  __aeabi_memcpy                
00003c8b  __aeabi_memcpy4               
00003c8b  __aeabi_memcpy8               
00003c8b  memcpy                        
00003d27  __aeabi_uldivmod              
00003dbd  __aeabi_cdcmpeq               
00003dbd  __aeabi_cdcmple               
00003e43  __aeabi_cdrcmple              
00003ec9  __aeabi_memclr                
00003ec9  __aeabi_memclr4               
00003ec9  __aeabi_memclr8               
00003ecb  __aeabi_memset                
00003ecb  __aeabi_memset4               
00003ecb  __aeabi_memset8               
00003ed1  memset                        
00004023  __aeabi_d2f                   
00004091  __TI_decompress_lzss          
000040f9  frexp                         
000040f9  frexpl                        
0000415d  main                          
0000420b  __TI_ltoa                     
000042b1  atoi                          
000042fd  __aeabi_d2iz                  
00004345  __TI_auto_init_nobinit_nopinit
00004389  sprintf                       
000043c9  vsnprintf                     
00004449  calloc                        
00004481  __aeabi_f2d                   
000044b9  IntRegister                   
000044ed  _c_int00_noargs               
00004551  __aeabi_i2d                   
000045a9  __TI_zero_init_nomemset       
000045e1  memccpy                       
000045fd  copysign                      
000045fd  copysignl                     
00004647  oi_parseInt                   
0000465f  strcmp                        
00004677  strchr                        
0000468d  strcpy                        
000046a1  strlen                        
000046b5  wcslen                        
000046c7  IntMasterEnable               
000046d7  lcd_clear                     
000046e7  __TI_decompress_none          
000046f5  CPUcpsie                      
00004701  ResetISR                      
00004719  __aeabi_errno_addr            
00004721  malloc                        
00004729  _system_pre_init              
0000472d  C$$EXIT                       
0000472d  abort                         
00004730  _ctypes_                      
00004864  __TI_Handler_Table_Base       
00004870  __TI_Handler_Table_Limit      
00004880  __TI_CINIT_Base               
00004898  __TI_CINIT_Limit              
20000000  __start___llvm_prf_cnts       
20000000  __stop___llvm_prf_cnts        
20000000  g_pfnRAMVectors               
20000270  __stack                       
20000470  __STACK_TOP                   
20001270  __STACK_END                   
20001270  _sys_memory                   
200022c4  isr_char_buffer               
20002310  _timeout_ticks                
20002314  fallingEdge                   
20002318  isr_int_value                 
2000231c  left_calibration_value        
20002320  pulseLength                   
20002324  right_calibration_value       
20002328  risingEdge                    
2000232c  isRisingEdge                  
20002330  motor_cal_factor_L            
20002334  motor_cal_factor_R            
20002350  _lock                         
20002354  _unlock                       
20002360  cyBOT_scan_features           
20002364  isr_counter                   
20002368  errno                         
2000236c  _running                      
ffffffff  __TI_pprof_out_hndl           
ffffffff  __TI_prof_data_size           
ffffffff  __TI_prof_data_start          
ffffffff  __binit__                     
ffffffff  __c_args__                    
ffffffff  binit                         
UNDEFED   __mpu_init                    
UNDEFED   _system_post_cinit            

[178 symbols]
