******************************************************************************
                  TI ARM Linker PC v20.2.7                     
******************************************************************************
>> Linked Mon Mar 25 13:36:45 2024

OUTPUT FILE NAME:   <Lab7.out>
ENTRY POINT SYMBOL: "_c_int00_noargs"  address: 00004c45


MEMORY CONFIGURATION

         name            origin    length      used     unused   attr    fill
----------------------  --------  ---------  --------  --------  ----  --------
  FLASH                 00000000   00040000  00004ff8  0003b008  R  X
  SRAM                  20000000   00008000  00002336  00005cca  RW X


SEGMENT ALLOCATION MAP

run origin  load origin   length   init length attrs members
----------  ----------- ---------- ----------- ----- -------
00000000    00000000    00004ff8   00004ff8    r-x
  00000000    00000000    0000026c   0000026c    r-- .intvecs
  0000026c    0000026c    00004c1c   00004c1c    r-x .text
  00004e88    00004e88    00000118   00000118    r-- .const
  00004fa0    00004fa0    00000058   00000058    r-- .cinit
20000000    20000000    0000233d   00000000    rw-
  20000000    20000000    0000026c   00000000    rw- .vtable
  20000270    20000270    00001000   00000000    rw- .stack
  20001270    20001270    00001000   00000000    rw- .sysmem
  20002270    20002270    00000089   00000000    rw- .bss
  200022fc    200022fc    00000041   00000000    rw- .data


SECTION ALLOCATION MAP

 output                                  attributes/
section   page    origin      length       input sections
--------  ----  ----------  ----------   ----------------
.intvecs   0    00000000    0000026c     
                  00000000    0000026c     tm4c123gh6pm_startup_ccs.obj (.intvecs)

.text      0    0000026c    00004c1c     
                  0000026c    00000c20     open_interface.obj (.text)
                  00000e8c    00000a4e     rtsv7M4_T_le_v4SPD16_eabi.lib : _printfi.c.obj (.text:__TI_printfi)
                  000018da    00000002                                   : _lock.c.obj (.text:_nop)
                  000018dc    00000a04     main.obj (.text)
                  000022e0    0000045c     movement.obj (.text)
                  0000273c    00000328     lcd.obj (.text)
                  00002a64    00000270     rtsv7M4_T_le_v4SPD16_eabi.lib : _printfi.c.obj (.text:_pconv_a)
                  00002cd4    00000260     libcybotScan.lib : cyBot_Scan.obj (.text)
                  00002f34    00000248     Timer.obj (.text)
                  0000317c    000001ec     libcybotScan.lib : ping.obj (.text)
                  00003368    000001d0     rtsv7M4_T_le_v4SPD16_eabi.lib : _printfi.c.obj (.text:_pconv_g)
                  00003538    000001bc     uart-interrupt.obj (.text)
                  000036f4    000001b6     rtsv7M4_T_le_v4SPD16_eabi.lib : fd_add_t2.asm.obj (.text)
                  000038aa    00000002                                   : div0.asm.obj (.text)
                  000038ac    00000158     libcybotScan.lib : servo.obj (.text)
                  00003a04    0000013c     rtsv7M4_T_le_v4SPD16_eabi.lib : _printfi.c.obj (.text:_pconv_e)
                  00003b40    00000136                                   : fd_div_t2.asm.obj (.text)
                  00003c76    00000002     --HOLE-- [fill = 0]
                  00003c78    00000124                                   : _printfi.c.obj (.text:fcvt)
                  00003d9c    00000118     libcybotScan.lib : ir.obj (.text)
                  00003eb4    00000110     rtsv7M4_T_le_v4SPD16_eabi.lib : s_scalbn.c.obj (.text:scalbn)
                  00003fc4    00000100                                   : memory.c.obj (.text:aligned_alloc)
                  000040c4    000000fc                                   : fd_mul_t2.asm.obj (.text)
                  000041c0    000000e4                                   : memory.c.obj (.text:free)
                  000042a4    000000e4                                   : memory.c.obj (.text:realloc)
                  00004388    000000b1                                   : _printfi.c.obj (.text:_ltostr)
                  00004439    00000001     --HOLE-- [fill = 0]
                  0000443a    0000009c                                   : memcpy_t2.asm.obj (.text)
                  000044d6    00000096                                   : ull_div_t2.asm.obj (.text)
                  0000456c    00000086                                   : fd_cmp_t2.asm.obj (.text:__aeabi_cdcmple)
                  000045f2    00000086                                   : fd_cmp_t2.asm.obj (.text:__aeabi_cdrcmple)
                  00004678    0000007a                                   : memset_t2.asm.obj (.text)
                  000046f2    00000002     --HOLE-- [fill = 0]
                  000046f4    00000070                                   : memory.c.obj (.text:split)
                  00004764    0000006e                                   : _printfi.c.obj (.text:_mcpy)
                  000047d2    0000006e                                   : fd_tos_t2.asm.obj (.text)
                  00004840    00000068                                   : copy_decompress_lzss.c.obj (.text:decompress:lzss:__TI_decompress_lzss)
                  000048a8    00000064                                   : s_frexp.c.obj (.text:frexp)
                  0000490c    00000056                                   : _printfi.c.obj (.text:_pconv_f)
                  00004962    00000054                                   : _ltoa.c.obj (.text:__TI_ltoa)
                  000049b6    00000052                                   : _printfi.c.obj (.text:_ecpy)
                  00004a08    0000004c                                   : atoi.c.obj (.text:atoi)
                  00004a54    00000048                                   : fd_toi_t2.asm.obj (.text)
                  00004a9c    00000044                                   : autoinit.c.obj (.text:__TI_auto_init_nobinit_nopinit:__TI_auto_init_nobinit_nopinit)
                  00004ae0    00000040                                   : sprintf.c.obj (.text:sprintf)
                  00004b20    00000040                                   : vsnprintf.c.obj (.text:vsnprintf)
                  00004b60    0000003e                                   : _printfi.c.obj (.text:_fcpy)
                  00004b9e    00000002     --HOLE-- [fill = 0]
                  00004ba0    00000038                                   : memory.c.obj (.text:calloc)
                  00004bd8    00000038                                   : fs_tod_t2.asm.obj (.text)
                  00004c10    00000034     driverlib.lib : interrupt.obj (.text:IntRegister)
                  00004c44    00000034     rtsv7M4_T_le_v4SPD16_eabi.lib : boot_cortex_m.c.obj (.text:_c_int00_noargs:_c_int00_noargs)
                  00004c78    00000030                                   : vsnprintf.c.obj (.text:_outs)
                  00004ca8    0000002e                                   : i_tofd_t2.asm.obj (.text)
                  00004cd6    00000002     --HOLE-- [fill = 0]
                  00004cd8    00000028                                   : memory.c.obj (.text:free_list_insert)
                  00004d00    0000001c                                   : copy_zero_init.c.obj (.text:decompress:ZI:__TI_zero_init_nomemset:__TI_zero_init_nomemset)
                  00004d1c    0000001c                                   : memory.c.obj (.text:free_list_remove)
                  00004d38    0000001c                                   : memccpy.c.obj (.text:memccpy)
                  00004d54    0000001a                                   : s_copysign.c.obj (.text:copysign)
                  00004d6e    00000018                                   : vsnprintf.c.obj (.text:_outc)
                  00004d86    00000018                                   : sprintf.c.obj (.text:_outs)
                  00004d9e    00000018     open_interface.obj (.text:oi_parseInt)
                  00004db6    00000018     rtsv7M4_T_le_v4SPD16_eabi.lib : strcmp.c.obj (.text:strcmp)
                  00004dce    00000016                                   : strchr.c.obj (.text:strchr)
                  00004de4    00000014                                   : strcpy.c.obj (.text:strcpy)
                  00004df8    00000014                                   : strlen.c.obj (.text:strlen)
                  00004e0c    00000012                                   : wcslen.c.obj (.text:wcslen)
                  00004e1e    00000010     driverlib.lib : interrupt.obj (.text:IntMasterEnable)
                  00004e2e    00000010     lcd.obj (.text:lcd_clear)
                  00004e3e    0000000e     rtsv7M4_T_le_v4SPD16_eabi.lib : copy_decompress_none.c.obj (.text:decompress:none:__TI_decompress_none)
                  00004e4c    0000000c     driverlib.lib : cpu.obj (.text:CPUcpsie)
                  00004e58    0000000c     tm4c123gh6pm_startup_ccs.obj (.text)
                  00004e64    0000000a     rtsv7M4_T_le_v4SPD16_eabi.lib : sprintf.c.obj (.text:_outc)
                  00004e6e    00000002     --HOLE-- [fill = 0]
                  00004e70    00000008                                   : errno.c.obj (.text:__aeabi_errno_addr)
                  00004e78    00000008                                   : memory.c.obj (.text:malloc)
                  00004e80    00000004                                   : pre_init.c.obj (.text:_system_pre_init)
                  00004e84    00000004                                   : exit.c.obj (.text:abort:abort)

.const     0    00004e88    00000118     
                  00004e88    00000101     rtsv7M4_T_le_v4SPD16_eabi.lib : ctype.c.obj (.const:.string:_ctypes_)
                  00004f89    0000000f     open_interface.obj (.const:.string:$P$T0$3)
                  00004f98    00000004     lcd.obj (.const:.string:lineAddress$1)
                  00004f9c    00000004     lcd.obj (.const:.string:lineAddresses$2)

.cinit     0    00004fa0    00000058     
                  00004fa0    0000001f     (.cinit..data.load) [load image, compression = lzss]
                  00004fbf    00000001     --HOLE-- [fill = 0]
                  00004fc0    0000000c     (__TI_handler_table)
                  00004fcc    00000004     --HOLE-- [fill = 0]
                  00004fd0    00000008     (.cinit..bss.load) [load image, compression = zero_init]
                  00004fd8    00000008     (.cinit..vtable.load) [load image, compression = zero_init]
                  00004fe0    00000018     (__TI_cinit_table)

.init_array 
*          0    00000000    00000000     UNINITIALIZED

.vtable    0    20000000    0000026c     UNINITIALIZED
                  20000000    0000026c     driverlib.lib : interrupt.obj (.vtable)

.stack     0    20000270    00001000     UNINITIALIZED
                  20000270    00000004     rtsv7M4_T_le_v4SPD16_eabi.lib : boot_cortex_m.c.obj (.stack)
                  20000274    00000ffc     --HOLE--

.sysmem    0    20001270    00001000     UNINITIALIZED
                  20001270    00000010     rtsv7M4_T_le_v4SPD16_eabi.lib : memory.c.obj (.sysmem)
                  20001280    00000ff0     --HOLE--

.bss       0    20002270    00000089     UNINITIALIZED
                  20002270    00000054     lcd.obj (.bss:lastbuffer$3)
                  200022c4    00000018     open_interface.obj (.bss:firmware$2)
                  200022dc    00000004     (.common:_timeout_ticks)
                  200022e0    00000004     (.common:fallingEdge)
                  200022e4    00000004     (.common:isr_int_value)
                  200022e8    00000004     (.common:left_calibration_value)
                  200022ec    00000004     (.common:pulseLength)
                  200022f0    00000004     (.common:right_calibration_value)
                  200022f4    00000004     (.common:risingEdge)
                  200022f8    00000001     (.common:isRisingEdge)

.data      0    200022fc    00000041     UNINITIALIZED
                  200022fc    00000020     open_interface.obj (.data)
                  2000231c    00000008     rtsv7M4_T_le_v4SPD16_eabi.lib : _lock.c.obj (.data:$O1$$)
                  20002324    00000008                                   : memory.c.obj (.data:$O1$$)
                  2000232c    00000008     uart-interrupt.obj (.data)
                  20002334    00000004     libcybotScan.lib : cyBot_Scan.obj (.data)
                  20002338    00000004     rtsv7M4_T_le_v4SPD16_eabi.lib : errno.c.obj (.data)
                  2000233c    00000001     Timer.obj (.data)

__llvm_prf_cnts 
*          0    20000000    00000000     UNINITIALIZED

MODULE SUMMARY

       Module                         code    ro data   rw data
       ------                         ----    -------   -------
    .\
       open_interface.obj             3128    15        56     
       main.obj                       2564    0         8      
       movement.obj                   1116    0         0      
       lcd.obj                        824     8         84     
       tm4c123gh6pm_startup_ccs.obj   12      620       0      
       Timer.obj                      584     0         5      
       uart-interrupt.obj             444     0         8      
    +--+------------------------------+-------+---------+---------+
       Total:                         8672    643       161    
                                                               
    ../libcybotScan.lib
       cyBot_Scan.obj                 608     0         4      
       ping.obj                       492     0         13     
       servo.obj                      344     0         0      
       ir.obj                         280     0         4      
    +--+------------------------------+-------+---------+---------+
       Total:                         1724    0         21     
                                                               
    C:/ti/TivaWare_C_Series-2.2.0.295/driverlib/ccs/Debug/driverlib.lib
       interrupt.obj                  68      0         620    
       cpu.obj                        12      0         0      
    +--+------------------------------+-------+---------+---------+
       Total:                         80      0         620    
                                                               
    C:\ti\ccs1230\ccs\tools\compiler\ti-cgt-arm_20.2.7.LTS\lib\rtsv7M4_T_le_v4SPD16_eabi.lib
       _printfi.c.obj                 4851    0         0      
       memory.c.obj                   956     0         8      
       fd_add_t2.asm.obj              438     0         0      
       fd_div_t2.asm.obj              310     0         0      
       s_scalbn.c.obj                 272     0         0      
       fd_cmp_t2.asm.obj              268     0         0      
       ctype.c.obj                    0       257       0      
       fd_mul_t2.asm.obj              252     0         0      
       memcpy_t2.asm.obj              156     0         0      
       ull_div_t2.asm.obj             150     0         0      
       vsnprintf.c.obj                136     0         0      
       memset_t2.asm.obj              122     0         0      
       fd_tos_t2.asm.obj              110     0         0      
       copy_decompress_lzss.c.obj     104     0         0      
       s_frexp.c.obj                  100     0         0      
       sprintf.c.obj                  98      0         0      
       _ltoa.c.obj                    84      0         0      
       atoi.c.obj                     76      0         0      
       fd_toi_t2.asm.obj              72      0         0      
       autoinit.c.obj                 68      0         0      
       fs_tod_t2.asm.obj              56      0         0      
       boot_cortex_m.c.obj            52      0         0      
       i_tofd_t2.asm.obj              46      0         0      
       copy_zero_init.c.obj           28      0         0      
       memccpy.c.obj                  28      0         0      
       s_copysign.c.obj               26      0         0      
       strcmp.c.obj                   24      0         0      
       strchr.c.obj                   22      0         0      
       strcpy.c.obj                   20      0         0      
       strlen.c.obj                   20      0         0      
       wcslen.c.obj                   18      0         0      
       copy_decompress_none.c.obj     14      0         0      
       errno.c.obj                    8       0         4      
       _lock.c.obj                    2       0         8      
       exit.c.obj                     4       0         0      
       pre_init.c.obj                 4       0         0      
       div0.asm.obj                   2       0         0      
    +--+------------------------------+-------+---------+---------+
       Total:                         8997    257       20     
                                                               
       Heap:                          0       0         4096   
       Stack:                         0       0         4096   
       Linker Generated:              0       83        0      
    +--+------------------------------+-------+---------+---------+
       Grand Total:                   19473   983       9014   


LINKER GENERATED COPY TABLES

__TI_cinit_table @ 00004fe0 records: 3, size/record: 8, table size: 24
	.data: load addr=00004fa0, load size=0000001f bytes, run addr=200022fc, run size=00000041 bytes, compression=lzss
	.bss: load addr=00004fd0, load size=00000008 bytes, run addr=20002270, run size=00000089 bytes, compression=zero_init
	.vtable: load addr=00004fd8, load size=00000008 bytes, run addr=20000000, run size=0000026c bytes, compression=zero_init


LINKER GENERATED HANDLER TABLE

__TI_handler_table @ 00004fc0 records: 3, size/record: 4, table size: 12
	index: 0, handler: __TI_zero_init
	index: 1, handler: __TI_decompress_lzss
	index: 2, handler: __TI_decompress_none


GLOBAL SYMBOLS: SORTED ALPHABETICALLY BY Name 

address   name                          
-------   ----                          
00003e35  ADC0SS0_Handler               
00004e85  C$$EXIT                       
00004e4d  CPUcpsie                      
00000bc3  GPIOF_Handler                 
00004e1f  IntMasterEnable               
00004c11  IntRegister                   
00004e59  ResetISR                      
0000326d  TIMER3B_Handler               
00003641  UART1_Handler                 
20001270  __STACK_END                   
00001000  __STACK_SIZE                  
20000470  __STACK_TOP                   
00001000  __SYSMEM_SIZE                 
00004fe0  __TI_CINIT_Base               
00004ff8  __TI_CINIT_Limit              
00004fc0  __TI_Handler_Table_Base       
00004fcc  __TI_Handler_Table_Limit      
00004a9d  __TI_auto_init_nobinit_nopinit
00004841  __TI_decompress_lzss          
00004e3f  __TI_decompress_none          
00004963  __TI_ltoa                     
ffffffff  __TI_pprof_out_hndl           
00000e8d  __TI_printfi                  
ffffffff  __TI_prof_data_size           
ffffffff  __TI_prof_data_start          
00000000  __TI_static_base__            
00004d01  __TI_zero_init_nomemset       
0000456d  __aeabi_cdcmpeq               
0000456d  __aeabi_cdcmple               
000045f3  __aeabi_cdrcmple              
000047d3  __aeabi_d2f                   
00004a55  __aeabi_d2iz                  
000036ff  __aeabi_dadd                  
00003b41  __aeabi_ddiv                  
000040c5  __aeabi_dmul                  
000036f5  __aeabi_dsub                  
00004e71  __aeabi_errno_addr            
00004bd9  __aeabi_f2d                   
00004ca9  __aeabi_i2d                   
000038ab  __aeabi_idiv0                 
000038ab  __aeabi_ldiv0                 
00004679  __aeabi_memclr                
00004679  __aeabi_memclr4               
00004679  __aeabi_memclr8               
0000443b  __aeabi_memcpy                
0000443b  __aeabi_memcpy4               
0000443b  __aeabi_memcpy8               
0000467b  __aeabi_memset                
0000467b  __aeabi_memset4               
0000467b  __aeabi_memset8               
000044d7  __aeabi_uldivmod              
ffffffff  __binit__                     
ffffffff  __c_args__                    
UNDEFED   __mpu_init                    
20000270  __stack                       
20000000  __start___llvm_prf_cnts       
20000000  __stop___llvm_prf_cnts        
00004c45  _c_int00_noargs               
00004e88  _ctypes_                      
2000231c  _lock                         
000018db  _nop                          
2000233c  _running                      
20001270  _sys_memory                   
UNDEFED   _system_post_cinit            
00004e81  _system_pre_init              
200022dc  _timeout_ticks                
20002320  _unlock                       
00004e85  abort                         
00003fc5  aligned_alloc                 
00004a09  atoi                          
ffffffff  binit                         
00004ba1  calloc                        
2000232c  command_byte                  
20002330  command_flag                  
00004d55  copysign                      
00004d55  copysignl                     
00002dad  cyBOT_SERVO_cal               
00002d3b  cyBOT_Scan                    
00002ce3  cyBOT_init_Scan               
20002334  cyBOT_scan_features           
00002cd5  cyBOT_scan_version            
20002338  errno                         
200022e0  fallingEdge                   
000041c1  free                          
000048a9  frexp                         
000048a9  frexpl                        
20000000  g_pfnRAMVectors               
00000000  g_pfnVectors                  
0000097f  go_charge                     
00003e4b  ir_enableInterrupt            
00003e2d  ir_getDistance                
00003e05  ir_getValue                   
00003d9d  ir_init                       
200022f8  isRisingEdge                  
200022e4  isr_int_value                 
00004e2f  lcd_clear                     
00002911  lcd_gotoLine                  
00002779  lcd_init                      
00002977  lcd_printf                    
00002839  lcd_putc                      
00002871  lcd_puts                      
0000273d  lcd_reverseNibble             
0000288f  lcd_sendCommand               
000028cd  lcd_sendNibble                
00002939  lcd_setCursorPos              
00003eb5  ldexp                         
00003eb5  ldexpl                        
200022e8  left_calibration_value        
000018dd  main                          
00004e79  malloc                        
00003fc5  memalign                      
00004d39  memccpy                       
0000443b  memcpy                        
00004681  memset                        
200022fc  motor_cal_factor_L            
20002300  motor_cal_factor_R            
000024df  move_backward                 
000022e1  move_forward                  
0000026d  oi_alloc                      
00000aa9  oi_checkFirmware              
000002c7  oi_close                      
00000279  oi_free                       
00000ded  oi_getMotorCalibrationLeft    
00000e01  oi_getMotorCalibrationRight   
000002b1  oi_init                       
00000289  oi_init_noupdate              
00000915  oi_loadSong                   
00004d9f  oi_parseInt                   
0000032b  oi_parsePacket                
0000096b  oi_play_song                  
0000084b  oi_setLeds                    
00000db1  oi_setMotorCalibration        
0000088f  oi_setWheels                  
00000b51  oi_shutoff_init               
0000098d  oi_uartInit                   
00000a31  oi_uartReceive                
00000a77  oi_uartSendBuff               
00000a15  oi_uartSendChar               
00000a59  oi_uartSendStr                
000002d9  oi_update                     
000032bf  ping_getDistance              
0000317d  ping_init                     
00003203  ping_trigger                  
200022ec  pulseLength                   
000042a5  realloc                       
200022f0  right_calibration_value       
200022f4  risingEdge                    
00003eb5  scalbn                        
00003eb5  scalbnl                       
000038ad  servo_init                    
0000393d  servo_move                    
0000399d  servo_setPWM                  
00003931  servo_stop                    
00004ae1  sprintf                       
00004dcf  strchr                        
00004db7  strcmp                        
00004de5  strcpy                        
00004df9  strlen                        
00003053  timer_getMicros               
00002ffb  timer_getMillis               
00002f35  timer_init                    
00002fd7  timer_pause                   
00002fe9  timer_resume                  
00002fad  timer_stop                    
000030ad  timer_waitMicros              
000030df  timer_waitMillis              
00002691  turn_left                     
000025e5  turn_right                    
00003539  uart_interrupt_init           
00003601  uart_sendChar                 
0000361f  uart_sendStr                  
00004b21  vsnprintf                     
00004e0d  wcslen                        


GLOBAL SYMBOLS: SORTED BY Symbol Address 

address   name                          
-------   ----                          
00000000  __TI_static_base__            
00000000  g_pfnVectors                  
0000026d  oi_alloc                      
00000279  oi_free                       
00000289  oi_init_noupdate              
000002b1  oi_init                       
000002c7  oi_close                      
000002d9  oi_update                     
0000032b  oi_parsePacket                
0000084b  oi_setLeds                    
0000088f  oi_setWheels                  
00000915  oi_loadSong                   
0000096b  oi_play_song                  
0000097f  go_charge                     
0000098d  oi_uartInit                   
00000a15  oi_uartSendChar               
00000a31  oi_uartReceive                
00000a59  oi_uartSendStr                
00000a77  oi_uartSendBuff               
00000aa9  oi_checkFirmware              
00000b51  oi_shutoff_init               
00000bc3  GPIOF_Handler                 
00000db1  oi_setMotorCalibration        
00000ded  oi_getMotorCalibrationLeft    
00000e01  oi_getMotorCalibrationRight   
00000e8d  __TI_printfi                  
00001000  __STACK_SIZE                  
00001000  __SYSMEM_SIZE                 
000018db  _nop                          
000018dd  main                          
000022e1  move_forward                  
000024df  move_backward                 
000025e5  turn_right                    
00002691  turn_left                     
0000273d  lcd_reverseNibble             
00002779  lcd_init                      
00002839  lcd_putc                      
00002871  lcd_puts                      
0000288f  lcd_sendCommand               
000028cd  lcd_sendNibble                
00002911  lcd_gotoLine                  
00002939  lcd_setCursorPos              
00002977  lcd_printf                    
00002cd5  cyBOT_scan_version            
00002ce3  cyBOT_init_Scan               
00002d3b  cyBOT_Scan                    
00002dad  cyBOT_SERVO_cal               
00002f35  timer_init                    
00002fad  timer_stop                    
00002fd7  timer_pause                   
00002fe9  timer_resume                  
00002ffb  timer_getMillis               
00003053  timer_getMicros               
000030ad  timer_waitMicros              
000030df  timer_waitMillis              
0000317d  ping_init                     
00003203  ping_trigger                  
0000326d  TIMER3B_Handler               
000032bf  ping_getDistance              
00003539  uart_interrupt_init           
00003601  uart_sendChar                 
0000361f  uart_sendStr                  
00003641  UART1_Handler                 
000036f5  __aeabi_dsub                  
000036ff  __aeabi_dadd                  
000038ab  __aeabi_idiv0                 
000038ab  __aeabi_ldiv0                 
000038ad  servo_init                    
00003931  servo_stop                    
0000393d  servo_move                    
0000399d  servo_setPWM                  
00003b41  __aeabi_ddiv                  
00003d9d  ir_init                       
00003e05  ir_getValue                   
00003e2d  ir_getDistance                
00003e35  ADC0SS0_Handler               
00003e4b  ir_enableInterrupt            
00003eb5  ldexp                         
00003eb5  ldexpl                        
00003eb5  scalbn                        
00003eb5  scalbnl                       
00003fc5  aligned_alloc                 
00003fc5  memalign                      
000040c5  __aeabi_dmul                  
000041c1  free                          
000042a5  realloc                       
0000443b  __aeabi_memcpy                
0000443b  __aeabi_memcpy4               
0000443b  __aeabi_memcpy8               
0000443b  memcpy                        
000044d7  __aeabi_uldivmod              
0000456d  __aeabi_cdcmpeq               
0000456d  __aeabi_cdcmple               
000045f3  __aeabi_cdrcmple              
00004679  __aeabi_memclr                
00004679  __aeabi_memclr4               
00004679  __aeabi_memclr8               
0000467b  __aeabi_memset                
0000467b  __aeabi_memset4               
0000467b  __aeabi_memset8               
00004681  memset                        
000047d3  __aeabi_d2f                   
00004841  __TI_decompress_lzss          
000048a9  frexp                         
000048a9  frexpl                        
00004963  __TI_ltoa                     
00004a09  atoi                          
00004a55  __aeabi_d2iz                  
00004a9d  __TI_auto_init_nobinit_nopinit
00004ae1  sprintf                       
00004b21  vsnprintf                     
00004ba1  calloc                        
00004bd9  __aeabi_f2d                   
00004c11  IntRegister                   
00004c45  _c_int00_noargs               
00004ca9  __aeabi_i2d                   
00004d01  __TI_zero_init_nomemset       
00004d39  memccpy                       
00004d55  copysign                      
00004d55  copysignl                     
00004d9f  oi_parseInt                   
00004db7  strcmp                        
00004dcf  strchr                        
00004de5  strcpy                        
00004df9  strlen                        
00004e0d  wcslen                        
00004e1f  IntMasterEnable               
00004e2f  lcd_clear                     
00004e3f  __TI_decompress_none          
00004e4d  CPUcpsie                      
00004e59  ResetISR                      
00004e71  __aeabi_errno_addr            
00004e79  malloc                        
00004e81  _system_pre_init              
00004e85  C$$EXIT                       
00004e85  abort                         
00004e88  _ctypes_                      
00004fc0  __TI_Handler_Table_Base       
00004fcc  __TI_Handler_Table_Limit      
00004fe0  __TI_CINIT_Base               
00004ff8  __TI_CINIT_Limit              
20000000  __start___llvm_prf_cnts       
20000000  __stop___llvm_prf_cnts        
20000000  g_pfnRAMVectors               
20000270  __stack                       
20000470  __STACK_TOP                   
20001270  __STACK_END                   
20001270  _sys_memory                   
200022dc  _timeout_ticks                
200022e0  fallingEdge                   
200022e4  isr_int_value                 
200022e8  left_calibration_value        
200022ec  pulseLength                   
200022f0  right_calibration_value       
200022f4  risingEdge                    
200022f8  isRisingEdge                  
200022fc  motor_cal_factor_L            
20002300  motor_cal_factor_R            
2000231c  _lock                         
20002320  _unlock                       
2000232c  command_byte                  
20002330  command_flag                  
20002334  cyBOT_scan_features           
20002338  errno                         
2000233c  _running                      
ffffffff  __TI_pprof_out_hndl           
ffffffff  __TI_prof_data_size           
ffffffff  __TI_prof_data_start          
ffffffff  __binit__                     
ffffffff  __c_args__                    
ffffffff  binit                         
UNDEFED   __mpu_init                    
UNDEFED   _system_post_cinit            

[173 symbols]
