******************************************************************************
                  TI ARM Linker PC v20.2.7                     
******************************************************************************
>> Linked Mon Feb 19 20:10:40 2024

OUTPUT FILE NAME:   <Lab3.out>
ENTRY POINT SYMBOL: "_c_int00_noargs"  address: 00005189


MEMORY CONFIGURATION

         name            origin    length      used     unused   attr    fill
----------------------  --------  ---------  --------  --------  ----  --------
  FLASH                 00000000   00040000  0000560a  0003a9f6  R  X
  SRAM                  20000000   00008000  000024ff  00005b01  RW X


SEGMENT ALLOCATION MAP

run origin  load origin   length   init length attrs members
----------  ----------- ---------- ----------- ----- -------
00000000    00000000    00005610   00005610    r-x
  00000000    00000000    0000026c   0000026c    r-- .intvecs
  0000026c    0000026c    00005170   00005170    r-x .text
  000053e0    000053e0    000001d6   000001d6    r-- .const
  000055b8    000055b8    00000058   00000058    r-- .cinit
20000000    20000000    00002506   00000000    rw-
  20000000    20000000    0000026c   00000000    rw- .vtable
  20000270    20000270    00001000   00000000    rw- .stack
  20001270    20001270    00001000   00000000    rw- .sysmem
  20002270    20002270    0000024d   00000000    rw- .bss
  200024c0    200024c0    00000046   00000000    rw- .data


SECTION ALLOCATION MAP

 output                                  attributes/
section   page    origin      length       input sections
--------  ----  ----------  ----------   ----------------
.intvecs   0    00000000    0000026c     
                  00000000    0000026c     tm4c123gh6pm_startup_ccs.obj (.intvecs)

.text      0    0000026c    00005170     
                  0000026c    00000c20     open_interface.obj (.text)
                  00000e8c    00000a4e     rtsv7M4_T_le_v4SPD16_eabi.lib : _printfi.c.obj (.text:__TI_printfi)
                  000018da    00000002                                   : _lock.c.obj (.text:_nop)
                  000018dc    000009d0                                   : e_pow.c.obj (.text:pow)
                  000022ac    00000728     main.obj (.text)
                  000029d4    00000328     lcd.obj (.text)
                  00002cfc    00000298     movement.obj (.text)
                  00002f94    00000270     rtsv7M4_T_le_v4SPD16_eabi.lib : _printfi.c.obj (.text:_pconv_a)
                  00003204    00000260     libcybotScan.lib : cyBot_Scan.obj (.text)
                  00003464    00000248     Timer.obj (.text)
                  000036ac    000001ec     libcybotScan.lib : ping.obj (.text)
                  00003898    000001d0     rtsv7M4_T_le_v4SPD16_eabi.lib : _printfi.c.obj (.text:_pconv_g)
                  00003a68    000001b6                                   : fd_add_t2.asm.obj (.text)
                  00003c1e    00000002                                   : div0.asm.obj (.text)
                  00003c20    0000015c     libcybotUART.lib : uart.obj (.text)
                  00003d7c    00000158     libcybotScan.lib : servo.obj (.text)
                  00003ed4    00000158     rtsv7M4_T_le_v4SPD16_eabi.lib : e_sqrt.c.obj (.text:sqrt)
                  0000402c    0000013c                                   : _printfi.c.obj (.text:_pconv_e)
                  00004168    00000136                                   : fd_div_t2.asm.obj (.text)
                  0000429e    00000002     --HOLE-- [fill = 0]
                  000042a0    00000124                                   : _printfi.c.obj (.text:fcvt)
                  000043c4    00000118     libcybotScan.lib : ir.obj (.text)
                  000044dc    00000110     rtsv7M4_T_le_v4SPD16_eabi.lib : s_scalbn.c.obj (.text:scalbn)
                  000045ec    00000100                                   : memory.c.obj (.text:aligned_alloc)
                  000046ec    000000fc                                   : fd_mul_t2.asm.obj (.text)
                  000047e8    000000e4                                   : memory.c.obj (.text:free)
                  000048cc    000000b1                                   : _printfi.c.obj (.text:_ltostr)
                  0000497d    00000001     --HOLE-- [fill = 0]
                  0000497e    0000009c                                   : memcpy_t2.asm.obj (.text)
                  00004a1a    00000096                                   : ull_div_t2.asm.obj (.text)
                  00004ab0    00000086                                   : fd_cmp_t2.asm.obj (.text:__aeabi_cdcmple)
                  00004b36    00000086                                   : fd_cmp_t2.asm.obj (.text:__aeabi_cdrcmple)
                  00004bbc    0000007a                                   : memset_t2.asm.obj (.text)
                  00004c36    00000002     --HOLE-- [fill = 0]
                  00004c38    00000070                                   : memory.c.obj (.text:split)
                  00004ca8    0000006e                                   : _printfi.c.obj (.text:_mcpy)
                  00004d16    0000006e                                   : fd_tos_t2.asm.obj (.text)
                  00004d84    00000068                                   : copy_decompress_lzss.c.obj (.text:decompress:lzss:__TI_decompress_lzss)
                  00004dec    00000064                                   : s_frexp.c.obj (.text:frexp)
                  00004e50    00000056                                   : _printfi.c.obj (.text:_pconv_f)
                  00004ea6    00000054                                   : _ltoa.c.obj (.text:__TI_ltoa)
                  00004efa    00000052                                   : _printfi.c.obj (.text:_ecpy)
                  00004f4c    0000004c                                   : atoi.c.obj (.text:atoi)
                  00004f98    00000048                                   : fd_toi_t2.asm.obj (.text)
                  00004fe0    00000044                                   : autoinit.c.obj (.text:__TI_auto_init_nobinit_nopinit:__TI_auto_init_nobinit_nopinit)
                  00005024    00000040                                   : sprintf.c.obj (.text:sprintf)
                  00005064    00000040                                   : vsnprintf.c.obj (.text:vsnprintf)
                  000050a4    0000003e                                   : _printfi.c.obj (.text:_fcpy)
                  000050e2    00000002     --HOLE-- [fill = 0]
                  000050e4    00000038                                   : memory.c.obj (.text:calloc)
                  0000511c    00000038                                   : fs_tod_t2.asm.obj (.text)
                  00005154    00000034     driverlib.lib : interrupt.obj (.text:IntRegister)
                  00005188    00000034     rtsv7M4_T_le_v4SPD16_eabi.lib : boot_cortex_m.c.obj (.text:_c_int00_noargs:_c_int00_noargs)
                  000051bc    00000030                                   : vsnprintf.c.obj (.text:_outs)
                  000051ec    0000002e                                   : i_tofd_t2.asm.obj (.text)
                  0000521a    00000002     --HOLE-- [fill = 0]
                  0000521c    00000028                                   : memory.c.obj (.text:free_list_insert)
                  00005244    00000020                                   : u_tofd_t2.asm.obj (.text)
                  00005264    0000001c                                   : memory.c.obj (.text:free_list_remove)
                  00005280    0000001c                                   : memccpy.c.obj (.text:memccpy)
                  0000529c    0000001a                                   : s_copysign.c.obj (.text:copysign)
                  000052b6    00000018                                   : vsnprintf.c.obj (.text:_outc)
                  000052ce    00000018                                   : sprintf.c.obj (.text:_outs)
                  000052e6    00000018     open_interface.obj (.text:oi_parseInt)
                  000052fe    00000018     rtsv7M4_T_le_v4SPD16_eabi.lib : strcmp.c.obj (.text:strcmp)
                  00005316    00000016                                   : strchr.c.obj (.text:strchr)
                  0000532c    00000014                                   : strcpy.c.obj (.text:strcpy)
                  00005340    00000014                                   : strlen.c.obj (.text:strlen)
                  00005354    00000012                                   : wcslen.c.obj (.text:wcslen)
                  00005366    00000010     driverlib.lib : interrupt.obj (.text:IntMasterEnable)
                  00005376    00000010     lcd.obj (.text:lcd_clear)
                  00005386    0000000e     rtsv7M4_T_le_v4SPD16_eabi.lib : copy_decompress_none.c.obj (.text:decompress:none:__TI_decompress_none)
                  00005394    0000000c     driverlib.lib : cpu.obj (.text:CPUcpsie)
                  000053a0    0000000c     rtsv7M4_T_le_v4SPD16_eabi.lib : copy_zero_init.c.obj (.text:decompress:ZI:__TI_zero_init)
                  000053ac    0000000c     tm4c123gh6pm_startup_ccs.obj (.text)
                  000053b8    0000000a     rtsv7M4_T_le_v4SPD16_eabi.lib : sprintf.c.obj (.text:_outc)
                  000053c2    00000002     --HOLE-- [fill = 0]
                  000053c4    00000008                                   : errno.c.obj (.text:__aeabi_errno_addr)
                  000053cc    00000008                                   : memory.c.obj (.text:malloc)
                  000053d4    00000004                                   : pre_init.c.obj (.text:_system_pre_init)
                  000053d8    00000004                                   : exit.c.obj (.text:abort:abort)

.const     0    000053e0    000001d6     
                  000053e0    00000101     rtsv7M4_T_le_v4SPD16_eabi.lib : ctype.c.obj (.const:.string:_ctypes_)
                  000054e1    00000004     lcd.obj (.const:.string:lineAddress$1)
                  000054e5    00000003     main.obj (.const:.string:$P$T4$5)
                  000054e8    00000030     rtsv7M4_T_le_v4SPD16_eabi.lib : e_pow.c.obj (.const:$O1$$)
                  00005518    0000002d     main.obj (.const:.string:$P$T0$1)
                  00005545    0000002d     main.obj (.const:.string:$P$T1$2)
                  00005572    00000025     main.obj (.const:.string:$P$T2$3)
                  00005597    0000000f     open_interface.obj (.const:.string:$P$T0$3)
                  000055a6    0000000c     main.obj (.const:.string:$P$T3$4)
                  000055b2    00000004     lcd.obj (.const:.string:lineAddresses$2)

.cinit     0    000055b8    00000058     
                  000055b8    00000020     (.cinit..data.load) [load image, compression = lzss]
                  000055d8    0000000c     (__TI_handler_table)
                  000055e4    00000004     --HOLE-- [fill = 0]
                  000055e8    00000008     (.cinit..bss.load) [load image, compression = zero_init]
                  000055f0    00000008     (.cinit..vtable.load) [load image, compression = zero_init]
                  000055f8    00000018     (__TI_cinit_table)

.init_array 
*          0    00000000    00000000     UNINITIALIZED

.vtable    0    20000000    0000026c     UNINITIALIZED
                  20000000    0000026c     driverlib.lib : interrupt.obj (.vtable)

.stack     0    20000270    00001000     UNINITIALIZED
                  20000270    00000004     rtsv7M4_T_le_v4SPD16_eabi.lib : boot_cortex_m.c.obj (.stack)
                  20000274    00000ffc     --HOLE--

.sysmem    0    20001270    00001000     UNINITIALIZED
                  20001270    00000010     rtsv7M4_T_le_v4SPD16_eabi.lib : memory.c.obj (.sysmem)
                  20001280    00000ff0     --HOLE--

.bss       0    20002270    0000024d     UNINITIALIZED
                  20002270    00000168     (.common:array)
                  200023d8    00000054     lcd.obj (.bss:lastbuffer$3)
                  2000242c    00000034     (.common:isr_char_buffer)
                  20002460    00000028     (.common:ang)
                  20002488    00000018     open_interface.obj (.bss:firmware$2)
                  200024a0    00000004     (.common:_timeout_ticks)
                  200024a4    00000004     (.common:fallingEdge)
                  200024a8    00000004     (.common:isr_int_value)
                  200024ac    00000004     (.common:left_calibration_value)
                  200024b0    00000004     (.common:pulseLength)
                  200024b4    00000004     (.common:right_calibration_value)
                  200024b8    00000004     (.common:risingEdge)
                  200024bc    00000001     (.common:isRisingEdge)

.data      0    200024c0    00000046     UNINITIALIZED
                  200024c0    00000020     open_interface.obj (.data)
                  200024e0    00000008     rtsv7M4_T_le_v4SPD16_eabi.lib : _lock.c.obj (.data:$O1$$)
                  200024e8    00000008                                   : memory.c.obj (.data:$O1$$)
                  200024f0    00000004     libcybotScan.lib : cyBot_Scan.obj (.data)
                  200024f4    00000004     libcybotUART.lib : uart.obj (.data)
                  200024f8    00000004     main.obj (.data)
                  200024fc    00000004     rtsv7M4_T_le_v4SPD16_eabi.lib : errno.c.obj (.data)
                  20002500    00000003     main.obj (.data:newLine)
                  20002503    00000002     main.obj (.data:tab)
                  20002505    00000001     Timer.obj (.data)

__llvm_prf_cnts 
*          0    20000000    00000000     UNINITIALIZED

MODULE SUMMARY

       Module                         code    ro data   rw data
       ------                         ----    -------   -------
    .\
       open_interface.obj             3128    15        56     
       main.obj                       1832    142       417    
       lcd.obj                        824     8         84     
       movement.obj                   664     0         0      
       tm4c123gh6pm_startup_ccs.obj   12      620       0      
       Timer.obj                      584     0         5      
    +--+------------------------------+-------+---------+---------+
       Total:                         7044    785       562    
                                                               
    ../libcybotScan.lib
       cyBot_Scan.obj                 608     0         4      
       ping.obj                       492     0         13     
       servo.obj                      344     0         0      
       ir.obj                         280     0         4      
    +--+------------------------------+-------+---------+---------+
       Total:                         1724    0         21     
                                                               
    ../libcybotUART.lib
       uart.obj                       348     0         56     
    +--+------------------------------+-------+---------+---------+
       Total:                         348     0         56     
                                                               
    C:/ti/TivaWare_C_Series-2.2.0.295/driverlib/ccs/Debug/driverlib.lib
       interrupt.obj                  68      0         620    
       cpu.obj                        12      0         0      
    +--+------------------------------+-------+---------+---------+
       Total:                         80      0         620    
                                                               
    C:\ti\ccs1230\ccs\tools\compiler\ti-cgt-arm_20.2.7.LTS\lib\rtsv7M4_T_le_v4SPD16_eabi.lib
       _printfi.c.obj                 4851    0         0      
       e_pow.c.obj                    2512    48        0      
       memory.c.obj                   728     0         8      
       fd_add_t2.asm.obj              438     0         0      
       e_sqrt.c.obj                   344     0         0      
       fd_div_t2.asm.obj              310     0         0      
       s_scalbn.c.obj                 272     0         0      
       fd_cmp_t2.asm.obj              268     0         0      
       ctype.c.obj                    0       257       0      
       fd_mul_t2.asm.obj              252     0         0      
       memcpy_t2.asm.obj              156     0         0      
       ull_div_t2.asm.obj             150     0         0      
       vsnprintf.c.obj                136     0         0      
       memset_t2.asm.obj              122     0         0      
       fd_tos_t2.asm.obj              110     0         0      
       copy_decompress_lzss.c.obj     104     0         0      
       s_frexp.c.obj                  100     0         0      
       sprintf.c.obj                  98      0         0      
       _ltoa.c.obj                    84      0         0      
       atoi.c.obj                     76      0         0      
       fd_toi_t2.asm.obj              72      0         0      
       autoinit.c.obj                 68      0         0      
       fs_tod_t2.asm.obj              56      0         0      
       boot_cortex_m.c.obj            52      0         0      
       i_tofd_t2.asm.obj              46      0         0      
       u_tofd_t2.asm.obj              32      0         0      
       memccpy.c.obj                  28      0         0      
       s_copysign.c.obj               26      0         0      
       strcmp.c.obj                   24      0         0      
       strchr.c.obj                   22      0         0      
       strcpy.c.obj                   20      0         0      
       strlen.c.obj                   20      0         0      
       wcslen.c.obj                   18      0         0      
       copy_decompress_none.c.obj     14      0         0      
       copy_zero_init.c.obj           12      0         0      
       errno.c.obj                    8       0         4      
       _lock.c.obj                    2       0         8      
       exit.c.obj                     4       0         0      
       pre_init.c.obj                 4       0         0      
       div0.asm.obj                   2       0         0      
    +--+------------------------------+-------+---------+---------+
       Total:                         11641   305       20     
                                                               
       Heap:                          0       0         4096   
       Stack:                         0       0         4096   
       Linker Generated:              0       84        0      
    +--+------------------------------+-------+---------+---------+
       Grand Total:                   20837   1174      9471   


LINKER GENERATED COPY TABLES

__TI_cinit_table @ 000055f8 records: 3, size/record: 8, table size: 24
	.data: load addr=000055b8, load size=00000020 bytes, run addr=200024c0, run size=00000046 bytes, compression=lzss
	.bss: load addr=000055e8, load size=00000008 bytes, run addr=20002270, run size=0000024d bytes, compression=zero_init
	.vtable: load addr=000055f0, load size=00000008 bytes, run addr=20000000, run size=0000026c bytes, compression=zero_init


LINKER GENERATED HANDLER TABLE

__TI_handler_table @ 000055d8 records: 3, size/record: 4, table size: 12
	index: 0, handler: __TI_zero_init
	index: 1, handler: __TI_decompress_lzss
	index: 2, handler: __TI_decompress_none


GLOBAL SYMBOLS: SORTED ALPHABETICALLY BY Name 

address   name                          
-------   ----                          
0000445d  ADC0SS0_Handler               
000053d9  C$$EXIT                       
00005395  CPUcpsie                      
00000bc3  GPIOF_Handler                 
00005367  IntMasterEnable               
00005155  IntRegister                   
000053ad  ResetISR                      
0000379d  TIMER3B_Handler               
20001270  __STACK_END                   
00001000  __STACK_SIZE                  
20000470  __STACK_TOP                   
00001000  __SYSMEM_SIZE                 
000055f8  __TI_CINIT_Base               
00005610  __TI_CINIT_Limit              
000055d8  __TI_Handler_Table_Base       
000055e4  __TI_Handler_Table_Limit      
00004fe1  __TI_auto_init_nobinit_nopinit
00004d85  __TI_decompress_lzss          
00005387  __TI_decompress_none          
00004ea7  __TI_ltoa                     
ffffffff  __TI_pprof_out_hndl           
00000e8d  __TI_printfi                  
ffffffff  __TI_prof_data_size           
ffffffff  __TI_prof_data_start          
00000000  __TI_static_base__            
000053a1  __TI_zero_init                
00004ab1  __aeabi_cdcmpeq               
00004ab1  __aeabi_cdcmple               
00004b37  __aeabi_cdrcmple              
00004d17  __aeabi_d2f                   
00004f99  __aeabi_d2iz                  
00003a73  __aeabi_dadd                  
00004169  __aeabi_ddiv                  
000046ed  __aeabi_dmul                  
00003a69  __aeabi_dsub                  
000053c5  __aeabi_errno_addr            
0000511d  __aeabi_f2d                   
000051ed  __aeabi_i2d                   
00003c1f  __aeabi_idiv0                 
00003c1f  __aeabi_ldiv0                 
00004bbd  __aeabi_memclr                
00004bbd  __aeabi_memclr4               
00004bbd  __aeabi_memclr8               
0000497f  __aeabi_memcpy                
0000497f  __aeabi_memcpy4               
0000497f  __aeabi_memcpy8               
00004bbf  __aeabi_memset                
00004bbf  __aeabi_memset4               
00004bbf  __aeabi_memset8               
00005245  __aeabi_ui2d                  
00004a1b  __aeabi_uldivmod              
ffffffff  __binit__                     
ffffffff  __c_args__                    
UNDEFED   __mpu_init                    
20000270  __stack                       
20000000  __start___llvm_prf_cnts       
20000000  __stop___llvm_prf_cnts        
00005189  _c_int00_noargs               
000053e0  _ctypes_                      
200024e0  _lock                         
000018db  _nop                          
20002505  _running                      
20001270  _sys_memory                   
UNDEFED   _system_post_cinit            
000053d5  _system_pre_init              
200024a0  _timeout_ticks                
200024e4  _unlock                       
000053d9  abort                         
000045ed  aligned_alloc                 
20002460  ang                           
20002270  array                         
00004f4d  atoi                          
ffffffff  binit                         
000050e5  calloc                        
0000529d  copysign                      
0000529d  copysignl                     
000032dd  cyBOT_SERVO_cal               
0000326b  cyBOT_Scan                    
00003213  cyBOT_init_Scan               
200024f0  cyBOT_scan_features           
00003205  cyBOT_scan_version            
00003d29  cyBot_UART1_Handler           
00003d0f  cyBot_getByte                 
00003c21  cyBot_sendByte                
00003cf1  cyBot_uart_flush              
00003c5f  cyBot_uart_init               
00003c47  cyBot_uart_sendBuffer         
00003c2d  cyBot_uart_sendStr            
000023a1  detect                        
00002791  doScan                        
200024fc  errno                         
00002895  est_distance                  
200024a4  fallingEdge                   
000047e9  free                          
00004ded  frexp                         
00004ded  frexpl                        
20000000  g_pfnRAMVectors               
00000000  g_pfnVectors                  
0000097f  go_charge                     
00004473  ir_enableInterrupt            
00004455  ir_getDistance                
0000442d  ir_getValue                   
000043c5  ir_init                       
200024bc  isRisingEdge                  
2000242c  isr_char_buffer               
200024f4  isr_counter                   
200024a8  isr_int_value                 
00005377  lcd_clear                     
00002ba9  lcd_gotoLine                  
00002a11  lcd_init                      
00002c0f  lcd_printf                    
00002ad1  lcd_putc                      
00002b09  lcd_puts                      
000029d5  lcd_reverseNibble             
00002b27  lcd_sendCommand               
00002b65  lcd_sendNibble                
00002bd1  lcd_setCursorPos              
000044dd  ldexp                         
000044dd  ldexpl                        
200024ac  left_calibration_value        
000022ad  main                          
000053cd  malloc                        
000045ed  memalign                      
00005281  memccpy                       
0000497f  memcpy                        
00004bc5  memset                        
200024c0  motor_cal_factor_L            
200024c4  motor_cal_factor_R            
00002ed9  move_around                   
00002db3  move_backwards                
00002cfd  move_forward                  
20002500  newLine                       
200024f8  objNum                        
0000026d  oi_alloc                      
00000aa9  oi_checkFirmware              
000002c7  oi_close                      
00000279  oi_free                       
00000ded  oi_getMotorCalibrationLeft    
00000e01  oi_getMotorCalibrationRight   
000002b1  oi_init                       
00000289  oi_init_noupdate              
00000915  oi_loadSong                   
000052e7  oi_parseInt                   
0000032b  oi_parsePacket                
0000096b  oi_play_song                  
0000084b  oi_setLeds                    
00000db1  oi_setMotorCalibration        
0000088f  oi_setWheels                  
00000b51  oi_shutoff_init               
0000098d  oi_uartInit                   
00000a31  oi_uartReceive                
00000a77  oi_uartSendBuff               
00000a15  oi_uartSendChar               
00000a59  oi_uartSendStr                
000002d9  oi_update                     
000037ef  ping_getDistance              
000036ad  ping_init                     
00003733  ping_trigger                  
000018dd  pow                           
000018dd  powl                          
200024b0  pulseLength                   
200024b4  right_calibration_value       
200024b8  risingEdge                    
000044dd  scalbn                        
000044dd  scalbnl                       
00003d7d  servo_init                    
00003e0d  servo_move                    
00003e6d  servo_setPWM                  
00003e01  servo_stop                    
00005025  sprintf                       
00003ed5  sqrt                          
00003ed5  sqrtl                         
00005317  strchr                        
000052ff  strcmp                        
0000532d  strcpy                        
00005341  strlen                        
20002503  tab                           
00003583  timer_getMicros               
0000352b  timer_getMillis               
00003465  timer_init                    
00003507  timer_pause                   
00003519  timer_resume                  
000034dd  timer_stop                    
000035dd  timer_waitMicros              
0000360f  timer_waitMillis              
00002e23  turn                          
0000292f  uart_recieve                  
000028f5  uart_sendString               
00005065  vsnprintf                     
00005355  wcslen                        


GLOBAL SYMBOLS: SORTED BY Symbol Address 

address   name                          
-------   ----                          
00000000  __TI_static_base__            
00000000  g_pfnVectors                  
0000026d  oi_alloc                      
00000279  oi_free                       
00000289  oi_init_noupdate              
000002b1  oi_init                       
000002c7  oi_close                      
000002d9  oi_update                     
0000032b  oi_parsePacket                
0000084b  oi_setLeds                    
0000088f  oi_setWheels                  
00000915  oi_loadSong                   
0000096b  oi_play_song                  
0000097f  go_charge                     
0000098d  oi_uartInit                   
00000a15  oi_uartSendChar               
00000a31  oi_uartReceive                
00000a59  oi_uartSendStr                
00000a77  oi_uartSendBuff               
00000aa9  oi_checkFirmware              
00000b51  oi_shutoff_init               
00000bc3  GPIOF_Handler                 
00000db1  oi_setMotorCalibration        
00000ded  oi_getMotorCalibrationLeft    
00000e01  oi_getMotorCalibrationRight   
00000e8d  __TI_printfi                  
00001000  __STACK_SIZE                  
00001000  __SYSMEM_SIZE                 
000018db  _nop                          
000018dd  pow                           
000018dd  powl                          
000022ad  main                          
000023a1  detect                        
00002791  doScan                        
00002895  est_distance                  
000028f5  uart_sendString               
0000292f  uart_recieve                  
000029d5  lcd_reverseNibble             
00002a11  lcd_init                      
00002ad1  lcd_putc                      
00002b09  lcd_puts                      
00002b27  lcd_sendCommand               
00002b65  lcd_sendNibble                
00002ba9  lcd_gotoLine                  
00002bd1  lcd_setCursorPos              
00002c0f  lcd_printf                    
00002cfd  move_forward                  
00002db3  move_backwards                
00002e23  turn                          
00002ed9  move_around                   
00003205  cyBOT_scan_version            
00003213  cyBOT_init_Scan               
0000326b  cyBOT_Scan                    
000032dd  cyBOT_SERVO_cal               
00003465  timer_init                    
000034dd  timer_stop                    
00003507  timer_pause                   
00003519  timer_resume                  
0000352b  timer_getMillis               
00003583  timer_getMicros               
000035dd  timer_waitMicros              
0000360f  timer_waitMillis              
000036ad  ping_init                     
00003733  ping_trigger                  
0000379d  TIMER3B_Handler               
000037ef  ping_getDistance              
00003a69  __aeabi_dsub                  
00003a73  __aeabi_dadd                  
00003c1f  __aeabi_idiv0                 
00003c1f  __aeabi_ldiv0                 
00003c21  cyBot_sendByte                
00003c2d  cyBot_uart_sendStr            
00003c47  cyBot_uart_sendBuffer         
00003c5f  cyBot_uart_init               
00003cf1  cyBot_uart_flush              
00003d0f  cyBot_getByte                 
00003d29  cyBot_UART1_Handler           
00003d7d  servo_init                    
00003e01  servo_stop                    
00003e0d  servo_move                    
00003e6d  servo_setPWM                  
00003ed5  sqrt                          
00003ed5  sqrtl                         
00004169  __aeabi_ddiv                  
000043c5  ir_init                       
0000442d  ir_getValue                   
00004455  ir_getDistance                
0000445d  ADC0SS0_Handler               
00004473  ir_enableInterrupt            
000044dd  ldexp                         
000044dd  ldexpl                        
000044dd  scalbn                        
000044dd  scalbnl                       
000045ed  aligned_alloc                 
000045ed  memalign                      
000046ed  __aeabi_dmul                  
000047e9  free                          
0000497f  __aeabi_memcpy                
0000497f  __aeabi_memcpy4               
0000497f  __aeabi_memcpy8               
0000497f  memcpy                        
00004a1b  __aeabi_uldivmod              
00004ab1  __aeabi_cdcmpeq               
00004ab1  __aeabi_cdcmple               
00004b37  __aeabi_cdrcmple              
00004bbd  __aeabi_memclr                
00004bbd  __aeabi_memclr4               
00004bbd  __aeabi_memclr8               
00004bbf  __aeabi_memset                
00004bbf  __aeabi_memset4               
00004bbf  __aeabi_memset8               
00004bc5  memset                        
00004d17  __aeabi_d2f                   
00004d85  __TI_decompress_lzss          
00004ded  frexp                         
00004ded  frexpl                        
00004ea7  __TI_ltoa                     
00004f4d  atoi                          
00004f99  __aeabi_d2iz                  
00004fe1  __TI_auto_init_nobinit_nopinit
00005025  sprintf                       
00005065  vsnprintf                     
000050e5  calloc                        
0000511d  __aeabi_f2d                   
00005155  IntRegister                   
00005189  _c_int00_noargs               
000051ed  __aeabi_i2d                   
00005245  __aeabi_ui2d                  
00005281  memccpy                       
0000529d  copysign                      
0000529d  copysignl                     
000052e7  oi_parseInt                   
000052ff  strcmp                        
00005317  strchr                        
0000532d  strcpy                        
00005341  strlen                        
00005355  wcslen                        
00005367  IntMasterEnable               
00005377  lcd_clear                     
00005387  __TI_decompress_none          
00005395  CPUcpsie                      
000053a1  __TI_zero_init                
000053ad  ResetISR                      
000053c5  __aeabi_errno_addr            
000053cd  malloc                        
000053d5  _system_pre_init              
000053d9  C$$EXIT                       
000053d9  abort                         
000053e0  _ctypes_                      
000055d8  __TI_Handler_Table_Base       
000055e4  __TI_Handler_Table_Limit      
000055f8  __TI_CINIT_Base               
00005610  __TI_CINIT_Limit              
20000000  __start___llvm_prf_cnts       
20000000  __stop___llvm_prf_cnts        
20000000  g_pfnRAMVectors               
20000270  __stack                       
20000470  __STACK_TOP                   
20001270  __STACK_END                   
20001270  _sys_memory                   
20002270  array                         
2000242c  isr_char_buffer               
20002460  ang                           
200024a0  _timeout_ticks                
200024a4  fallingEdge                   
200024a8  isr_int_value                 
200024ac  left_calibration_value        
200024b0  pulseLength                   
200024b4  right_calibration_value       
200024b8  risingEdge                    
200024bc  isRisingEdge                  
200024c0  motor_cal_factor_L            
200024c4  motor_cal_factor_R            
200024e0  _lock                         
200024e4  _unlock                       
200024f0  cyBOT_scan_features           
200024f4  isr_counter                   
200024f8  objNum                        
200024fc  errno                         
20002500  newLine                       
20002503  tab                           
20002505  _running                      
ffffffff  __TI_pprof_out_hndl           
ffffffff  __TI_prof_data_size           
ffffffff  __TI_prof_data_start          
ffffffff  __binit__                     
ffffffff  __c_args__                    
ffffffff  binit                         
UNDEFED   __mpu_init                    
UNDEFED   _system_post_cinit            

[190 symbols]
