<?xml version="1.0" encoding="ISO-8859-1" ?>
<link_info>
   <banner>TI ARM Linker PC v20.2.7.LTS</banner>
   <copyright>Copyright (c) 1996-2018 Texas Instruments Incorporated</copyright>
   <link_time>0x65d40a20</link_time>
   <link_errors>0x0</link_errors>
   <output_file>Lab3.out</output_file>
   <entry_point>
      <name>_c_int00_noargs</name>
      <address>0x5189</address>
   </entry_point>
   <input_file_list>
      <input_file id="fl-2">
         <path>.\</path>
         <kind>object</kind>
         <file>Timer.obj</file>
         <name>Timer.obj</name>
      </input_file>
      <input_file id="fl-3">
         <path>.\</path>
         <kind>object</kind>
         <file>lcd.obj</file>
         <name>lcd.obj</name>
      </input_file>
      <input_file id="fl-4">
         <path>.\</path>
         <kind>object</kind>
         <file>main.obj</file>
         <name>main.obj</name>
      </input_file>
      <input_file id="fl-5">
         <path>.\</path>
         <kind>object</kind>
         <file>movement.obj</file>
         <name>movement.obj</name>
      </input_file>
      <input_file id="fl-6">
         <path>.\</path>
         <kind>object</kind>
         <file>open_interface.obj</file>
         <name>open_interface.obj</name>
      </input_file>
      <input_file id="fl-7">
         <path>.\</path>
         <kind>object</kind>
         <file>tm4c123gh6pm_startup_ccs.obj</file>
         <name>tm4c123gh6pm_startup_ccs.obj</name>
      </input_file>
      <input_file id="fl-e">
         <kind>object</kind>
         <file>&lt;internal&gt;</file>
         <name>&lt;internal&gt;</name>
      </input_file>
      <input_file id="fl-f">
         <path>..\</path>
         <kind>archive</kind>
         <file>libcybotScan.lib</file>
         <name>cyBot_Scan.obj</name>
      </input_file>
      <input_file id="fl-10">
         <path>..\</path>
         <kind>archive</kind>
         <file>libcybotScan.lib</file>
         <name>ir.obj</name>
      </input_file>
      <input_file id="fl-11">
         <path>..\</path>
         <kind>archive</kind>
         <file>libcybotScan.lib</file>
         <name>ping.obj</name>
      </input_file>
      <input_file id="fl-12">
         <path>..\</path>
         <kind>archive</kind>
         <file>libcybotScan.lib</file>
         <name>servo.obj</name>
      </input_file>
      <input_file id="fl-13">
         <path>..\</path>
         <kind>archive</kind>
         <file>libcybotUART.lib</file>
         <name>uart.obj</name>
      </input_file>
      <input_file id="fl-c9">
         <path>C:\ti\ccs1230\ccs\tools\compiler\ti-cgt-arm_20.2.7.LTS\lib\</path>
         <kind>archive</kind>
         <file>rtsv7M4_T_le_v4SPD16_eabi.lib</file>
         <name>e_pow.c.obj</name>
      </input_file>
      <input_file id="fl-ca">
         <path>C:\ti\ccs1230\ccs\tools\compiler\ti-cgt-arm_20.2.7.LTS\lib\</path>
         <kind>archive</kind>
         <file>rtsv7M4_T_le_v4SPD16_eabi.lib</file>
         <name>e_sqrt.c.obj</name>
      </input_file>
      <input_file id="fl-cb">
         <path>C:\ti\ccs1230\ccs\tools\compiler\ti-cgt-arm_20.2.7.LTS\lib\</path>
         <kind>archive</kind>
         <file>rtsv7M4_T_le_v4SPD16_eabi.lib</file>
         <name>s_scalbn.c.obj</name>
      </input_file>
      <input_file id="fl-cc">
         <path>C:\ti\ccs1230\ccs\tools\compiler\ti-cgt-arm_20.2.7.LTS\lib\</path>
         <kind>archive</kind>
         <file>rtsv7M4_T_le_v4SPD16_eabi.lib</file>
         <name>sprintf.c.obj</name>
      </input_file>
      <input_file id="fl-cd">
         <path>C:\ti\ccs1230\ccs\tools\compiler\ti-cgt-arm_20.2.7.LTS\lib\</path>
         <kind>archive</kind>
         <file>rtsv7M4_T_le_v4SPD16_eabi.lib</file>
         <name>vsnprintf.c.obj</name>
      </input_file>
      <input_file id="fl-ce">
         <path>C:\ti\ccs1230\ccs\tools\compiler\ti-cgt-arm_20.2.7.LTS\lib\</path>
         <kind>archive</kind>
         <file>rtsv7M4_T_le_v4SPD16_eabi.lib</file>
         <name>fd_add_t2.asm.obj</name>
      </input_file>
      <input_file id="fl-cf">
         <path>C:\ti\ccs1230\ccs\tools\compiler\ti-cgt-arm_20.2.7.LTS\lib\</path>
         <kind>archive</kind>
         <file>rtsv7M4_T_le_v4SPD16_eabi.lib</file>
         <name>fd_cmp_t2.asm.obj</name>
      </input_file>
      <input_file id="fl-d0">
         <path>C:\ti\ccs1230\ccs\tools\compiler\ti-cgt-arm_20.2.7.LTS\lib\</path>
         <kind>archive</kind>
         <file>rtsv7M4_T_le_v4SPD16_eabi.lib</file>
         <name>fd_div_t2.asm.obj</name>
      </input_file>
      <input_file id="fl-d1">
         <path>C:\ti\ccs1230\ccs\tools\compiler\ti-cgt-arm_20.2.7.LTS\lib\</path>
         <kind>archive</kind>
         <file>rtsv7M4_T_le_v4SPD16_eabi.lib</file>
         <name>fd_mul_t2.asm.obj</name>
      </input_file>
      <input_file id="fl-d2">
         <path>C:\ti\ccs1230\ccs\tools\compiler\ti-cgt-arm_20.2.7.LTS\lib\</path>
         <kind>archive</kind>
         <file>rtsv7M4_T_le_v4SPD16_eabi.lib</file>
         <name>fd_tos_t2.asm.obj</name>
      </input_file>
      <input_file id="fl-d3">
         <path>C:\ti\ccs1230\ccs\tools\compiler\ti-cgt-arm_20.2.7.LTS\lib\</path>
         <kind>archive</kind>
         <file>rtsv7M4_T_le_v4SPD16_eabi.lib</file>
         <name>fs_tod_t2.asm.obj</name>
      </input_file>
      <input_file id="fl-d4">
         <path>C:\ti\ccs1230\ccs\tools\compiler\ti-cgt-arm_20.2.7.LTS\lib\</path>
         <kind>archive</kind>
         <file>rtsv7M4_T_le_v4SPD16_eabi.lib</file>
         <name>i_tofd_t2.asm.obj</name>
      </input_file>
      <input_file id="fl-d5">
         <path>C:\ti\ccs1230\ccs\tools\compiler\ti-cgt-arm_20.2.7.LTS\lib\</path>
         <kind>archive</kind>
         <file>rtsv7M4_T_le_v4SPD16_eabi.lib</file>
         <name>memcpy_t2.asm.obj</name>
      </input_file>
      <input_file id="fl-d6">
         <path>C:\ti\ccs1230\ccs\tools\compiler\ti-cgt-arm_20.2.7.LTS\lib\</path>
         <kind>archive</kind>
         <file>rtsv7M4_T_le_v4SPD16_eabi.lib</file>
         <name>u_tofd_t2.asm.obj</name>
      </input_file>
      <input_file id="fl-d7">
         <path>C:\ti\ccs1230\ccs\tools\compiler\ti-cgt-arm_20.2.7.LTS\lib\</path>
         <kind>archive</kind>
         <file>rtsv7M4_T_le_v4SPD16_eabi.lib</file>
         <name>copy_zero_init.c.obj</name>
      </input_file>
      <input_file id="fl-d8">
         <path>C:\ti\ccs1230\ccs\tools\compiler\ti-cgt-arm_20.2.7.LTS\lib\</path>
         <kind>archive</kind>
         <file>rtsv7M4_T_le_v4SPD16_eabi.lib</file>
         <name>copy_decompress_none.c.obj</name>
      </input_file>
      <input_file id="fl-d9">
         <path>C:\ti\ccs1230\ccs\tools\compiler\ti-cgt-arm_20.2.7.LTS\lib\</path>
         <kind>archive</kind>
         <file>rtsv7M4_T_le_v4SPD16_eabi.lib</file>
         <name>copy_decompress_lzss.c.obj</name>
      </input_file>
      <input_file id="fl-da">
         <path>C:\ti\ccs1230\ccs\tools\compiler\ti-cgt-arm_20.2.7.LTS\lib\</path>
         <kind>archive</kind>
         <file>rtsv7M4_T_le_v4SPD16_eabi.lib</file>
         <name>memory.c.obj</name>
      </input_file>
      <input_file id="fl-db">
         <path>C:\ti\ccs1230\ccs\tools\compiler\ti-cgt-arm_20.2.7.LTS\lib\</path>
         <kind>archive</kind>
         <file>rtsv7M4_T_le_v4SPD16_eabi.lib</file>
         <name>strcmp.c.obj</name>
      </input_file>
      <input_file id="fl-dc">
         <path>C:\ti\ccs1230\ccs\tools\compiler\ti-cgt-arm_20.2.7.LTS\lib\</path>
         <kind>archive</kind>
         <file>rtsv7M4_T_le_v4SPD16_eabi.lib</file>
         <name>strcpy.c.obj</name>
      </input_file>
      <input_file id="fl-dd">
         <path>C:\ti\ccs1230\ccs\tools\compiler\ti-cgt-arm_20.2.7.LTS\lib\</path>
         <kind>archive</kind>
         <file>rtsv7M4_T_le_v4SPD16_eabi.lib</file>
         <name>strlen.c.obj</name>
      </input_file>
      <input_file id="fl-de">
         <path>C:\ti\ccs1230\ccs\tools\compiler\ti-cgt-arm_20.2.7.LTS\lib\</path>
         <kind>archive</kind>
         <file>rtsv7M4_T_le_v4SPD16_eabi.lib</file>
         <name>boot_cortex_m.c.obj</name>
      </input_file>
      <input_file id="fl-df">
         <path>C:\ti\ccs1230\ccs\tools\compiler\ti-cgt-arm_20.2.7.LTS\lib\</path>
         <kind>archive</kind>
         <file>rtsv7M4_T_le_v4SPD16_eabi.lib</file>
         <name>errno.c.obj</name>
      </input_file>
      <input_file id="fl-e0">
         <path>C:\ti\ccs1230\ccs\tools\compiler\ti-cgt-arm_20.2.7.LTS\lib\</path>
         <kind>archive</kind>
         <file>rtsv7M4_T_le_v4SPD16_eabi.lib</file>
         <name>s_copysign.c.obj</name>
      </input_file>
      <input_file id="fl-e1">
         <path>C:\ti\ccs1230\ccs\tools\compiler\ti-cgt-arm_20.2.7.LTS\lib\</path>
         <kind>archive</kind>
         <file>rtsv7M4_T_le_v4SPD16_eabi.lib</file>
         <name>_printfi.c.obj</name>
      </input_file>
      <input_file id="fl-e2">
         <path>C:\ti\ccs1230\ccs\tools\compiler\ti-cgt-arm_20.2.7.LTS\lib\</path>
         <kind>archive</kind>
         <file>rtsv7M4_T_le_v4SPD16_eabi.lib</file>
         <name>fd_toi_t2.asm.obj</name>
      </input_file>
      <input_file id="fl-e3">
         <path>C:\ti\ccs1230\ccs\tools\compiler\ti-cgt-arm_20.2.7.LTS\lib\</path>
         <kind>archive</kind>
         <file>rtsv7M4_T_le_v4SPD16_eabi.lib</file>
         <name>memset_t2.asm.obj</name>
      </input_file>
      <input_file id="fl-e4">
         <path>C:\ti\ccs1230\ccs\tools\compiler\ti-cgt-arm_20.2.7.LTS\lib\</path>
         <kind>archive</kind>
         <file>rtsv7M4_T_le_v4SPD16_eabi.lib</file>
         <name>ull_div_t2.asm.obj</name>
      </input_file>
      <input_file id="fl-e5">
         <path>C:\ti\ccs1230\ccs\tools\compiler\ti-cgt-arm_20.2.7.LTS\lib\</path>
         <kind>archive</kind>
         <file>rtsv7M4_T_le_v4SPD16_eabi.lib</file>
         <name>autoinit.c.obj</name>
      </input_file>
      <input_file id="fl-e6">
         <path>C:\ti\ccs1230\ccs\tools\compiler\ti-cgt-arm_20.2.7.LTS\lib\</path>
         <kind>archive</kind>
         <file>rtsv7M4_T_le_v4SPD16_eabi.lib</file>
         <name>pre_init.c.obj</name>
      </input_file>
      <input_file id="fl-e7">
         <path>C:\ti\ccs1230\ccs\tools\compiler\ti-cgt-arm_20.2.7.LTS\lib\</path>
         <kind>archive</kind>
         <file>rtsv7M4_T_le_v4SPD16_eabi.lib</file>
         <name>cpy_tbl.c.obj</name>
      </input_file>
      <input_file id="fl-e8">
         <path>C:\ti\ccs1230\ccs\tools\compiler\ti-cgt-arm_20.2.7.LTS\lib\</path>
         <kind>archive</kind>
         <file>rtsv7M4_T_le_v4SPD16_eabi.lib</file>
         <name>exit.c.obj</name>
      </input_file>
      <input_file id="fl-e9">
         <path>C:\ti\ccs1230\ccs\tools\compiler\ti-cgt-arm_20.2.7.LTS\lib\</path>
         <kind>archive</kind>
         <file>rtsv7M4_T_le_v4SPD16_eabi.lib</file>
         <name>_lock.c.obj</name>
      </input_file>
      <input_file id="fl-ea">
         <path>C:\ti\ccs1230\ccs\tools\compiler\ti-cgt-arm_20.2.7.LTS\lib\</path>
         <kind>archive</kind>
         <file>rtsv7M4_T_le_v4SPD16_eabi.lib</file>
         <name>_ltoa.c.obj</name>
      </input_file>
      <input_file id="fl-eb">
         <path>C:\ti\ccs1230\ccs\tools\compiler\ti-cgt-arm_20.2.7.LTS\lib\</path>
         <kind>archive</kind>
         <file>rtsv7M4_T_le_v4SPD16_eabi.lib</file>
         <name>args_main.c.obj</name>
      </input_file>
      <input_file id="fl-ec">
         <path>C:\ti\ccs1230\ccs\tools\compiler\ti-cgt-arm_20.2.7.LTS\lib\</path>
         <kind>archive</kind>
         <file>rtsv7M4_T_le_v4SPD16_eabi.lib</file>
         <name>atoi.c.obj</name>
      </input_file>
      <input_file id="fl-ed">
         <path>C:\ti\ccs1230\ccs\tools\compiler\ti-cgt-arm_20.2.7.LTS\lib\</path>
         <kind>archive</kind>
         <file>rtsv7M4_T_le_v4SPD16_eabi.lib</file>
         <name>ctype.c.obj</name>
      </input_file>
      <input_file id="fl-ee">
         <path>C:\ti\ccs1230\ccs\tools\compiler\ti-cgt-arm_20.2.7.LTS\lib\</path>
         <kind>archive</kind>
         <file>rtsv7M4_T_le_v4SPD16_eabi.lib</file>
         <name>memccpy.c.obj</name>
      </input_file>
      <input_file id="fl-ef">
         <path>C:\ti\ccs1230\ccs\tools\compiler\ti-cgt-arm_20.2.7.LTS\lib\</path>
         <kind>archive</kind>
         <file>rtsv7M4_T_le_v4SPD16_eabi.lib</file>
         <name>strchr.c.obj</name>
      </input_file>
      <input_file id="fl-f0">
         <path>C:\ti\ccs1230\ccs\tools\compiler\ti-cgt-arm_20.2.7.LTS\lib\</path>
         <kind>archive</kind>
         <file>rtsv7M4_T_le_v4SPD16_eabi.lib</file>
         <name>wcslen.c.obj</name>
      </input_file>
      <input_file id="fl-f1">
         <path>C:\ti\ccs1230\ccs\tools\compiler\ti-cgt-arm_20.2.7.LTS\lib\</path>
         <kind>archive</kind>
         <file>rtsv7M4_T_le_v4SPD16_eabi.lib</file>
         <name>s_frexp.c.obj</name>
      </input_file>
      <input_file id="fl-f2">
         <path>C:\ti\ccs1230\ccs\tools\compiler\ti-cgt-arm_20.2.7.LTS\lib\</path>
         <kind>archive</kind>
         <file>rtsv7M4_T_le_v4SPD16_eabi.lib</file>
         <name>div0.asm.obj</name>
      </input_file>
      <input_file id="fl-f3">
         <path>C:\ti\TivaWare_C_Series-2.2.0.295\driverlib\ccs\Debug\</path>
         <kind>archive</kind>
         <file>driverlib.lib</file>
         <name>interrupt.obj</name>
      </input_file>
      <input_file id="fl-f4">
         <path>C:\ti\TivaWare_C_Series-2.2.0.295\driverlib\ccs\Debug\</path>
         <kind>archive</kind>
         <file>driverlib.lib</file>
         <name>cpu.obj</name>
      </input_file>
   </input_file_list>
   <object_component_list>
      <object_component id="oc-12">
         <name>.intvecs</name>
         <load_address>0x0</load_address>
         <run_address>0x0</run_address>
         <size>0x26c</size>
         <input_file_ref idref="fl-7"/>
      </object_component>
      <object_component id="oc-ef">
         <name>.text</name>
         <load_address>0x26c</load_address>
         <run_address>0x26c</run_address>
         <size>0xc20</size>
         <input_file_ref idref="fl-6"/>
      </object_component>
      <object_component id="oc-236">
         <name>.text:__TI_printfi</name>
         <load_address>0xe8c</load_address>
         <run_address>0xe8c</run_address>
         <size>0xa4e</size>
         <input_file_ref idref="fl-e1"/>
      </object_component>
      <object_component id="oc-373">
         <name>.text:_nop</name>
         <load_address>0x18da</load_address>
         <run_address>0x18da</run_address>
         <size>0x2</size>
         <input_file_ref idref="fl-e9"/>
      </object_component>
      <object_component id="oc-11a">
         <name>.text:pow</name>
         <load_address>0x18dc</load_address>
         <run_address>0x18dc</run_address>
         <size>0x9d0</size>
         <input_file_ref idref="fl-c9"/>
      </object_component>
      <object_component id="oc-a2">
         <name>.text</name>
         <load_address>0x22ac</load_address>
         <run_address>0x22ac</run_address>
         <size>0x728</size>
         <input_file_ref idref="fl-4"/>
      </object_component>
      <object_component id="oc-dd">
         <name>.text</name>
         <load_address>0x29d4</load_address>
         <run_address>0x29d4</run_address>
         <size>0x328</size>
         <input_file_ref idref="fl-3"/>
      </object_component>
      <object_component id="oc-f5">
         <name>.text</name>
         <load_address>0x2cfc</load_address>
         <run_address>0x2cfc</run_address>
         <size>0x298</size>
         <input_file_ref idref="fl-5"/>
      </object_component>
      <object_component id="oc-326">
         <name>.text:_pconv_a</name>
         <load_address>0x2f94</load_address>
         <run_address>0x2f94</run_address>
         <size>0x270</size>
         <input_file_ref idref="fl-e1"/>
      </object_component>
      <object_component id="oc-e9">
         <name>.text</name>
         <load_address>0x3204</load_address>
         <run_address>0x3204</run_address>
         <size>0x260</size>
         <input_file_ref idref="fl-f"/>
      </object_component>
      <object_component id="oc-d7">
         <name>.text</name>
         <load_address>0x3464</load_address>
         <run_address>0x3464</run_address>
         <size>0x248</size>
         <input_file_ref idref="fl-2"/>
      </object_component>
      <object_component id="oc-1c8">
         <name>.text</name>
         <load_address>0x36ac</load_address>
         <run_address>0x36ac</run_address>
         <size>0x1ec</size>
         <input_file_ref idref="fl-11"/>
      </object_component>
      <object_component id="oc-314">
         <name>.text:_pconv_g</name>
         <load_address>0x3898</load_address>
         <run_address>0x3898</run_address>
         <size>0x1d0</size>
         <input_file_ref idref="fl-e1"/>
      </object_component>
      <object_component id="oc-1fe">
         <name>.text</name>
         <load_address>0x3a68</load_address>
         <run_address>0x3a68</run_address>
         <size>0x1b6</size>
         <input_file_ref idref="fl-ce"/>
      </object_component>
      <object_component id="oc-42c">
         <name>.text</name>
         <load_address>0x3c1e</load_address>
         <run_address>0x3c1e</run_address>
         <size>0x2</size>
         <input_file_ref idref="fl-f2"/>
      </object_component>
      <object_component id="oc-e3">
         <name>.text</name>
         <load_address>0x3c20</load_address>
         <run_address>0x3c20</run_address>
         <size>0x15c</size>
         <input_file_ref idref="fl-13"/>
      </object_component>
      <object_component id="oc-1c2">
         <name>.text</name>
         <load_address>0x3d7c</load_address>
         <run_address>0x3d7c</run_address>
         <size>0x158</size>
         <input_file_ref idref="fl-12"/>
      </object_component>
      <object_component id="oc-252">
         <name>.text:sqrt</name>
         <load_address>0x3ed4</load_address>
         <run_address>0x3ed4</run_address>
         <size>0x158</size>
         <input_file_ref idref="fl-ca"/>
      </object_component>
      <object_component id="oc-320">
         <name>.text:_pconv_e</name>
         <load_address>0x402c</load_address>
         <run_address>0x402c</run_address>
         <size>0x13c</size>
         <input_file_ref idref="fl-e1"/>
      </object_component>
      <object_component id="oc-1f9">
         <name>.text</name>
         <load_address>0x4168</load_address>
         <run_address>0x4168</run_address>
         <size>0x136</size>
         <input_file_ref idref="fl-d0"/>
      </object_component>
      <object_component id="oc-3d7">
         <name>.text:fcvt</name>
         <load_address>0x42a0</load_address>
         <run_address>0x42a0</run_address>
         <size>0x124</size>
         <input_file_ref idref="fl-e1"/>
      </object_component>
      <object_component id="oc-1ce">
         <name>.text</name>
         <load_address>0x43c4</load_address>
         <run_address>0x43c4</run_address>
         <size>0x118</size>
         <input_file_ref idref="fl-10"/>
      </object_component>
      <object_component id="oc-261">
         <name>.text:scalbn</name>
         <load_address>0x44dc</load_address>
         <run_address>0x44dc</run_address>
         <size>0x110</size>
         <input_file_ref idref="fl-cb"/>
      </object_component>
      <object_component id="oc-24b">
         <name>.text:aligned_alloc</name>
         <load_address>0x45ec</load_address>
         <run_address>0x45ec</run_address>
         <size>0x100</size>
         <input_file_ref idref="fl-da"/>
      </object_component>
      <object_component id="oc-120">
         <name>.text</name>
         <load_address>0x46ec</load_address>
         <run_address>0x46ec</run_address>
         <size>0xfc</size>
         <input_file_ref idref="fl-d1"/>
      </object_component>
      <object_component id="oc-1e3">
         <name>.text:free</name>
         <load_address>0x47e8</load_address>
         <run_address>0x47e8</run_address>
         <size>0xe4</size>
         <input_file_ref idref="fl-da"/>
      </object_component>
      <object_component id="oc-30e">
         <name>.text:_ltostr</name>
         <load_address>0x48cc</load_address>
         <run_address>0x48cc</run_address>
         <size>0xb1</size>
         <input_file_ref idref="fl-e1"/>
      </object_component>
      <object_component id="oc-3e">
         <name>.text</name>
         <load_address>0x497e</load_address>
         <run_address>0x497e</run_address>
         <size>0x9c</size>
         <input_file_ref idref="fl-d5"/>
      </object_component>
      <object_component id="oc-3b9">
         <name>.text</name>
         <load_address>0x4a1a</load_address>
         <run_address>0x4a1a</run_address>
         <size>0x96</size>
         <input_file_ref idref="fl-e4"/>
      </object_component>
      <object_component id="oc-20e">
         <name>.text:__aeabi_cdcmple</name>
         <load_address>0x4ab0</load_address>
         <run_address>0x4ab0</run_address>
         <size>0x86</size>
         <input_file_ref idref="fl-cf"/>
      </object_component>
      <object_component id="oc-213">
         <name>.text:__aeabi_cdrcmple</name>
         <load_address>0x4b36</load_address>
         <run_address>0x4b36</run_address>
         <size>0x86</size>
         <input_file_ref idref="fl-cf"/>
      </object_component>
      <object_component id="oc-96">
         <name>.text</name>
         <load_address>0x4bbc</load_address>
         <run_address>0x4bbc</run_address>
         <size>0x7a</size>
         <input_file_ref idref="fl-e3"/>
      </object_component>
      <object_component id="oc-348">
         <name>.text:split</name>
         <load_address>0x4c38</load_address>
         <run_address>0x4c38</run_address>
         <size>0x70</size>
         <input_file_ref idref="fl-da"/>
      </object_component>
      <object_component id="oc-3d0">
         <name>.text:_mcpy</name>
         <load_address>0x4ca8</load_address>
         <run_address>0x4ca8</run_address>
         <size>0x6e</size>
         <input_file_ref idref="fl-e1"/>
      </object_component>
      <object_component id="oc-125">
         <name>.text</name>
         <load_address>0x4d16</load_address>
         <run_address>0x4d16</run_address>
         <size>0x6e</size>
         <input_file_ref idref="fl-d2"/>
      </object_component>
      <object_component id="oc-15">
         <name>.text:decompress:lzss:__TI_decompress_lzss</name>
         <load_address>0x4d84</load_address>
         <run_address>0x4d84</run_address>
         <size>0x68</size>
         <input_file_ref idref="fl-d9"/>
      </object_component>
      <object_component id="oc-3e5">
         <name>.text:frexp</name>
         <load_address>0x4dec</load_address>
         <run_address>0x4dec</run_address>
         <size>0x64</size>
         <input_file_ref idref="fl-f1"/>
      </object_component>
      <object_component id="oc-31a">
         <name>.text:_pconv_f</name>
         <load_address>0x4e50</load_address>
         <run_address>0x4e50</run_address>
         <size>0x56</size>
         <input_file_ref idref="fl-e1"/>
      </object_component>
      <object_component id="oc-3c4">
         <name>.text:__TI_ltoa</name>
         <load_address>0x4ea6</load_address>
         <run_address>0x4ea6</run_address>
         <size>0x54</size>
         <input_file_ref idref="fl-ea"/>
      </object_component>
      <object_component id="oc-3ca">
         <name>.text:_ecpy</name>
         <load_address>0x4efa</load_address>
         <run_address>0x4efa</run_address>
         <size>0x52</size>
         <input_file_ref idref="fl-e1"/>
      </object_component>
      <object_component id="oc-308">
         <name>.text:atoi</name>
         <load_address>0x4f4c</load_address>
         <run_address>0x4f4c</run_address>
         <size>0x4c</size>
         <input_file_ref idref="fl-ec"/>
      </object_component>
      <object_component id="oc-3bf">
         <name>.text</name>
         <load_address>0x4f98</load_address>
         <run_address>0x4f98</run_address>
         <size>0x48</size>
         <input_file_ref idref="fl-e2"/>
      </object_component>
      <object_component id="oc-159">
         <name>.text:__TI_auto_init_nobinit_nopinit:__TI_auto_init_nobinit_nopinit</name>
         <load_address>0x4fe0</load_address>
         <run_address>0x4fe0</run_address>
         <size>0x44</size>
         <input_file_ref idref="fl-e5"/>
      </object_component>
      <object_component id="oc-108">
         <name>.text:sprintf</name>
         <load_address>0x5024</load_address>
         <run_address>0x5024</run_address>
         <size>0x40</size>
         <input_file_ref idref="fl-cc"/>
      </object_component>
      <object_component id="oc-19f">
         <name>.text:vsnprintf</name>
         <load_address>0x5064</load_address>
         <run_address>0x5064</run_address>
         <size>0x40</size>
         <input_file_ref idref="fl-cd"/>
      </object_component>
      <object_component id="oc-3dd">
         <name>.text:_fcpy</name>
         <load_address>0x50a4</load_address>
         <run_address>0x50a4</run_address>
         <size>0x3e</size>
         <input_file_ref idref="fl-e1"/>
      </object_component>
      <object_component id="oc-1dd">
         <name>.text:calloc</name>
         <load_address>0x50e4</load_address>
         <run_address>0x50e4</run_address>
         <size>0x38</size>
         <input_file_ref idref="fl-da"/>
      </object_component>
      <object_component id="oc-12a">
         <name>.text</name>
         <load_address>0x511c</load_address>
         <run_address>0x511c</run_address>
         <size>0x38</size>
         <input_file_ref idref="fl-d3"/>
      </object_component>
      <object_component id="oc-18d">
         <name>.text:IntRegister</name>
         <load_address>0x5154</load_address>
         <run_address>0x5154</run_address>
         <size>0x34</size>
         <input_file_ref idref="fl-f3"/>
      </object_component>
      <object_component id="oc-5c">
         <name>.text:_c_int00_noargs:_c_int00_noargs</name>
         <load_address>0x5188</load_address>
         <run_address>0x5188</run_address>
         <size>0x34</size>
         <input_file_ref idref="fl-de"/>
      </object_component>
      <object_component id="oc-2ac">
         <name>.text:_outs</name>
         <load_address>0x51bc</load_address>
         <run_address>0x51bc</run_address>
         <size>0x30</size>
         <input_file_ref idref="fl-cd"/>
      </object_component>
      <object_component id="oc-10e">
         <name>.text</name>
         <load_address>0x51ec</load_address>
         <run_address>0x51ec</run_address>
         <size>0x2e</size>
         <input_file_ref idref="fl-d4"/>
      </object_component>
      <object_component id="oc-2ed">
         <name>.text:free_list_insert</name>
         <load_address>0x521c</load_address>
         <run_address>0x521c</run_address>
         <size>0x28</size>
         <input_file_ref idref="fl-da"/>
      </object_component>
      <object_component id="oc-218">
         <name>.text</name>
         <load_address>0x5244</load_address>
         <run_address>0x5244</run_address>
         <size>0x20</size>
         <input_file_ref idref="fl-d6"/>
      </object_component>
      <object_component id="oc-2e7">
         <name>.text:free_list_remove</name>
         <load_address>0x5264</load_address>
         <run_address>0x5264</run_address>
         <size>0x1c</size>
         <input_file_ref idref="fl-da"/>
      </object_component>
      <object_component id="oc-32c">
         <name>.text:memccpy</name>
         <load_address>0x5280</load_address>
         <run_address>0x5280</run_address>
         <size>0x1c</size>
         <input_file_ref idref="fl-ee"/>
      </object_component>
      <object_component id="oc-35b">
         <name>.text:copysign</name>
         <load_address>0x529c</load_address>
         <run_address>0x529c</run_address>
         <size>0x1a</size>
         <input_file_ref idref="fl-e0"/>
      </object_component>
      <object_component id="oc-2b2">
         <name>.text:_outc</name>
         <load_address>0x52b6</load_address>
         <run_address>0x52b6</run_address>
         <size>0x18</size>
         <input_file_ref idref="fl-cd"/>
      </object_component>
      <object_component id="oc-23c">
         <name>.text:_outs</name>
         <load_address>0x52ce</load_address>
         <run_address>0x52ce</run_address>
         <size>0x18</size>
         <input_file_ref idref="fl-cc"/>
      </object_component>
      <object_component id="oc-1e9">
         <name>.text:oi_parseInt</name>
         <load_address>0x52e6</load_address>
         <run_address>0x52e6</run_address>
         <size>0x18</size>
         <input_file_ref idref="fl-6"/>
      </object_component>
      <object_component id="oc-1a5">
         <name>.text:strcmp</name>
         <load_address>0x52fe</load_address>
         <run_address>0x52fe</run_address>
         <size>0x18</size>
         <input_file_ref idref="fl-db"/>
      </object_component>
      <object_component id="oc-3eb">
         <name>.text:strchr</name>
         <load_address>0x5316</load_address>
         <run_address>0x5316</run_address>
         <size>0x16</size>
         <input_file_ref idref="fl-ef"/>
      </object_component>
      <object_component id="oc-1ab">
         <name>.text:strcpy</name>
         <load_address>0x532c</load_address>
         <run_address>0x532c</run_address>
         <size>0x14</size>
         <input_file_ref idref="fl-dc"/>
      </object_component>
      <object_component id="oc-138">
         <name>.text:strlen</name>
         <load_address>0x5340</load_address>
         <run_address>0x5340</run_address>
         <size>0x14</size>
         <input_file_ref idref="fl-dd"/>
      </object_component>
      <object_component id="oc-332">
         <name>.text:wcslen</name>
         <load_address>0x5354</load_address>
         <run_address>0x5354</run_address>
         <size>0x12</size>
         <input_file_ref idref="fl-f0"/>
      </object_component>
      <object_component id="oc-1f0">
         <name>.text:IntMasterEnable</name>
         <load_address>0x5366</load_address>
         <run_address>0x5366</run_address>
         <size>0x10</size>
         <input_file_ref idref="fl-f3"/>
      </object_component>
      <object_component id="oc-198">
         <name>.text:lcd_clear</name>
         <load_address>0x5376</load_address>
         <run_address>0x5376</run_address>
         <size>0x10</size>
         <input_file_ref idref="fl-3"/>
      </object_component>
      <object_component id="oc-1b">
         <name>.text:decompress:none:__TI_decompress_none</name>
         <load_address>0x5386</load_address>
         <run_address>0x5386</run_address>
         <size>0xe</size>
         <input_file_ref idref="fl-d8"/>
      </object_component>
      <object_component id="oc-2f4">
         <name>.text:CPUcpsie</name>
         <load_address>0x5394</load_address>
         <run_address>0x5394</run_address>
         <size>0xc</size>
         <input_file_ref idref="fl-f4"/>
      </object_component>
      <object_component id="oc-50">
         <name>.text:decompress:ZI:__TI_zero_init</name>
         <load_address>0x53a0</load_address>
         <run_address>0x53a0</run_address>
         <size>0xc</size>
         <input_file_ref idref="fl-d7"/>
      </object_component>
      <object_component id="oc-2a">
         <name>.text</name>
         <load_address>0x53ac</load_address>
         <run_address>0x53ac</run_address>
         <size>0xc</size>
         <input_file_ref idref="fl-7"/>
      </object_component>
      <object_component id="oc-242">
         <name>.text:_outc</name>
         <load_address>0x53b8</load_address>
         <run_address>0x53b8</run_address>
         <size>0xa</size>
         <input_file_ref idref="fl-cc"/>
      </object_component>
      <object_component id="oc-258">
         <name>.text:__aeabi_errno_addr</name>
         <load_address>0x53c4</load_address>
         <run_address>0x53c4</run_address>
         <size>0x8</size>
         <input_file_ref idref="fl-df"/>
      </object_component>
      <object_component id="oc-114">
         <name>.text:malloc</name>
         <load_address>0x53cc</load_address>
         <run_address>0x53cc</run_address>
         <size>0x8</size>
         <input_file_ref idref="fl-da"/>
      </object_component>
      <object_component id="oc-9c">
         <name>.text:_system_pre_init</name>
         <load_address>0x53d4</load_address>
         <run_address>0x53d4</run_address>
         <size>0x4</size>
         <input_file_ref idref="fl-e6"/>
      </object_component>
      <object_component id="oc-14d">
         <name>.text:abort:abort</name>
         <load_address>0x53d8</load_address>
         <run_address>0x53d8</run_address>
         <size>0x4</size>
         <input_file_ref idref="fl-e8"/>
      </object_component>
      <object_component id="oc-3b4">
         <name>.const:.string:_ctypes_</name>
         <load_address>0x53e0</load_address>
         <run_address>0x53e0</run_address>
         <size>0x101</size>
         <input_file_ref idref="fl-ed"/>
      </object_component>
      <object_component id="oc-1b1">
         <name>.const:.string:lineAddress$1</name>
         <load_address>0x54e1</load_address>
         <run_address>0x54e1</run_address>
         <size>0x4</size>
         <input_file_ref idref="fl-3"/>
      </object_component>
      <object_component id="oc-144">
         <name>.const:.string:$P$T4$5</name>
         <load_address>0x54e5</load_address>
         <run_address>0x54e5</run_address>
         <size>0x3</size>
         <input_file_ref idref="fl-4"/>
      </object_component>
      <object_component id="oc-25e">
         <name>.const:$O1$$</name>
         <load_address>0x54e8</load_address>
         <run_address>0x54e8</run_address>
         <size>0x30</size>
         <input_file_ref idref="fl-c9"/>
      </object_component>
      <object_component id="oc-101">
         <name>.const:.string:$P$T0$1</name>
         <load_address>0x5518</load_address>
         <run_address>0x5518</run_address>
         <size>0x2d</size>
         <input_file_ref idref="fl-4"/>
      </object_component>
      <object_component id="oc-104">
         <name>.const:.string:$P$T1$2</name>
         <load_address>0x5545</load_address>
         <run_address>0x5545</run_address>
         <size>0x2d</size>
         <input_file_ref idref="fl-4"/>
      </object_component>
      <object_component id="oc-13e">
         <name>.const:.string:$P$T2$3</name>
         <load_address>0x5572</load_address>
         <run_address>0x5572</run_address>
         <size>0x25</size>
         <input_file_ref idref="fl-4"/>
      </object_component>
      <object_component id="oc-203">
         <name>.const:.string:$P$T0$3</name>
         <load_address>0x5597</load_address>
         <run_address>0x5597</run_address>
         <size>0xf</size>
         <input_file_ref idref="fl-6"/>
      </object_component>
      <object_component id="oc-141">
         <name>.const:.string:$P$T3$4</name>
         <load_address>0x55a6</load_address>
         <run_address>0x55a6</run_address>
         <size>0xc</size>
         <input_file_ref idref="fl-4"/>
      </object_component>
      <object_component id="oc-1b2">
         <name>.const:.string:lineAddresses$2</name>
         <load_address>0x55b2</load_address>
         <run_address>0x55b2</run_address>
         <size>0x4</size>
         <input_file_ref idref="fl-3"/>
      </object_component>
      <object_component id="oc-480">
         <name>.cinit..data.load</name>
         <load_address>0x55b8</load_address>
         <run_address>0x55b8</run_address>
         <size>0x20</size>
      </object_component>
      <object_component id="oc-47d">
         <name>__TI_handler_table</name>
         <load_address>0x55d8</load_address>
         <run_address>0x55d8</run_address>
         <size>0xc</size>
      </object_component>
      <object_component id="oc-481">
         <name>.cinit..bss.load</name>
         <load_address>0x55e8</load_address>
         <run_address>0x55e8</run_address>
         <size>0x8</size>
      </object_component>
      <object_component id="oc-47f">
         <name>.cinit..vtable.load</name>
         <load_address>0x55f0</load_address>
         <run_address>0x55f0</run_address>
         <size>0x8</size>
      </object_component>
      <object_component id="oc-47e">
         <name>__TI_cinit_table</name>
         <load_address>0x55f8</load_address>
         <run_address>0x55f8</run_address>
         <size>0x18</size>
      </object_component>
      <object_component id="oc-2a0">
         <name>.vtable</name>
         <uninitialized>true</uninitialized>
         <run_address>0x20000000</run_address>
         <size>0x26c</size>
         <input_file_ref idref="fl-f3"/>
      </object_component>
      <object_component id="oc-193">
         <name>.data</name>
         <load_address>0x20002505</load_address>
         <run_address>0x20002505</run_address>
         <size>0x1</size>
         <input_file_ref idref="fl-2"/>
      </object_component>
      <object_component id="oc-135">
         <name>.data:tab</name>
         <load_address>0x20002503</load_address>
         <run_address>0x20002503</run_address>
         <size>0x2</size>
         <input_file_ref idref="fl-4"/>
      </object_component>
      <object_component id="oc-132">
         <name>.data:newLine</name>
         <load_address>0x20002500</load_address>
         <run_address>0x20002500</run_address>
         <size>0x3</size>
         <input_file_ref idref="fl-4"/>
      </object_component>
      <object_component id="oc-12f">
         <name>.data</name>
         <load_address>0x200024f8</load_address>
         <run_address>0x200024f8</run_address>
         <size>0x4</size>
         <input_file_ref idref="fl-4"/>
      </object_component>
      <object_component id="oc-1f6">
         <name>.data</name>
         <load_address>0x200024c0</load_address>
         <run_address>0x200024c0</run_address>
         <size>0x20</size>
         <input_file_ref idref="fl-6"/>
      </object_component>
      <object_component id="oc-1d4">
         <name>.data</name>
         <load_address>0x200024f0</load_address>
         <run_address>0x200024f0</run_address>
         <size>0x4</size>
         <input_file_ref idref="fl-f"/>
      </object_component>
      <object_component id="oc-1be">
         <name>.data</name>
         <load_address>0x200024f4</load_address>
         <run_address>0x200024f4</run_address>
         <size>0x4</size>
         <input_file_ref idref="fl-13"/>
      </object_component>
      <object_component id="oc-34e">
         <name>.data:$O1$$</name>
         <load_address>0x200024e8</load_address>
         <run_address>0x200024e8</run_address>
         <size>0x8</size>
         <input_file_ref idref="fl-da"/>
      </object_component>
      <object_component id="oc-354">
         <name>.data</name>
         <load_address>0x200024fc</load_address>
         <run_address>0x200024fc</run_address>
         <size>0x4</size>
         <input_file_ref idref="fl-df"/>
      </object_component>
      <object_component id="oc-284">
         <name>.data:$O1$$</name>
         <load_address>0x200024e0</load_address>
         <run_address>0x200024e0</run_address>
         <size>0x8</size>
         <input_file_ref idref="fl-e9"/>
      </object_component>
      <object_component id="oc-1b3">
         <name>.bss:lastbuffer$3</name>
         <uninitialized>true</uninitialized>
         <run_address>0x200023d8</run_address>
         <size>0x54</size>
         <input_file_ref idref="fl-3"/>
      </object_component>
      <object_component id="oc-206">
         <name>.bss:firmware$2</name>
         <uninitialized>true</uninitialized>
         <run_address>0x20002488</run_address>
         <size>0x18</size>
         <input_file_ref idref="fl-6"/>
      </object_component>
      <object_component id="oc-196">
         <name>.common:_timeout_ticks</name>
         <uninitialized>true</uninitialized>
         <run_address>0x200024a0</run_address>
         <size>0x4</size>
      </object_component>
      <object_component id="oc-fb">
         <name>.common:right_calibration_value</name>
         <uninitialized>true</uninitialized>
         <run_address>0x200024b4</run_address>
         <size>0x4</size>
      </object_component>
      <object_component id="oc-100">
         <name>.common:left_calibration_value</name>
         <uninitialized>true</uninitialized>
         <run_address>0x200024ac</run_address>
         <size>0x4</size>
      </object_component>
      <object_component id="oc-107">
         <name>.common:array</name>
         <uninitialized>true</uninitialized>
         <run_address>0x20002270</run_address>
         <size>0x168</size>
      </object_component>
      <object_component id="oc-113">
         <name>.common:ang</name>
         <uninitialized>true</uninitialized>
         <run_address>0x20002460</run_address>
         <size>0x28</size>
      </object_component>
      <object_component id="oc-2e0">
         <name>.common:isr_int_value</name>
         <uninitialized>true</uninitialized>
         <run_address>0x200024a8</run_address>
         <size>0x4</size>
      </object_component>
      <object_component id="oc-2dc">
         <name>.common:risingEdge</name>
         <uninitialized>true</uninitialized>
         <run_address>0x200024b8</run_address>
         <size>0x4</size>
      </object_component>
      <object_component id="oc-2dd">
         <name>.common:fallingEdge</name>
         <uninitialized>true</uninitialized>
         <run_address>0x200024a4</run_address>
         <size>0x4</size>
      </object_component>
      <object_component id="oc-2de">
         <name>.common:pulseLength</name>
         <uninitialized>true</uninitialized>
         <run_address>0x200024b0</run_address>
         <size>0x4</size>
      </object_component>
      <object_component id="oc-2d9">
         <name>.common:isRisingEdge</name>
         <uninitialized>true</uninitialized>
         <run_address>0x200024bc</run_address>
         <size>0x1</size>
      </object_component>
      <object_component id="oc-1bb">
         <name>.common:isr_char_buffer</name>
         <uninitialized>true</uninitialized>
         <run_address>0x2000242c</run_address>
         <size>0x34</size>
      </object_component>
      <object_component id="oc-24">
         <name>.sysmem</name>
         <uninitialized>true</uninitialized>
         <run_address>0x20001270</run_address>
         <size>0x10</size>
         <input_file_ref idref="fl-da"/>
      </object_component>
      <object_component id="oc-484">
         <name>.sysmem</name>
         <uninitialized>true</uninitialized>
         <run_address>0x20001270</run_address>
         <size>0x0</size>
      </object_component>
      <object_component id="oc-27">
         <name>.stack</name>
         <uninitialized>true</uninitialized>
         <run_address>0x20000270</run_address>
         <size>0x4</size>
         <input_file_ref idref="fl-de"/>
      </object_component>
      <object_component id="oc-483">
         <name>.stack</name>
         <uninitialized>true</uninitialized>
         <run_address>0x20000270</run_address>
         <size>0x0</size>
      </object_component>
      <object_component id="oc-c5">
         <name>.debug_info</name>
         <load_address>0x0</load_address>
         <run_address>0x0</run_address>
         <size>0x2c0</size>
         <input_file_ref idref="fl-2"/>
      </object_component>
      <object_component id="oc-194">
         <name>.debug_info</name>
         <load_address>0x2c0</load_address>
         <run_address>0x2c0</run_address>
         <size>0xce</size>
         <input_file_ref idref="fl-2"/>
      </object_component>
      <object_component id="oc-db">
         <name>.debug_info</name>
         <load_address>0x38e</load_address>
         <run_address>0x38e</run_address>
         <size>0x516</size>
         <input_file_ref idref="fl-2"/>
      </object_component>
      <object_component id="oc-77">
         <name>.debug_info</name>
         <load_address>0x8a4</load_address>
         <run_address>0x8a4</run_address>
         <size>0x26b</size>
         <input_file_ref idref="fl-2"/>
      </object_component>
      <object_component id="oc-39">
         <name>.debug_info</name>
         <load_address>0xb0f</load_address>
         <run_address>0xb0f</run_address>
         <size>0x84</size>
         <input_file_ref idref="fl-2"/>
      </object_component>
      <object_component id="oc-c0">
         <name>.debug_info</name>
         <load_address>0xb93</load_address>
         <run_address>0xb93</run_address>
         <size>0x2a4</size>
         <input_file_ref idref="fl-2"/>
      </object_component>
      <object_component id="oc-7c">
         <name>.debug_info</name>
         <load_address>0xe37</load_address>
         <run_address>0xe37</run_address>
         <size>0xbb</size>
         <input_file_ref idref="fl-2"/>
      </object_component>
      <object_component id="oc-1b5">
         <name>.debug_info</name>
         <load_address>0xef2</load_address>
         <run_address>0xef2</run_address>
         <size>0x38e</size>
         <input_file_ref idref="fl-3"/>
      </object_component>
      <object_component id="oc-19a">
         <name>.debug_info</name>
         <load_address>0x1280</load_address>
         <run_address>0x1280</run_address>
         <size>0x123</size>
         <input_file_ref idref="fl-3"/>
      </object_component>
      <object_component id="oc-de">
         <name>.debug_info</name>
         <load_address>0x13a3</load_address>
         <run_address>0x13a3</run_address>
         <size>0x8af</size>
         <input_file_ref idref="fl-3"/>
      </object_component>
      <object_component id="oc-22b">
         <name>.debug_info</name>
         <load_address>0x1c52</load_address>
         <run_address>0x1c52</run_address>
         <size>0xcc</size>
         <input_file_ref idref="fl-3"/>
      </object_component>
      <object_component id="oc-1b6">
         <name>.debug_info</name>
         <load_address>0x1d1e</load_address>
         <run_address>0x1d1e</run_address>
         <size>0x2c</size>
         <input_file_ref idref="fl-3"/>
      </object_component>
      <object_component id="oc-226">
         <name>.debug_info</name>
         <load_address>0x1d4a</load_address>
         <run_address>0x1d4a</run_address>
         <size>0x35</size>
         <input_file_ref idref="fl-3"/>
      </object_component>
      <object_component id="oc-fc">
         <name>.debug_info</name>
         <load_address>0x1d7f</load_address>
         <run_address>0x1d7f</run_address>
         <size>0x6d3</size>
         <input_file_ref idref="fl-4"/>
      </object_component>
      <object_component id="oc-136">
         <name>.debug_info</name>
         <load_address>0x2452</load_address>
         <run_address>0x2452</run_address>
         <size>0xc3</size>
         <input_file_ref idref="fl-4"/>
      </object_component>
      <object_component id="oc-133">
         <name>.debug_info</name>
         <load_address>0x2515</load_address>
         <run_address>0x2515</run_address>
         <size>0xcb</size>
         <input_file_ref idref="fl-4"/>
      </object_component>
      <object_component id="oc-130">
         <name>.debug_info</name>
         <load_address>0x25e0</load_address>
         <run_address>0x25e0</run_address>
         <size>0xc9</size>
         <input_file_ref idref="fl-4"/>
      </object_component>
      <object_component id="oc-102">
         <name>.debug_info</name>
         <load_address>0x26a9</load_address>
         <run_address>0x26a9</run_address>
         <size>0xca</size>
         <input_file_ref idref="fl-4"/>
      </object_component>
      <object_component id="oc-105">
         <name>.debug_info</name>
         <load_address>0x2773</load_address>
         <run_address>0x2773</run_address>
         <size>0xca</size>
         <input_file_ref idref="fl-4"/>
      </object_component>
      <object_component id="oc-13f">
         <name>.debug_info</name>
         <load_address>0x283d</load_address>
         <run_address>0x283d</run_address>
         <size>0xca</size>
         <input_file_ref idref="fl-4"/>
      </object_component>
      <object_component id="oc-142">
         <name>.debug_info</name>
         <load_address>0x2907</load_address>
         <run_address>0x2907</run_address>
         <size>0xca</size>
         <input_file_ref idref="fl-4"/>
      </object_component>
      <object_component id="oc-145">
         <name>.debug_info</name>
         <load_address>0x29d1</load_address>
         <run_address>0x29d1</run_address>
         <size>0xca</size>
         <input_file_ref idref="fl-4"/>
      </object_component>
      <object_component id="oc-a3">
         <name>.debug_info</name>
         <load_address>0x2a9b</load_address>
         <run_address>0x2a9b</run_address>
         <size>0xbfc</size>
         <input_file_ref idref="fl-4"/>
      </object_component>
      <object_component id="oc-221">
         <name>.debug_info</name>
         <load_address>0x3697</load_address>
         <run_address>0x3697</run_address>
         <size>0x5aa</size>
         <input_file_ref idref="fl-4"/>
      </object_component>
      <object_component id="oc-148">
         <name>.debug_info</name>
         <load_address>0x3c41</load_address>
         <run_address>0x3c41</run_address>
         <size>0x9d</size>
         <input_file_ref idref="fl-4"/>
      </object_component>
      <object_component id="oc-21e">
         <name>.debug_info</name>
         <load_address>0x3cde</load_address>
         <run_address>0x3cde</run_address>
         <size>0x321</size>
         <input_file_ref idref="fl-5"/>
      </object_component>
      <object_component id="oc-f8">
         <name>.debug_info</name>
         <load_address>0x3fff</load_address>
         <run_address>0x3fff</run_address>
         <size>0x69e</size>
         <input_file_ref idref="fl-5"/>
      </object_component>
      <object_component id="oc-208">
         <name>.debug_info</name>
         <load_address>0x469d</load_address>
         <run_address>0x469d</run_address>
         <size>0x40b</size>
         <input_file_ref idref="fl-6"/>
      </object_component>
      <object_component id="oc-1f7">
         <name>.debug_info</name>
         <load_address>0x4aa8</load_address>
         <run_address>0x4aa8</run_address>
         <size>0x120</size>
         <input_file_ref idref="fl-6"/>
      </object_component>
      <object_component id="oc-204">
         <name>.debug_info</name>
         <load_address>0x4bc8</load_address>
         <run_address>0x4bc8</run_address>
         <size>0xd5</size>
         <input_file_ref idref="fl-6"/>
      </object_component>
      <object_component id="oc-1ea">
         <name>.debug_info</name>
         <load_address>0x4c9d</load_address>
         <run_address>0x4c9d</run_address>
         <size>0x14d</size>
         <input_file_ref idref="fl-6"/>
      </object_component>
      <object_component id="oc-f0">
         <name>.debug_info</name>
         <load_address>0x4dea</load_address>
         <run_address>0x4dea</run_address>
         <size>0x1997</size>
         <input_file_ref idref="fl-6"/>
      </object_component>
      <object_component id="oc-209">
         <name>.debug_info</name>
         <load_address>0x6781</load_address>
         <run_address>0x6781</run_address>
         <size>0x8b</size>
         <input_file_ref idref="fl-6"/>
      </object_component>
      <object_component id="oc-32">
         <name>.debug_info</name>
         <load_address>0x680c</load_address>
         <run_address>0x680c</run_address>
         <size>0x2aa</size>
         <input_file_ref idref="fl-7"/>
      </object_component>
      <object_component id="oc-13">
         <name>.debug_info</name>
         <load_address>0x6ab6</load_address>
         <run_address>0x6ab6</run_address>
         <size>0xe9</size>
         <input_file_ref idref="fl-7"/>
      </object_component>
      <object_component id="oc-2d">
         <name>.debug_info</name>
         <load_address>0x6b9f</load_address>
         <run_address>0x6b9f</run_address>
         <size>0x265</size>
         <input_file_ref idref="fl-7"/>
      </object_component>
      <object_component id="oc-fe">
         <name>.debug_info</name>
         <load_address>0x6e04</load_address>
         <run_address>0x6e04</run_address>
         <size>0x485</size>
         <input_file_ref idref="fl-f"/>
      </object_component>
      <object_component id="oc-1d5">
         <name>.debug_info</name>
         <load_address>0x7289</load_address>
         <run_address>0x7289</run_address>
         <size>0x114</size>
         <input_file_ref idref="fl-f"/>
      </object_component>
      <object_component id="oc-ea">
         <name>.debug_info</name>
         <load_address>0x739d</load_address>
         <run_address>0x739d</run_address>
         <size>0x4ce</size>
         <input_file_ref idref="fl-f"/>
      </object_component>
      <object_component id="oc-1d8">
         <name>.debug_info</name>
         <load_address>0x786b</load_address>
         <run_address>0x786b</run_address>
         <size>0x9d</size>
         <input_file_ref idref="fl-f"/>
      </object_component>
      <object_component id="oc-2e1">
         <name>.debug_info</name>
         <load_address>0x7908</load_address>
         <run_address>0x7908</run_address>
         <size>0x2b7</size>
         <input_file_ref idref="fl-10"/>
      </object_component>
      <object_component id="oc-1cf">
         <name>.debug_info</name>
         <load_address>0x7bbf</load_address>
         <run_address>0x7bbf</run_address>
         <size>0x266</size>
         <input_file_ref idref="fl-10"/>
      </object_component>
      <object_component id="oc-2da">
         <name>.debug_info</name>
         <load_address>0x7e25</load_address>
         <run_address>0x7e25</run_address>
         <size>0x3ba</size>
         <input_file_ref idref="fl-11"/>
      </object_component>
      <object_component id="oc-1c9">
         <name>.debug_info</name>
         <load_address>0x81df</load_address>
         <run_address>0x81df</run_address>
         <size>0x270</size>
         <input_file_ref idref="fl-11"/>
      </object_component>
      <object_component id="oc-1c4">
         <name>.debug_info</name>
         <load_address>0x844f</load_address>
         <run_address>0x844f</run_address>
         <size>0x296</size>
         <input_file_ref idref="fl-12"/>
      </object_component>
      <object_component id="oc-1bc">
         <name>.debug_info</name>
         <load_address>0x86e5</load_address>
         <run_address>0x86e5</run_address>
         <size>0x326</size>
         <input_file_ref idref="fl-13"/>
      </object_component>
      <object_component id="oc-1bf">
         <name>.debug_info</name>
         <load_address>0x8a0b</load_address>
         <run_address>0x8a0b</run_address>
         <size>0xee</size>
         <input_file_ref idref="fl-13"/>
      </object_component>
      <object_component id="oc-e7">
         <name>.debug_info</name>
         <load_address>0x8af9</load_address>
         <run_address>0x8af9</run_address>
         <size>0x43b</size>
         <input_file_ref idref="fl-13"/>
      </object_component>
      <object_component id="oc-2d1">
         <name>.debug_info</name>
         <load_address>0x8f34</load_address>
         <run_address>0x8f34</run_address>
         <size>0x26b</size>
         <input_file_ref idref="fl-13"/>
      </object_component>
      <object_component id="oc-3a8">
         <name>.debug_info</name>
         <load_address>0x919f</load_address>
         <run_address>0x919f</run_address>
         <size>0x297</size>
         <input_file_ref idref="fl-13"/>
      </object_component>
      <object_component id="oc-2cc">
         <name>.debug_info</name>
         <load_address>0x9436</load_address>
         <run_address>0x9436</run_address>
         <size>0xbb</size>
         <input_file_ref idref="fl-13"/>
      </object_component>
      <object_component id="oc-26d">
         <name>.debug_info</name>
         <load_address>0x94f1</load_address>
         <run_address>0x94f1</run_address>
         <size>0x35e</size>
         <input_file_ref idref="fl-c9"/>
      </object_component>
      <object_component id="oc-25f">
         <name>.debug_info</name>
         <load_address>0x984f</load_address>
         <run_address>0x984f</run_address>
         <size>0x128</size>
         <input_file_ref idref="fl-c9"/>
      </object_component>
      <object_component id="oc-11b">
         <name>.debug_info</name>
         <load_address>0x9977</load_address>
         <run_address>0x9977</run_address>
         <size>0xbf2</size>
         <input_file_ref idref="fl-c9"/>
      </object_component>
      <object_component id="oc-368">
         <name>.debug_info</name>
         <load_address>0xa569</load_address>
         <run_address>0xa569</run_address>
         <size>0x46</size>
         <input_file_ref idref="fl-c9"/>
      </object_component>
      <object_component id="oc-268">
         <name>.debug_info</name>
         <load_address>0xa5af</load_address>
         <run_address>0xa5af</run_address>
         <size>0x39</size>
         <input_file_ref idref="fl-c9"/>
      </object_component>
      <object_component id="oc-353">
         <name>.debug_info</name>
         <load_address>0xa5e8</load_address>
         <run_address>0xa5e8</run_address>
         <size>0x2c5</size>
         <input_file_ref idref="fl-ca"/>
      </object_component>
      <object_component id="oc-253">
         <name>.debug_info</name>
         <load_address>0xa8ad</load_address>
         <run_address>0xa8ad</run_address>
         <size>0x24e</size>
         <input_file_ref idref="fl-ca"/>
      </object_component>
      <object_component id="oc-362">
         <name>.debug_info</name>
         <load_address>0xaafb</load_address>
         <run_address>0xaafb</run_address>
         <size>0x2f8</size>
         <input_file_ref idref="fl-cb"/>
      </object_component>
      <object_component id="oc-262">
         <name>.debug_info</name>
         <load_address>0xadf3</load_address>
         <run_address>0xadf3</run_address>
         <size>0x225</size>
         <input_file_ref idref="fl-cb"/>
      </object_component>
      <object_component id="oc-413">
         <name>.debug_info</name>
         <load_address>0xb018</load_address>
         <run_address>0xb018</run_address>
         <size>0x39</size>
         <input_file_ref idref="fl-cb"/>
      </object_component>
      <object_component id="oc-363">
         <name>.debug_info</name>
         <load_address>0xb051</load_address>
         <run_address>0xb051</run_address>
         <size>0x2c</size>
         <input_file_ref idref="fl-cb"/>
      </object_component>
      <object_component id="oc-249">
         <name>.debug_info</name>
         <load_address>0xb07d</load_address>
         <run_address>0xb07d</run_address>
         <size>0x333</size>
         <input_file_ref idref="fl-cc"/>
      </object_component>
      <object_component id="oc-10a">
         <name>.debug_info</name>
         <load_address>0xb3b0</load_address>
         <run_address>0xb3b0</run_address>
         <size>0x1d1</size>
         <input_file_ref idref="fl-cc"/>
      </object_component>
      <object_component id="oc-240">
         <name>.debug_info</name>
         <load_address>0xb581</load_address>
         <run_address>0xb581</run_address>
         <size>0x18d</size>
         <input_file_ref idref="fl-cc"/>
      </object_component>
      <object_component id="oc-245">
         <name>.debug_info</name>
         <load_address>0xb70e</load_address>
         <run_address>0xb70e</run_address>
         <size>0x16d</size>
         <input_file_ref idref="fl-cc"/>
      </object_component>
      <object_component id="oc-2ba">
         <name>.debug_info</name>
         <load_address>0xb87b</load_address>
         <run_address>0xb87b</run_address>
         <size>0x2c</size>
         <input_file_ref idref="fl-cc"/>
      </object_component>
      <object_component id="oc-2b9">
         <name>.debug_info</name>
         <load_address>0xb8a7</load_address>
         <run_address>0xb8a7</run_address>
         <size>0x340</size>
         <input_file_ref idref="fl-cd"/>
      </object_component>
      <object_component id="oc-1a1">
         <name>.debug_info</name>
         <load_address>0xbbe7</load_address>
         <run_address>0xbbe7</run_address>
         <size>0x208</size>
         <input_file_ref idref="fl-cd"/>
      </object_component>
      <object_component id="oc-2ad">
         <name>.debug_info</name>
         <load_address>0xbdef</load_address>
         <run_address>0xbdef</run_address>
         <size>0x1c6</size>
         <input_file_ref idref="fl-cd"/>
      </object_component>
      <object_component id="oc-2b4">
         <name>.debug_info</name>
         <load_address>0xbfb5</load_address>
         <run_address>0xbfb5</run_address>
         <size>0x179</size>
         <input_file_ref idref="fl-cd"/>
      </object_component>
      <object_component id="oc-2bf">
         <name>.debug_info</name>
         <load_address>0xc12e</load_address>
         <run_address>0xc12e</run_address>
         <size>0x69</size>
         <input_file_ref idref="fl-cd"/>
      </object_component>
      <object_component id="oc-201">
         <name>.debug_info</name>
         <load_address>0xc197</load_address>
         <run_address>0xc197</run_address>
         <size>0x14c</size>
         <input_file_ref idref="fl-ce"/>
      </object_component>
      <object_component id="oc-20f">
         <name>.debug_info</name>
         <load_address>0xc2e3</load_address>
         <run_address>0xc2e3</run_address>
         <size>0x128</size>
         <input_file_ref idref="fl-cf"/>
      </object_component>
      <object_component id="oc-214">
         <name>.debug_info</name>
         <load_address>0xc40b</load_address>
         <run_address>0xc40b</run_address>
         <size>0x12a</size>
         <input_file_ref idref="fl-cf"/>
      </object_component>
      <object_component id="oc-1fa">
         <name>.debug_info</name>
         <load_address>0xc535</load_address>
         <run_address>0xc535</run_address>
         <size>0x13a</size>
         <input_file_ref idref="fl-d0"/>
      </object_component>
      <object_component id="oc-121">
         <name>.debug_info</name>
         <load_address>0xc66f</load_address>
         <run_address>0xc66f</run_address>
         <size>0x13a</size>
         <input_file_ref idref="fl-d1"/>
      </object_component>
      <object_component id="oc-126">
         <name>.debug_info</name>
         <load_address>0xc7a9</load_address>
         <run_address>0xc7a9</run_address>
         <size>0x13e</size>
         <input_file_ref idref="fl-d2"/>
      </object_component>
      <object_component id="oc-12c">
         <name>.debug_info</name>
         <load_address>0xc8e7</load_address>
         <run_address>0xc8e7</run_address>
         <size>0x12c</size>
         <input_file_ref idref="fl-d3"/>
      </object_component>
      <object_component id="oc-110">
         <name>.debug_info</name>
         <load_address>0xca13</load_address>
         <run_address>0xca13</run_address>
         <size>0x12c</size>
         <input_file_ref idref="fl-d4"/>
      </object_component>
      <object_component id="oc-41">
         <name>.debug_info</name>
         <load_address>0xcb3f</load_address>
         <run_address>0xcb3f</run_address>
         <size>0x119</size>
         <input_file_ref idref="fl-d5"/>
      </object_component>
      <object_component id="oc-21b">
         <name>.debug_info</name>
         <load_address>0xcc58</load_address>
         <run_address>0xcc58</run_address>
         <size>0x12e</size>
         <input_file_ref idref="fl-d6"/>
      </object_component>
      <object_component id="oc-95">
         <name>.debug_info</name>
         <load_address>0xcd86</load_address>
         <run_address>0xcd86</run_address>
         <size>0x2d4</size>
         <input_file_ref idref="fl-d7"/>
      </object_component>
      <object_component id="oc-52">
         <name>.debug_info</name>
         <load_address>0xd05a</load_address>
         <run_address>0xd05a</run_address>
         <size>0x1b5</size>
         <input_file_ref idref="fl-d7"/>
      </object_component>
      <object_component id="oc-90">
         <name>.debug_info</name>
         <load_address>0xd20f</load_address>
         <run_address>0xd20f</run_address>
         <size>0x46</size>
         <input_file_ref idref="fl-d7"/>
      </object_component>
      <object_component id="oc-ce">
         <name>.debug_info</name>
         <load_address>0xd255</load_address>
         <run_address>0xd255</run_address>
         <size>0x2c</size>
         <input_file_ref idref="fl-d7"/>
      </object_component>
      <object_component id="oc-49">
         <name>.debug_info</name>
         <load_address>0xd281</load_address>
         <run_address>0xd281</run_address>
         <size>0x2a8</size>
         <input_file_ref idref="fl-d8"/>
      </object_component>
      <object_component id="oc-1e">
         <name>.debug_info</name>
         <load_address>0xd529</load_address>
         <run_address>0xd529</run_address>
         <size>0x1ea</size>
         <input_file_ref idref="fl-d8"/>
      </object_component>
      <object_component id="oc-44">
         <name>.debug_info</name>
         <load_address>0xd713</load_address>
         <run_address>0xd713</run_address>
         <size>0x46</size>
         <input_file_ref idref="fl-d8"/>
      </object_component>
      <object_component id="oc-88">
         <name>.debug_info</name>
         <load_address>0xd759</load_address>
         <run_address>0xd759</run_address>
         <size>0x2c</size>
         <input_file_ref idref="fl-d8"/>
      </object_component>
      <object_component id="oc-86">
         <name>.debug_info</name>
         <load_address>0xd785</load_address>
         <run_address>0xd785</run_address>
         <size>0x29e</size>
         <input_file_ref idref="fl-d9"/>
      </object_component>
      <object_component id="oc-17">
         <name>.debug_info</name>
         <load_address>0xda23</load_address>
         <run_address>0xda23</run_address>
         <size>0x250</size>
         <input_file_ref idref="fl-d9"/>
      </object_component>
      <object_component id="oc-34">
         <name>.debug_info</name>
         <load_address>0xdc73</load_address>
         <run_address>0xdc73</run_address>
         <size>0x60</size>
         <input_file_ref idref="fl-d9"/>
      </object_component>
      <object_component id="oc-c7">
         <name>.debug_info</name>
         <load_address>0xdcd3</load_address>
         <run_address>0xdcd3</run_address>
         <size>0x46</size>
         <input_file_ref idref="fl-d9"/>
      </object_component>
      <object_component id="oc-81">
         <name>.debug_info</name>
         <load_address>0xdd19</load_address>
         <run_address>0xdd19</run_address>
         <size>0x39</size>
         <input_file_ref idref="fl-d9"/>
      </object_component>
      <object_component id="oc-70">
         <name>.debug_info</name>
         <load_address>0xdd52</load_address>
         <run_address>0xdd52</run_address>
         <size>0x3b2</size>
         <input_file_ref idref="fl-da"/>
      </object_component>
      <object_component id="oc-25">
         <name>.debug_info</name>
         <load_address>0xe104</load_address>
         <run_address>0xe104</run_address>
         <size>0x10c</size>
         <input_file_ref idref="fl-da"/>
      </object_component>
      <object_component id="oc-34f">
         <name>.debug_info</name>
         <load_address>0xe210</load_address>
         <run_address>0xe210</run_address>
         <size>0x13f</size>
         <input_file_ref idref="fl-da"/>
      </object_component>
      <object_component id="oc-116">
         <name>.debug_info</name>
         <load_address>0xe34f</load_address>
         <run_address>0xe34f</run_address>
         <size>0x168</size>
         <input_file_ref idref="fl-da"/>
      </object_component>
      <object_component id="oc-2e9">
         <name>.debug_info</name>
         <load_address>0xe4b7</load_address>
         <run_address>0xe4b7</run_address>
         <size>0x18e</size>
         <input_file_ref idref="fl-da"/>
      </object_component>
      <object_component id="oc-2ef">
         <name>.debug_info</name>
         <load_address>0xe645</load_address>
         <run_address>0xe645</run_address>
         <size>0x19f</size>
         <input_file_ref idref="fl-da"/>
      </object_component>
      <object_component id="oc-1e5">
         <name>.debug_info</name>
         <load_address>0xe7e4</load_address>
         <run_address>0xe7e4</run_address>
         <size>0x203</size>
         <input_file_ref idref="fl-da"/>
      </object_component>
      <object_component id="oc-34b">
         <name>.debug_info</name>
         <load_address>0xe9e7</load_address>
         <run_address>0xe9e7</run_address>
         <size>0x1db</size>
         <input_file_ref idref="fl-da"/>
      </object_component>
      <object_component id="oc-1de">
         <name>.debug_info</name>
         <load_address>0xebc2</load_address>
         <run_address>0xebc2</run_address>
         <size>0x1a5</size>
         <input_file_ref idref="fl-da"/>
      </object_component>
      <object_component id="oc-24c">
         <name>.debug_info</name>
         <load_address>0xed67</load_address>
         <run_address>0xed67</run_address>
         <size>0x299</size>
         <input_file_ref idref="fl-da"/>
      </object_component>
      <object_component id="oc-bb">
         <name>.debug_info</name>
         <load_address>0xf000</load_address>
         <run_address>0xf000</run_address>
         <size>0xb2</size>
         <input_file_ref idref="fl-da"/>
      </object_component>
      <object_component id="oc-b6">
         <name>.debug_info</name>
         <load_address>0xf0b2</load_address>
         <run_address>0xf0b2</run_address>
         <size>0x2c</size>
         <input_file_ref idref="fl-da"/>
      </object_component>
      <object_component id="oc-2c5">
         <name>.debug_info</name>
         <load_address>0xf0de</load_address>
         <run_address>0xf0de</run_address>
         <size>0x28a</size>
         <input_file_ref idref="fl-db"/>
      </object_component>
      <object_component id="oc-1a7">
         <name>.debug_info</name>
         <load_address>0xf368</load_address>
         <run_address>0xf368</run_address>
         <size>0x273</size>
         <input_file_ref idref="fl-db"/>
      </object_component>
      <object_component id="oc-2c7">
         <name>.debug_info</name>
         <load_address>0xf5db</load_address>
         <run_address>0xf5db</run_address>
         <size>0x2a4</size>
         <input_file_ref idref="fl-dc"/>
      </object_component>
      <object_component id="oc-1ad">
         <name>.debug_info</name>
         <load_address>0xf87f</load_address>
         <run_address>0xf87f</run_address>
         <size>0x24d</size>
         <input_file_ref idref="fl-dc"/>
      </object_component>
      <object_component id="oc-279">
         <name>.debug_info</name>
         <load_address>0xfacc</load_address>
         <run_address>0xfacc</run_address>
         <size>0x28f</size>
         <input_file_ref idref="fl-dd"/>
      </object_component>
      <object_component id="oc-13b">
         <name>.debug_info</name>
         <load_address>0xfd5b</load_address>
         <run_address>0xfd5b</run_address>
         <size>0x245</size>
         <input_file_ref idref="fl-dd"/>
      </object_component>
      <object_component id="oc-28">
         <name>.debug_info</name>
         <load_address>0xffa0</load_address>
         <run_address>0xffa0</run_address>
         <size>0x10b</size>
         <input_file_ref idref="fl-de"/>
      </object_component>
      <object_component id="oc-5e">
         <name>.debug_info</name>
         <load_address>0x100ab</load_address>
         <run_address>0x100ab</run_address>
         <size>0x1a9</size>
         <input_file_ref idref="fl-de"/>
      </object_component>
      <object_component id="oc-358">
         <name>.debug_info</name>
         <load_address>0x10254</load_address>
         <run_address>0x10254</run_address>
         <size>0x289</size>
         <input_file_ref idref="fl-df"/>
      </object_component>
      <object_component id="oc-355">
         <name>.debug_info</name>
         <load_address>0x104dd</load_address>
         <run_address>0x104dd</run_address>
         <size>0x10e</size>
         <input_file_ref idref="fl-df"/>
      </object_component>
      <object_component id="oc-25b">
         <name>.debug_info</name>
         <load_address>0x105eb</load_address>
         <run_address>0x105eb</run_address>
         <size>0x14e</size>
         <input_file_ref idref="fl-df"/>
      </object_component>
      <object_component id="oc-35e">
         <name>.debug_info</name>
         <load_address>0x10739</load_address>
         <run_address>0x10739</run_address>
         <size>0x161</size>
         <input_file_ref idref="fl-e0"/>
      </object_component>
      <object_component id="oc-339">
         <name>.debug_info</name>
         <load_address>0x1089a</load_address>
         <run_address>0x1089a</run_address>
         <size>0x590</size>
         <input_file_ref idref="fl-e1"/>
      </object_component>
      <object_component id="oc-310">
         <name>.debug_info</name>
         <load_address>0x10e2a</load_address>
         <run_address>0x10e2a</run_address>
         <size>0x21e</size>
         <input_file_ref idref="fl-e1"/>
      </object_component>
      <object_component id="oc-3cb">
         <name>.debug_info</name>
         <load_address>0x11048</load_address>
         <run_address>0x11048</run_address>
         <size>0x1b3</size>
         <input_file_ref idref="fl-e1"/>
      </object_component>
      <object_component id="oc-3d1">
         <name>.debug_info</name>
         <load_address>0x111fb</load_address>
         <run_address>0x111fb</run_address>
         <size>0x21b</size>
         <input_file_ref idref="fl-e1"/>
      </object_component>
      <object_component id="oc-316">
         <name>.debug_info</name>
         <load_address>0x11416</load_address>
         <run_address>0x11416</run_address>
         <size>0x3c0</size>
         <input_file_ref idref="fl-e1"/>
      </object_component>
      <object_component id="oc-3d9">
         <name>.debug_info</name>
         <load_address>0x117d6</load_address>
         <run_address>0x117d6</run_address>
         <size>0x30a</size>
         <input_file_ref idref="fl-e1"/>
      </object_component>
      <object_component id="oc-3df">
         <name>.debug_info</name>
         <load_address>0x11ae0</load_address>
         <run_address>0x11ae0</run_address>
         <size>0x215</size>
         <input_file_ref idref="fl-e1"/>
      </object_component>
      <object_component id="oc-31c">
         <name>.debug_info</name>
         <load_address>0x11cf5</load_address>
         <run_address>0x11cf5</run_address>
         <size>0x215</size>
         <input_file_ref idref="fl-e1"/>
      </object_component>
      <object_component id="oc-321">
         <name>.debug_info</name>
         <load_address>0x11f0a</load_address>
         <run_address>0x11f0a</run_address>
         <size>0x304</size>
         <input_file_ref idref="fl-e1"/>
      </object_component>
      <object_component id="oc-327">
         <name>.debug_info</name>
         <load_address>0x1220e</load_address>
         <run_address>0x1220e</run_address>
         <size>0x4b5</size>
         <input_file_ref idref="fl-e1"/>
      </object_component>
      <object_component id="oc-238">
         <name>.debug_info</name>
         <load_address>0x126c3</load_address>
         <run_address>0x126c3</run_address>
         <size>0x5f4</size>
         <input_file_ref idref="fl-e1"/>
      </object_component>
      <object_component id="oc-33a">
         <name>.debug_info</name>
         <load_address>0x12cb7</load_address>
         <run_address>0x12cb7</run_address>
         <size>0x86</size>
         <input_file_ref idref="fl-e1"/>
      </object_component>
      <object_component id="oc-3fd">
         <name>.debug_info</name>
         <load_address>0x12d3d</load_address>
         <run_address>0x12d3d</run_address>
         <size>0x39</size>
         <input_file_ref idref="fl-e1"/>
      </object_component>
      <object_component id="oc-446">
         <name>.debug_info</name>
         <load_address>0x12d76</load_address>
         <run_address>0x12d76</run_address>
         <size>0xb6</size>
         <input_file_ref idref="fl-e1"/>
      </object_component>
      <object_component id="oc-402">
         <name>.debug_info</name>
         <load_address>0x12e2c</load_address>
         <run_address>0x12e2c</run_address>
         <size>0x46</size>
         <input_file_ref idref="fl-e1"/>
      </object_component>
      <object_component id="oc-33f">
         <name>.debug_info</name>
         <load_address>0x12e72</load_address>
         <run_address>0x12e72</run_address>
         <size>0x46</size>
         <input_file_ref idref="fl-e1"/>
      </object_component>
      <object_component id="oc-3c0">
         <name>.debug_info</name>
         <load_address>0x12eb8</load_address>
         <run_address>0x12eb8</run_address>
         <size>0x12e</size>
         <input_file_ref idref="fl-e2"/>
      </object_component>
      <object_component id="oc-97">
         <name>.debug_info</name>
         <load_address>0x12fe6</load_address>
         <run_address>0x12fe6</run_address>
         <size>0x147</size>
         <input_file_ref idref="fl-e3"/>
      </object_component>
      <object_component id="oc-3bb">
         <name>.debug_info</name>
         <load_address>0x1312d</load_address>
         <run_address>0x1312d</run_address>
         <size>0x134</size>
         <input_file_ref idref="fl-e4"/>
      </object_component>
      <object_component id="oc-28b">
         <name>.debug_info</name>
         <load_address>0x13261</load_address>
         <run_address>0x13261</run_address>
         <size>0x4b3</size>
         <input_file_ref idref="fl-e5"/>
      </object_component>
      <object_component id="oc-15a">
         <name>.debug_info</name>
         <load_address>0x13714</load_address>
         <run_address>0x13714</run_address>
         <size>0x1a6</size>
         <input_file_ref idref="fl-e5"/>
      </object_component>
      <object_component id="oc-381">
         <name>.debug_info</name>
         <load_address>0x138ba</load_address>
         <run_address>0x138ba</run_address>
         <size>0x39</size>
         <input_file_ref idref="fl-e5"/>
      </object_component>
      <object_component id="oc-41b">
         <name>.debug_info</name>
         <load_address>0x138f3</load_address>
         <run_address>0x138f3</run_address>
         <size>0x39</size>
         <input_file_ref idref="fl-e5"/>
      </object_component>
      <object_component id="oc-386">
         <name>.debug_info</name>
         <load_address>0x1392c</load_address>
         <run_address>0x1392c</run_address>
         <size>0x39</size>
         <input_file_ref idref="fl-e5"/>
      </object_component>
      <object_component id="oc-38b">
         <name>.debug_info</name>
         <load_address>0x13965</load_address>
         <run_address>0x13965</run_address>
         <size>0xcd</size>
         <input_file_ref idref="fl-e5"/>
      </object_component>
      <object_component id="oc-9d">
         <name>.debug_info</name>
[...]
      <symbol id="sm-279">
         <name>motor_cal_factor_L</name>
         <value>0x200024c0</value>
         <object_component_ref idref="oc-1f6"/>
      </symbol>
      <symbol id="sm-27a">
         <name>motor_cal_factor_R</name>
         <value>0x200024c4</value>
         <object_component_ref idref="oc-1f6"/>
      </symbol>
      <symbol id="sm-27b">
         <name>oi_parseInt</name>
         <value>0x52e7</value>
         <object_component_ref idref="oc-1e9"/>
      </symbol>
      <symbol id="sm-27c">
         <name>oi_setMotorCalibration</name>
         <value>0xdb1</value>
         <object_component_ref idref="oc-ef"/>
      </symbol>
      <symbol id="sm-27d">
         <name>oi_uartSendStr</name>
         <value>0xa59</value>
         <object_component_ref idref="oc-ef"/>
      </symbol>
      <symbol id="sm-27e">
         <name>oi_close</name>
         <value>0x2c7</value>
         <object_component_ref idref="oc-ef"/>
      </symbol>
      <symbol id="sm-27f">
         <name>oi_uartSendBuff</name>
         <value>0xa77</value>
         <object_component_ref idref="oc-ef"/>
      </symbol>
      <symbol id="sm-280">
         <name>oi_checkFirmware</name>
         <value>0xaa9</value>
         <object_component_ref idref="oc-ef"/>
      </symbol>
      <symbol id="sm-281">
         <name>oi_init_noupdate</name>
         <value>0x289</value>
         <object_component_ref idref="oc-ef"/>
      </symbol>
      <symbol id="sm-282">
         <name>oi_uartSendChar</name>
         <value>0xa15</value>
         <object_component_ref idref="oc-ef"/>
      </symbol>
      <symbol id="sm-283">
         <name>oi_alloc</name>
         <value>0x26d</value>
         <object_component_ref idref="oc-ef"/>
      </symbol>
      <symbol id="sm-284">
         <name>oi_getMotorCalibrationLeft</name>
         <value>0xded</value>
         <object_component_ref idref="oc-ef"/>
      </symbol>
      <symbol id="sm-285">
         <name>oi_loadSong</name>
         <value>0x915</value>
         <object_component_ref idref="oc-ef"/>
      </symbol>
      <symbol id="sm-286">
         <name>oi_play_song</name>
         <value>0x96b</value>
         <object_component_ref idref="oc-ef"/>
      </symbol>
      <symbol id="sm-287">
         <name>oi_parsePacket</name>
         <value>0x32b</value>
         <object_component_ref idref="oc-ef"/>
      </symbol>
      <symbol id="sm-288">
         <name>oi_setLeds</name>
         <value>0x84b</value>
         <object_component_ref idref="oc-ef"/>
      </symbol>
      <symbol id="sm-289">
         <name>oi_init</name>
         <value>0x2b1</value>
         <object_component_ref idref="oc-ef"/>
      </symbol>
      <symbol id="sm-28a">
         <name>oi_update</name>
         <value>0x2d9</value>
         <object_component_ref idref="oc-ef"/>
      </symbol>
      <symbol id="sm-28b">
         <name>oi_uartInit</name>
         <value>0x98d</value>
         <object_component_ref idref="oc-ef"/>
      </symbol>
      <symbol id="sm-2a7">
         <name>ResetISR</name>
         <value>0x53ad</value>
         <object_component_ref idref="oc-2a"/>
      </symbol>
      <symbol id="sm-2a8">
         <name>g_pfnVectors</name>
         <value>0x0</value>
         <object_component_ref idref="oc-12"/>
      </symbol>
      <symbol id="sm-2e4">
         <name>cyBOT_SERVO_cal</name>
         <value>0x32dd</value>
         <object_component_ref idref="oc-e9"/>
      </symbol>
      <symbol id="sm-2e5">
         <name>cyBOT_Scan</name>
         <value>0x326b</value>
         <object_component_ref idref="oc-e9"/>
      </symbol>
      <symbol id="sm-2e6">
         <name>cyBOT_scan_features</name>
         <value>0x200024f0</value>
         <object_component_ref idref="oc-1d4"/>
      </symbol>
      <symbol id="sm-2e7">
         <name>cyBOT_scan_version</name>
         <value>0x3205</value>
         <object_component_ref idref="oc-e9"/>
      </symbol>
      <symbol id="sm-2e8">
         <name>cyBOT_init_Scan</name>
         <value>0x3213</value>
         <object_component_ref idref="oc-e9"/>
      </symbol>
      <symbol id="sm-30f">
         <name>isr_int_value</name>
         <value>0x200024a8</value>
      </symbol>
      <symbol id="sm-310">
         <name>ir_enableInterrupt</name>
         <value>0x4473</value>
         <object_component_ref idref="oc-1ce"/>
      </symbol>
      <symbol id="sm-311">
         <name>ir_getDistance</name>
         <value>0x4455</value>
         <object_component_ref idref="oc-1ce"/>
      </symbol>
      <symbol id="sm-312">
         <name>ir_init</name>
         <value>0x43c5</value>
         <object_component_ref idref="oc-1ce"/>
      </symbol>
      <symbol id="sm-313">
         <name>ADC0SS0_Handler</name>
         <value>0x445d</value>
         <object_component_ref idref="oc-1ce"/>
      </symbol>
      <symbol id="sm-314">
         <name>ir_getValue</name>
         <value>0x442d</value>
         <object_component_ref idref="oc-1ce"/>
      </symbol>
      <symbol id="sm-343">
         <name>risingEdge</name>
         <value>0x200024b8</value>
      </symbol>
      <symbol id="sm-344">
         <name>fallingEdge</name>
         <value>0x200024a4</value>
      </symbol>
      <symbol id="sm-345">
         <name>pulseLength</name>
         <value>0x200024b0</value>
      </symbol>
      <symbol id="sm-346">
         <name>isRisingEdge</name>
         <value>0x200024bc</value>
      </symbol>
      <symbol id="sm-347">
         <name>TIMER3B_Handler</name>
         <value>0x379d</value>
         <object_component_ref idref="oc-1c8"/>
      </symbol>
      <symbol id="sm-348">
         <name>ping_init</name>
         <value>0x36ad</value>
         <object_component_ref idref="oc-1c8"/>
      </symbol>
      <symbol id="sm-349">
         <name>ping_getDistance</name>
         <value>0x37ef</value>
         <object_component_ref idref="oc-1c8"/>
      </symbol>
      <symbol id="sm-34a">
         <name>ping_trigger</name>
         <value>0x3733</value>
         <object_component_ref idref="oc-1c8"/>
      </symbol>
      <symbol id="sm-36c">
         <name>servo_move</name>
         <value>0x3e0d</value>
         <object_component_ref idref="oc-1c2"/>
      </symbol>
      <symbol id="sm-36d">
         <name>servo_init</name>
         <value>0x3d7d</value>
         <object_component_ref idref="oc-1c2"/>
      </symbol>
      <symbol id="sm-36e">
         <name>servo_stop</name>
         <value>0x3e01</value>
         <object_component_ref idref="oc-1c2"/>
      </symbol>
      <symbol id="sm-36f">
         <name>servo_setPWM</name>
         <value>0x3e6d</value>
         <object_component_ref idref="oc-1c2"/>
      </symbol>
      <symbol id="sm-3ab">
         <name>isr_char_buffer</name>
         <value>0x2000242c</value>
      </symbol>
      <symbol id="sm-3ac">
         <name>cyBot_getByte</name>
         <value>0x3d0f</value>
         <object_component_ref idref="oc-e3"/>
      </symbol>
      <symbol id="sm-3ad">
         <name>cyBot_sendByte</name>
         <value>0x3c21</value>
         <object_component_ref idref="oc-e3"/>
      </symbol>
      <symbol id="sm-3ae">
         <name>cyBot_uart_sendStr</name>
         <value>0x3c2d</value>
         <object_component_ref idref="oc-e3"/>
      </symbol>
      <symbol id="sm-3af">
         <name>isr_counter</name>
         <value>0x200024f4</value>
         <object_component_ref idref="oc-1be"/>
      </symbol>
      <symbol id="sm-3b0">
         <name>cyBot_uart_sendBuffer</name>
         <value>0x3c47</value>
         <object_component_ref idref="oc-e3"/>
      </symbol>
      <symbol id="sm-3b1">
         <name>cyBot_uart_flush</name>
         <value>0x3cf1</value>
         <object_component_ref idref="oc-e3"/>
      </symbol>
      <symbol id="sm-3b2">
         <name>cyBot_UART1_Handler</name>
         <value>0x3d29</value>
         <object_component_ref idref="oc-e3"/>
      </symbol>
      <symbol id="sm-3b3">
         <name>cyBot_uart_init</name>
         <value>0x3c5f</value>
         <object_component_ref idref="oc-e3"/>
      </symbol>
      <symbol id="sm-449">
         <name>pow</name>
         <value>0x18dd</value>
         <object_component_ref idref="oc-11a"/>
      </symbol>
      <symbol id="sm-44a">
         <name>powl</name>
         <value>0x18dd</value>
         <object_component_ref idref="oc-11a"/>
      </symbol>
      <symbol id="sm-46c">
         <name>sqrtl</name>
         <value>0x3ed5</value>
         <object_component_ref idref="oc-252"/>
      </symbol>
      <symbol id="sm-46d">
         <name>sqrt</name>
         <value>0x3ed5</value>
         <object_component_ref idref="oc-252"/>
      </symbol>
      <symbol id="sm-494">
         <name>scalbn</name>
         <value>0x44dd</value>
         <object_component_ref idref="oc-261"/>
      </symbol>
      <symbol id="sm-495">
         <name>scalbnl</name>
         <value>0x44dd</value>
         <object_component_ref idref="oc-261"/>
      </symbol>
      <symbol id="sm-496">
         <name>ldexpl</name>
         <value>0x44dd</value>
         <object_component_ref idref="oc-261"/>
      </symbol>
      <symbol id="sm-497">
         <name>ldexp</name>
         <value>0x44dd</value>
         <object_component_ref idref="oc-261"/>
      </symbol>
      <symbol id="sm-4be">
         <name>sprintf</name>
         <value>0x5025</value>
         <object_component_ref idref="oc-108"/>
      </symbol>
      <symbol id="sm-4e8">
         <name>vsnprintf</name>
         <value>0x5065</value>
         <object_component_ref idref="oc-19f"/>
      </symbol>
      <symbol id="sm-4ff">
         <name>__aeabi_dsub</name>
         <value>0x3a69</value>
         <object_component_ref idref="oc-1fe"/>
      </symbol>
      <symbol id="sm-500">
         <name>__aeabi_dadd</name>
         <value>0x3a73</value>
         <object_component_ref idref="oc-1fe"/>
      </symbol>
      <symbol id="sm-522">
         <name>__aeabi_cdcmpeq</name>
         <value>0x4ab1</value>
         <object_component_ref idref="oc-20e"/>
      </symbol>
      <symbol id="sm-523">
         <name>__aeabi_cdcmple</name>
         <value>0x4ab1</value>
         <object_component_ref idref="oc-20e"/>
      </symbol>
      <symbol id="sm-524">
         <name>__aeabi_cdrcmple</name>
         <value>0x4b37</value>
         <object_component_ref idref="oc-213"/>
      </symbol>
      <symbol id="sm-538">
         <name>__aeabi_ddiv</name>
         <value>0x4169</value>
         <object_component_ref idref="oc-1f9"/>
      </symbol>
      <symbol id="sm-543">
         <name>__aeabi_dmul</name>
         <value>0x46ed</value>
         <object_component_ref idref="oc-120"/>
      </symbol>
      <symbol id="sm-54f">
         <name>__aeabi_d2f</name>
         <value>0x4d17</value>
         <object_component_ref idref="oc-125"/>
      </symbol>
      <symbol id="sm-55a">
         <name>__aeabi_f2d</name>
         <value>0x511d</value>
         <object_component_ref idref="oc-12a"/>
      </symbol>
      <symbol id="sm-564">
         <name>__aeabi_i2d</name>
         <value>0x51ed</value>
         <object_component_ref idref="oc-10e"/>
      </symbol>
      <symbol id="sm-57f">
         <name>memcpy</name>
         <value>0x497f</value>
         <object_component_ref idref="oc-3e"/>
      </symbol>
      <symbol id="sm-580">
         <name>__aeabi_memcpy</name>
         <value>0x497f</value>
         <object_component_ref idref="oc-3e"/>
      </symbol>
      <symbol id="sm-581">
         <name>__aeabi_memcpy8</name>
         <value>0x497f</value>
         <object_component_ref idref="oc-3e"/>
      </symbol>
      <symbol id="sm-582">
         <name>__aeabi_memcpy4</name>
         <value>0x497f</value>
         <object_component_ref idref="oc-3e"/>
      </symbol>
      <symbol id="sm-58c">
         <name>__aeabi_ui2d</name>
         <value>0x5245</value>
         <object_component_ref idref="oc-218"/>
      </symbol>
      <symbol id="sm-5a3">
         <name>__TI_zero_init</name>
         <value>0x53a1</value>
         <object_component_ref idref="oc-50"/>
      </symbol>
      <symbol id="sm-5ba">
         <name>__TI_decompress_none</name>
         <value>0x5387</value>
         <object_component_ref idref="oc-1b"/>
      </symbol>
      <symbol id="sm-5dd">
         <name>__TI_decompress_lzss</name>
         <value>0x4d85</value>
         <object_component_ref idref="oc-15"/>
      </symbol>
      <symbol id="sm-672">
         <name>_sys_memory</name>
         <value>0x20001270</value>
         <object_component_ref idref="oc-24"/>
      </symbol>
      <symbol id="sm-673">
         <name>free</name>
         <value>0x47e9</value>
         <object_component_ref idref="oc-1e3"/>
      </symbol>
      <symbol id="sm-674">
         <name>memalign</name>
         <value>0x45ed</value>
         <object_component_ref idref="oc-24b"/>
      </symbol>
      <symbol id="sm-675">
         <name>calloc</name>
         <value>0x50e5</value>
         <object_component_ref idref="oc-1dd"/>
      </symbol>
      <symbol id="sm-676">
         <name>malloc</name>
         <value>0x53cd</value>
         <object_component_ref idref="oc-114"/>
      </symbol>
      <symbol id="sm-677">
         <name>aligned_alloc</name>
         <value>0x45ed</value>
         <object_component_ref idref="oc-24b"/>
      </symbol>
      <symbol id="sm-686">
         <name>strcmp</name>
         <value>0x52ff</value>
         <object_component_ref idref="oc-1a5"/>
      </symbol>
      <symbol id="sm-694">
         <name>strcpy</name>
         <value>0x532d</value>
         <object_component_ref idref="oc-1ab"/>
      </symbol>
      <symbol id="sm-6a2">
         <name>strlen</name>
         <value>0x5341</value>
         <object_component_ref idref="oc-138"/>
      </symbol>
      <symbol id="sm-6b5">
         <name>__stack</name>
         <value>0x20000270</value>
         <object_component_ref idref="oc-27"/>
      </symbol>
      <symbol id="sm-6b6">
         <name>_c_int00_noargs</name>
         <value>0x5189</value>
         <object_component_ref idref="oc-5c"/>
      </symbol>
      <symbol id="sm-6cc">
         <name>__aeabi_errno_addr</name>
         <value>0x53c5</value>
         <object_component_ref idref="oc-258"/>
      </symbol>
      <symbol id="sm-6cd">
         <name>errno</name>
         <value>0x200024fc</value>
         <object_component_ref idref="oc-354"/>
      </symbol>
      <symbol id="sm-6d7">
         <name>copysign</name>
         <value>0x529d</value>
         <object_component_ref idref="oc-35b"/>
      </symbol>
      <symbol id="sm-6d8">
         <name>copysignl</name>
         <value>0x529d</value>
         <object_component_ref idref="oc-35b"/>
      </symbol>
      <symbol id="sm-83d">
         <name>__TI_printfi</name>
         <value>0xe8d</value>
         <object_component_ref idref="oc-236"/>
      </symbol>
      <symbol id="sm-847">
         <name>__aeabi_d2iz</name>
         <value>0x4f99</value>
         <object_component_ref idref="oc-3bf"/>
      </symbol>
      <symbol id="sm-856">
         <name>__aeabi_memset</name>
         <value>0x4bbf</value>
         <object_component_ref idref="oc-96"/>
      </symbol>
      <symbol id="sm-857">
         <name>memset</name>
         <value>0x4bc5</value>
         <object_component_ref idref="oc-96"/>
      </symbol>
      <symbol id="sm-858">
         <name>__aeabi_memset8</name>
         <value>0x4bbf</value>
         <object_component_ref idref="oc-96"/>
      </symbol>
      <symbol id="sm-859">
         <name>__aeabi_memset4</name>
         <value>0x4bbf</value>
         <object_component_ref idref="oc-96"/>
      </symbol>
      <symbol id="sm-85a">
         <name>__aeabi_memclr8</name>
         <value>0x4bbd</value>
         <object_component_ref idref="oc-96"/>
      </symbol>
      <symbol id="sm-85b">
         <name>__aeabi_memclr4</name>
         <value>0x4bbd</value>
         <object_component_ref idref="oc-96"/>
      </symbol>
      <symbol id="sm-85c">
         <name>__aeabi_memclr</name>
         <value>0x4bbd</value>
         <object_component_ref idref="oc-96"/>
      </symbol>
      <symbol id="sm-869">
         <name>__aeabi_uldivmod</name>
         <value>0x4a1b</value>
         <object_component_ref idref="oc-3b9"/>
      </symbol>
      <symbol id="sm-891">
         <name>__TI_auto_init_nobinit_nopinit</name>
         <value>0x4fe1</value>
         <object_component_ref idref="oc-159"/>
      </symbol>
      <symbol id="sm-89b">
         <name>_system_pre_init</name>
         <value>0x53d5</value>
         <object_component_ref idref="oc-9c"/>
      </symbol>
      <symbol id="sm-8a7">
         <name>C$$EXIT</name>
         <value>0x53d9</value>
         <object_component_ref idref="oc-14d"/>
      </symbol>
      <symbol id="sm-8a8">
         <name>abort</name>
         <value>0x53d9</value>
         <object_component_ref idref="oc-14d"/>
      </symbol>
      <symbol id="sm-8bd">
         <name>_nop</name>
         <value>0x18db</value>
         <object_component_ref idref="oc-373"/>
      </symbol>
      <symbol id="sm-8be">
         <name>_lock</name>
         <value>0x200024e0</value>
         <object_component_ref idref="oc-284"/>
      </symbol>
      <symbol id="sm-8bf">
         <name>_unlock</name>
         <value>0x200024e4</value>
         <object_component_ref idref="oc-284"/>
      </symbol>
      <symbol id="sm-8ce">
         <name>__TI_ltoa</name>
         <value>0x4ea7</value>
         <object_component_ref idref="oc-3c4"/>
      </symbol>
      <symbol id="sm-8e5">
         <name>atoi</name>
         <value>0x4f4d</value>
         <object_component_ref idref="oc-308"/>
      </symbol>
      <symbol id="sm-8f0">
         <name>_ctypes_</name>
         <value>0x53e0</value>
         <object_component_ref idref="oc-3b4"/>
      </symbol>
      <symbol id="sm-900">
         <name>memccpy</name>
         <value>0x5281</value>
         <object_component_ref idref="oc-32c"/>
      </symbol>
      <symbol id="sm-910">
         <name>strchr</name>
         <value>0x5317</value>
         <object_component_ref idref="oc-3eb"/>
      </symbol>
      <symbol id="sm-929">
         <name>wcslen</name>
         <value>0x5355</value>
         <object_component_ref idref="oc-332"/>
      </symbol>
      <symbol id="sm-93f">
         <name>frexpl</name>
         <value>0x4ded</value>
         <object_component_ref idref="oc-3e5"/>
      </symbol>
      <symbol id="sm-940">
         <name>frexp</name>
         <value>0x4ded</value>
         <object_component_ref idref="oc-3e5"/>
      </symbol>
      <symbol id="sm-94a">
         <name>__aeabi_idiv0</name>
         <value>0x3c1f</value>
         <object_component_ref idref="oc-42c"/>
      </symbol>
      <symbol id="sm-94b">
         <name>__aeabi_ldiv0</name>
         <value>0x3c1f</value>
         <object_component_ref idref="oc-42c"/>
      </symbol>
      <symbol id="sm-97a">
         <name>IntRegister</name>
         <value>0x5155</value>
         <object_component_ref idref="oc-18d"/>
      </symbol>
      <symbol id="sm-97b">
         <name>g_pfnRAMVectors</name>
         <value>0x20000000</value>
         <object_component_ref idref="oc-2a0"/>
      </symbol>
      <symbol id="sm-97c">
         <name>IntMasterEnable</name>
         <value>0x5367</value>
         <object_component_ref idref="oc-1f0"/>
      </symbol>
      <symbol id="sm-986">
         <name>CPUcpsie</name>
         <value>0x5395</value>
         <object_component_ref idref="oc-2f4"/>
      </symbol>
      <symbol id="sm-987">
         <name>__TI_static_base__</name>
         <value>0x0</value>
      </symbol>
      <symbol id="sm-98a">
         <name>__mpu_init</name>
         <value>0x0</value>
      </symbol>
      <symbol id="sm-98b">
         <name>_system_post_cinit</name>
         <value>0x0</value>
      </symbol>
   </symbol_table>
   <title>Link successful</title>
</link_info>
