******************************************************************************
                  TI ARM Linker PC v20.2.7                     
******************************************************************************
>> Linked Fri Apr  5 12:12:24 2024

OUTPUT FILE NAME:   <9.2.out>
ENTRY POINT SYMBOL: "_c_int00_noargs"  address: 000028d5


MEMORY CONFIGURATION

         name            origin    length      used     unused   attr    fill
----------------------  --------  ---------  --------  --------  ----  --------
  FLASH                 00000000   00040000  00002c3d  0003d3c3  R  X
  SRAM                  20000000   00008000  000012d9  00006d27  RW X


SEGMENT ALLOCATION MAP

run origin  load origin   length   init length attrs members
----------  ----------- ---------- ----------- ----- -------
00000000    00000000    00002c40   00002c40    r-x
  00000000    00000000    0000026c   0000026c    r-- .intvecs
  0000026c    0000026c    00002880   00002880    r-x .text
  00002aec    00002aec    00000109   00000109    r-- .const
  00002bf8    00002bf8    00000048   00000048    r-- .cinit
20000000    20000000    000012dd   00000000    rw-
  20000000    20000000    0000026c   00000000    rw- .vtable
  20000270    20000270    00001000   00000000    rw- .stack
  20001270    20001270    00000058   00000000    rw- .bss
  200012c8    200012c8    00000015   00000000    rw- .data


SECTION ALLOCATION MAP

 output                                  attributes/
section   page    origin      length       input sections
--------  ----  ----------  ----------   ----------------
.intvecs   0    00000000    0000026c     
                  00000000    0000026c     tm4c123gh6pm_startup_ccs.obj (.intvecs)

.text      0    0000026c    00002880     
                  0000026c    00000a4e     rtsv7M4_T_le_v4SPD16_eabi.lib : _printfi.c.obj (.text:__TI_printfi)
                  00000cba    00000002                                   : div0.asm.obj (.text)
                  00000cbc    0000035c     ping.obj (.text)
                  00001018    00000328     lcd.obj (.text)
                  00001340    00000270     rtsv7M4_T_le_v4SPD16_eabi.lib : _printfi.c.obj (.text:_pconv_a)
                  000015b0    00000248     Timer.obj (.text)
                  000017f8    000001d0     rtsv7M4_T_le_v4SPD16_eabi.lib : _printfi.c.obj (.text:_pconv_g)
                  000019c8    000001b6                                   : fd_add_t2.asm.obj (.text)
                  00001b7e    00000002     --HOLE-- [fill = 0]
                  00001b80    0000013c                                   : _printfi.c.obj (.text:_pconv_e)
                  00001cbc    00000136                                   : fd_div_t2.asm.obj (.text)
                  00001df2    00000002     --HOLE-- [fill = 0]
                  00001df4    00000124                                   : _printfi.c.obj (.text:fcvt)
                  00001f18    00000110                                   : s_scalbn.c.obj (.text:scalbn)
                  00002028    000000fc                                   : fd_mul_t2.asm.obj (.text)
                  00002124    000000b1                                   : _printfi.c.obj (.text:_ltostr)
                  000021d5    00000001     --HOLE-- [fill = 0]
                  000021d6    0000009c                                   : memcpy_t2.asm.obj (.text)
                  00002272    00000096                                   : ull_div_t2.asm.obj (.text)
                  00002308    00000086                                   : fd_cmp_t2.asm.obj (.text:__aeabi_cdcmple)
                  0000238e    00000086                                   : fd_cmp_t2.asm.obj (.text:__aeabi_cdrcmple)
                  00002414    0000007a                                   : memset_t2.asm.obj (.text)
                  0000248e    0000006e                                   : _printfi.c.obj (.text:_mcpy)
                  000024fc    00000068                                   : copy_decompress_lzss.c.obj (.text:decompress:lzss:__TI_decompress_lzss)
                  00002564    00000064                                   : s_frexp.c.obj (.text:frexp)
                  000025c8    00000056                                   : _printfi.c.obj (.text:_pconv_f)
                  0000261e    00000054                                   : _ltoa.c.obj (.text:__TI_ltoa)
                  00002672    00000052                                   : _printfi.c.obj (.text:_ecpy)
                  000026c4    0000004c                                   : atoi.c.obj (.text:atoi)
                  00002710    00000048                                   : fd_toi_t2.asm.obj (.text)
                  00002758    00000044                                   : autoinit.c.obj (.text:__TI_auto_init_nobinit_nopinit:__TI_auto_init_nobinit_nopinit)
                  0000279c    00000044                                   : fd_tou_t2.asm.obj (.text)
                  000027e0    00000040                                   : sprintf.c.obj (.text:sprintf)
                  00002820    00000040                                   : vsnprintf.c.obj (.text:vsnprintf)
                  00002860    0000003e                                   : _printfi.c.obj (.text:_fcpy)
                  0000289e    00000002     --HOLE-- [fill = 0]
                  000028a0    00000034     driverlib.lib : interrupt.obj (.text:IntRegister)
                  000028d4    00000034     rtsv7M4_T_le_v4SPD16_eabi.lib : boot_cortex_m.c.obj (.text:_c_int00_noargs:_c_int00_noargs)
                  00002908    00000030                                   : vsnprintf.c.obj (.text:_outs)
                  00002938    0000002e                                   : i_tofd_t2.asm.obj (.text)
                  00002966    00000020                                   : u_tofd_t2.asm.obj (.text)
                  00002986    0000001c                                   : copy_zero_init.c.obj (.text:decompress:ZI:__TI_zero_init_nomemset:__TI_zero_init_nomemset)
                  000029a2    0000001c     lab9_template.obj (.text)
                  000029be    0000001c     rtsv7M4_T_le_v4SPD16_eabi.lib : memccpy.c.obj (.text:memccpy)
                  000029da    0000001a                                   : s_copysign.c.obj (.text:copysign)
                  000029f4    00000018                                   : vsnprintf.c.obj (.text:_outc)
                  00002a0c    00000018                                   : sprintf.c.obj (.text:_outs)
                  00002a24    00000018                                   : strcmp.c.obj (.text:strcmp)
                  00002a3c    00000016                                   : strchr.c.obj (.text:strchr)
                  00002a52    00000014                                   : strcpy.c.obj (.text:strcpy)
                  00002a66    00000014                                   : strlen.c.obj (.text:strlen)
                  00002a7a    00000012                                   : wcslen.c.obj (.text:wcslen)
                  00002a8c    00000010     driverlib.lib : interrupt.obj (.text:IntMasterEnable)
                  00002a9c    00000010     lcd.obj (.text:lcd_clear)
                  00002aac    0000000e     rtsv7M4_T_le_v4SPD16_eabi.lib : copy_decompress_none.c.obj (.text:decompress:none:__TI_decompress_none)
                  00002aba    0000000c     driverlib.lib : cpu.obj (.text:CPUcpsie)
                  00002ac6    0000000c     tm4c123gh6pm_startup_ccs.obj (.text)
                  00002ad2    0000000a     rtsv7M4_T_le_v4SPD16_eabi.lib : sprintf.c.obj (.text:_outc)
                  00002adc    00000008                                   : errno.c.obj (.text:__aeabi_errno_addr)
                  00002ae4    00000004                                   : pre_init.c.obj (.text:_system_pre_init)
                  00002ae8    00000004                                   : exit.c.obj (.text:abort:abort)

.const     0    00002aec    00000109     
                  00002aec    00000101     rtsv7M4_T_le_v4SPD16_eabi.lib : ctype.c.obj (.const:.string:_ctypes_)
                  00002bed    00000004     lcd.obj (.const:.string:lineAddress$1)
                  00002bf1    00000004     lcd.obj (.const:.string:lineAddresses$2)

.cinit     0    00002bf8    00000048     
                  00002bf8    00000011     (.cinit..data.load) [load image, compression = lzss]
                  00002c09    00000003     --HOLE-- [fill = 0]
                  00002c0c    0000000c     (__TI_handler_table)
                  00002c18    00000008     (.cinit..bss.load) [load image, compression = zero_init]
                  00002c20    00000008     (.cinit..vtable.load) [load image, compression = zero_init]
                  00002c28    00000018     (__TI_cinit_table)

.init_array 
*          0    00000000    00000000     UNINITIALIZED

.vtable    0    20000000    0000026c     UNINITIALIZED
                  20000000    0000026c     driverlib.lib : interrupt.obj (.vtable)

.bss       0    20001270    00000058     UNINITIALIZED
                  20001270    00000054     lcd.obj (.bss:lastbuffer$3)
                  200012c4    00000004     (.common:_timeout_ticks)

.data      0    200012c8    00000015     UNINITIALIZED
                  200012c8    00000010     ping.obj (.data)
                  200012d8    00000004     rtsv7M4_T_le_v4SPD16_eabi.lib : errno.c.obj (.data)
                  200012dc    00000001     Timer.obj (.data)

.stack     0    20000270    00001000     UNINITIALIZED
                  20000270    00000004     rtsv7M4_T_le_v4SPD16_eabi.lib : boot_cortex_m.c.obj (.stack)
                  20000274    00000ffc     --HOLE--

__llvm_prf_cnts 
*          0    20000000    00000000     UNINITIALIZED

MODULE SUMMARY

       Module                         code    ro data   rw data
       ------                         ----    -------   -------
    .\
       lcd.obj                        824     8         84     
       ping.obj                       860     0         16     
       tm4c123gh6pm_startup_ccs.obj   12      620       0      
       Timer.obj                      584     0         5      
       lab9_template.obj              28      0         0      
    +--+------------------------------+-------+---------+---------+
       Total:                         2308    628       105    
                                                               
    C:/ti/TivaWare_C_Series-2.2.0.295/driverlib/ccs/Debug/driverlib.lib
       interrupt.obj                  68      0         620    
       cpu.obj                        12      0         0      
    +--+------------------------------+-------+---------+---------+
       Total:                         80      0         620    
                                                               
    C:\ti\ccs1230\ccs\tools\compiler\ti-cgt-arm_20.2.7.LTS\lib\rtsv7M4_T_le_v4SPD16_eabi.lib
       _printfi.c.obj                 4851    0         0      
       fd_add_t2.asm.obj              438     0         0      
       fd_div_t2.asm.obj              310     0         0      
       s_scalbn.c.obj                 272     0         0      
       fd_cmp_t2.asm.obj              268     0         0      
       ctype.c.obj                    0       257       0      
       fd_mul_t2.asm.obj              252     0         0      
       memcpy_t2.asm.obj              156     0         0      
       ull_div_t2.asm.obj             150     0         0      
       vsnprintf.c.obj                136     0         0      
       memset_t2.asm.obj              122     0         0      
       copy_decompress_lzss.c.obj     104     0         0      
       s_frexp.c.obj                  100     0         0      
       sprintf.c.obj                  98      0         0      
       _ltoa.c.obj                    84      0         0      
       atoi.c.obj                     76      0         0      
       fd_toi_t2.asm.obj              72      0         0      
       autoinit.c.obj                 68      0         0      
       fd_tou_t2.asm.obj              68      0         0      
       boot_cortex_m.c.obj            52      0         0      
       i_tofd_t2.asm.obj              46      0         0      
       u_tofd_t2.asm.obj              32      0         0      
       copy_zero_init.c.obj           28      0         0      
       memccpy.c.obj                  28      0         0      
       s_copysign.c.obj               26      0         0      
       strcmp.c.obj                   24      0         0      
       strchr.c.obj                   22      0         0      
       strcpy.c.obj                   20      0         0      
       strlen.c.obj                   20      0         0      
       wcslen.c.obj                   18      0         0      
       copy_decompress_none.c.obj     14      0         0      
       errno.c.obj                    8       0         4      
       exit.c.obj                     4       0         0      
       pre_init.c.obj                 4       0         0      
       div0.asm.obj                   2       0         0      
    +--+------------------------------+-------+---------+---------+
       Total:                         7973    257       4      
                                                               
       Stack:                         0       0         4096   
       Linker Generated:              0       69        0      
    +--+------------------------------+-------+---------+---------+
       Grand Total:                   10361   954       4825   


LINKER GENERATED COPY TABLES

__TI_cinit_table @ 00002c28 records: 3, size/record: 8, table size: 24
	.data: load addr=00002bf8, load size=00000011 bytes, run addr=200012c8, run size=00000015 bytes, compression=lzss
	.bss: load addr=00002c18, load size=00000008 bytes, run addr=20001270, run size=00000058 bytes, compression=zero_init
	.vtable: load addr=00002c20, load size=00000008 bytes, run addr=20000000, run size=0000026c bytes, compression=zero_init


LINKER GENERATED HANDLER TABLE

__TI_handler_table @ 00002c0c records: 3, size/record: 4, table size: 12
	index: 0, handler: __TI_zero_init
	index: 1, handler: __TI_decompress_lzss
	index: 2, handler: __TI_decompress_none


GLOBAL SYMBOLS: SORTED ALPHABETICALLY BY Name 

address   name                          
-------   ----                          
00002ae9  C$$EXIT                       
00002abb  CPUcpsie                      
200012cc  END_TIME                      
00002a8d  IntMasterEnable               
000028a1  IntRegister                   
00002ac7  ResetISR                      
200012c8  START_TIME                    
200012d0  STATE                         
00000e2f  TIMER3B_Handler               
20001270  __STACK_END                   
00001000  __STACK_SIZE                  
20000470  __STACK_TOP                   
00002c28  __TI_CINIT_Base               
00002c40  __TI_CINIT_Limit              
00002c0c  __TI_Handler_Table_Base       
00002c18  __TI_Handler_Table_Limit      
00002759  __TI_auto_init_nobinit_nopinit
000024fd  __TI_decompress_lzss          
00002aad  __TI_decompress_none          
0000261f  __TI_ltoa                     
ffffffff  __TI_pprof_out_hndl           
0000026d  __TI_printfi                  
ffffffff  __TI_prof_data_size           
ffffffff  __TI_prof_data_start          
00000000  __TI_static_base__            
00002987  __TI_zero_init_nomemset       
00002309  __aeabi_cdcmpeq               
00002309  __aeabi_cdcmple               
0000238f  __aeabi_cdrcmple              
00002711  __aeabi_d2iz                  
0000279d  __aeabi_d2uiz                 
000019d3  __aeabi_dadd                  
00001cbd  __aeabi_ddiv                  
00002029  __aeabi_dmul                  
000019c9  __aeabi_dsub                  
00002add  __aeabi_errno_addr            
00002939  __aeabi_i2d                   
00000cbb  __aeabi_idiv0                 
00000cbb  __aeabi_ldiv0                 
00002415  __aeabi_memclr                
00002415  __aeabi_memclr4               
00002415  __aeabi_memclr8               
000021d7  __aeabi_memcpy                
000021d7  __aeabi_memcpy4               
000021d7  __aeabi_memcpy8               
00002417  __aeabi_memset                
00002417  __aeabi_memset4               
00002417  __aeabi_memset8               
00002967  __aeabi_ui2d                  
00002273  __aeabi_uldivmod              
ffffffff  __binit__                     
ffffffff  __c_args__                    
UNDEFED   __mpu_init                    
20000270  __stack                       
20000000  __start___llvm_prf_cnts       
20000000  __stop___llvm_prf_cnts        
000028d5  _c_int00_noargs               
00002aec  _ctypes_                      
200012dc  _running                      
UNDEFED   _system_post_cinit            
00002ae5  _system_pre_init              
200012c4  _timeout_ticks                
00002ae9  abort                         
000026c5  atoi                          
ffffffff  binit                         
000029db  copysign                      
000029db  copysignl                     
200012d4  count                         
200012d8  errno                         
00002565  frexp                         
00002565  frexpl                        
20000000  g_pfnRAMVectors               
00000000  g_pfnVectors                  
00002a9d  lcd_clear                     
000011ed  lcd_gotoLine                  
00001055  lcd_init                      
00001253  lcd_printf                    
00001115  lcd_putc                      
0000114d  lcd_puts                      
00001019  lcd_reverseNibble             
0000116b  lcd_sendCommand               
000011a9  lcd_sendNibble                
00001215  lcd_setCursorPos              
00001f19  ldexp                         
00001f19  ldexpl                        
000029a3  main                          
000029bf  memccpy                       
000021d7  memcpy                        
0000241d  memset                        
00000e6f  ping_getDistance              
00000f15  ping_getPulseWidth            
00000cbd  ping_init                     
00000d9f  ping_trigger                  
00001f19  scalbn                        
00001f19  scalbnl                       
000027e1  sprintf                       
00002a3d  strchr                        
00002a25  strcmp                        
00002a53  strcpy                        
00002a67  strlen                        
000016cf  timer_getMicros               
00001677  timer_getMillis               
000015b1  timer_init                    
00001653  timer_pause                   
00001665  timer_resume                  
00001629  timer_stop                    
00001729  timer_waitMicros              
0000175b  timer_waitMillis              
00002821  vsnprintf                     
00002a7b  wcslen                        


GLOBAL SYMBOLS: SORTED BY Symbol Address 

address   name                          
-------   ----                          
00000000  __TI_static_base__            
00000000  g_pfnVectors                  
0000026d  __TI_printfi                  
00000cbb  __aeabi_idiv0                 
00000cbb  __aeabi_ldiv0                 
00000cbd  ping_init                     
00000d9f  ping_trigger                  
00000e2f  TIMER3B_Handler               
00000e6f  ping_getDistance              
00000f15  ping_getPulseWidth            
00001000  __STACK_SIZE                  
00001019  lcd_reverseNibble             
00001055  lcd_init                      
00001115  lcd_putc                      
0000114d  lcd_puts                      
0000116b  lcd_sendCommand               
000011a9  lcd_sendNibble                
000011ed  lcd_gotoLine                  
00001215  lcd_setCursorPos              
00001253  lcd_printf                    
000015b1  timer_init                    
00001629  timer_stop                    
00001653  timer_pause                   
00001665  timer_resume                  
00001677  timer_getMillis               
000016cf  timer_getMicros               
00001729  timer_waitMicros              
0000175b  timer_waitMillis              
000019c9  __aeabi_dsub                  
000019d3  __aeabi_dadd                  
00001cbd  __aeabi_ddiv                  
00001f19  ldexp                         
00001f19  ldexpl                        
00001f19  scalbn                        
00001f19  scalbnl                       
00002029  __aeabi_dmul                  
000021d7  __aeabi_memcpy                
000021d7  __aeabi_memcpy4               
000021d7  __aeabi_memcpy8               
000021d7  memcpy                        
00002273  __aeabi_uldivmod              
00002309  __aeabi_cdcmpeq               
00002309  __aeabi_cdcmple               
0000238f  __aeabi_cdrcmple              
00002415  __aeabi_memclr                
00002415  __aeabi_memclr4               
00002415  __aeabi_memclr8               
00002417  __aeabi_memset                
00002417  __aeabi_memset4               
00002417  __aeabi_memset8               
0000241d  memset                        
000024fd  __TI_decompress_lzss          
00002565  frexp                         
00002565  frexpl                        
0000261f  __TI_ltoa                     
000026c5  atoi                          
00002711  __aeabi_d2iz                  
00002759  __TI_auto_init_nobinit_nopinit
0000279d  __aeabi_d2uiz                 
000027e1  sprintf                       
00002821  vsnprintf                     
000028a1  IntRegister                   
000028d5  _c_int00_noargs               
00002939  __aeabi_i2d                   
00002967  __aeabi_ui2d                  
00002987  __TI_zero_init_nomemset       
000029a3  main                          
000029bf  memccpy                       
000029db  copysign                      
000029db  copysignl                     
00002a25  strcmp                        
00002a3d  strchr                        
00002a53  strcpy                        
00002a67  strlen                        
00002a7b  wcslen                        
00002a8d  IntMasterEnable               
00002a9d  lcd_clear                     
00002aad  __TI_decompress_none          
00002abb  CPUcpsie                      
00002ac7  ResetISR                      
00002add  __aeabi_errno_addr            
00002ae5  _system_pre_init              
00002ae9  C$$EXIT                       
00002ae9  abort                         
00002aec  _ctypes_                      
00002c0c  __TI_Handler_Table_Base       
00002c18  __TI_Handler_Table_Limit      
00002c28  __TI_CINIT_Base               
00002c40  __TI_CINIT_Limit              
20000000  __start___llvm_prf_cnts       
20000000  __stop___llvm_prf_cnts        
20000000  g_pfnRAMVectors               
20000270  __stack                       
20000470  __STACK_TOP                   
20001270  __STACK_END                   
200012c4  _timeout_ticks                
200012c8  START_TIME                    
200012cc  END_TIME                      
200012d0  STATE                         
200012d4  count                         
200012d8  errno                         
200012dc  _running                      
ffffffff  __TI_pprof_out_hndl           
ffffffff  __TI_prof_data_size           
ffffffff  __TI_prof_data_start          
ffffffff  __binit__                     
ffffffff  __c_args__                    
ffffffff  binit                         
UNDEFED   __mpu_init                    
UNDEFED   _system_post_cinit            

[110 symbols]
